******************************************************************************
                  TI ARM Linker PC v20.2.5                     
******************************************************************************
>> Linked Thu Dec  2 22:26:20 2021

OUTPUT FILE NAME:   <i2c_master_rw_repeated_start-master_code_MSP_EXP432P401R_nortos_ccs.out>
ENTRY POINT SYMBOL: "_c_int00_noargs"  address: 00004b29


MEMORY CONFIGURATION

         name            origin    length      used     unused   attr    fill
----------------------  --------  ---------  --------  --------  ----  --------
  MAIN                  00000000   00040000  000050b4  0003af4c  R  X
  INFO                  00200000   00004000  00000000  00004000  R  X
  SRAM_CODE             01000000   00010000  00000e23  0000f1dd  RW X
  SRAM_DATA             20000000   00010000  00000e23  0000f1dd  RW  


SEGMENT ALLOCATION MAP

run origin  load origin   length   init length attrs members
----------  ----------- ---------- ----------- ----- -------
00000000    00000000    000050b8   000050b8    r-x
  00000000    00000000    000000e4   000000e4    r-- .intvecs
  000000e4    000000e4    00004cd0   00004cd0    r-x .text
  00004db8    00004db8    00000270   00000270    r-- .const
  00005028    00005028    00000090   00000090    r-- .cinit
20000000    20000000    00000c25   00000000    rw-
  20000000    20000000    00000800   00000000    rw- .sysmem
  20000800    20000800    0000023a   00000000    rw- .bss
  20000a3c    20000a3c    000001e9   00000000    rw- .data
2000fe00    2000fe00    00000200   00000000    rw-
  2000fe00    2000fe00    00000200   00000000    rw- .stack


SECTION ALLOCATION MAP

 output                                  attributes/
section   page    origin      length       input sections
--------  ----  ----------  ----------   ----------------
.intvecs   0    00000000    000000e4     
                  00000000    000000e4     startup_msp432p401r_ccs.obj (.intvecs:retain)

.text      0    000000e4    00004cd0     
                  000000e4    00000a4e     rtsv7M4_T_le_v4SPD16_eabi.lib : _printfi.c.obj (.text:__TI_printfi)
                  00000b32    00000002     startup_msp432p401r_ccs.obj (.text:Default_Handler)
                  00000b34    00000738     rtsv7M4_T_le_v4SPD16_eabi.lib : k_rem_pio2.c.obj (.text:__kernel_rem_pio2)
                  0000126c    000005e0                                   : s_sin.c.obj (.text:sin)
                  0000184c    00000548     mpu.obj (.text:process_raw_values)
                  00001d94    000003d4     rtsv7M4_T_le_v4SPD16_eabi.lib : e_asin.c.obj (.text:asin)
                  00002168    00000270                                   : _printfi.c.obj (.text:_pconv_a)
                  000023d8    000001d0                                   : _printfi.c.obj (.text:_pconv_g)
                  000025a8    000001b6                                   : fd_add_t2.asm.obj (.text)
                  0000275e    00000002                                   : _lock.c.obj (.text:_nop)
                  00002760    00000174                                   : k_sin.c.obj (.text:__kernel_sin)
                  000028d4    00000170                                   : k_cos.c.obj (.text:__kernel_cos)
                  00002a44    00000160     mpu.obj (.text:MPU6050_Reset)
                  00002ba4    00000158     mpu.obj (.text:MPU6050_ReadData)
                  00002cfc    00000158     rtsv7M4_T_le_v4SPD16_eabi.lib : e_sqrt.c.obj (.text:sqrt)
                  00002e54    0000013c                                   : _printfi.c.obj (.text:_pconv_e)
                  00002f90    00000136                                   : fd_div_t2.asm.obj (.text)
                  000030c6    00000002                                   : div0.asm.obj (.text)
                  000030c8    00000124                                   : _printfi.c.obj (.text:fcvt)
                  000031ec    00000114                                   : fputs.c.obj (.text:fputs)
                  00003300    00000110                                   : s_scalbn.c.obj (.text:scalbn)
                  00003410    00000100                                   : memory.c.obj (.text:aligned_alloc)
                  00003510    000000fc                                   : fd_mul_t2.asm.obj (.text)
                  0000360c    000000f8                                   : s_floor.c.obj (.text:floor)
                  00003704    000000f4     mpu.obj (.text:mpu6050)
                  000037f8    000000e4     rtsv7M4_T_le_v4SPD16_eabi.lib : memory.c.obj (.text:free)
                  000038dc    000000dc                                   : setvbuf.c.obj (.text:setvbuf)
                  000039b8    000000d8     i2c_master_rw_repeated_start-master_code.obj (.text:EUSCIB1_IRQHandler)
                  00003a90    000000b1     rtsv7M4_T_le_v4SPD16_eabi.lib : _printfi.c.obj (.text:_ltostr)
                  00003b41    00000001     --HOLE-- [fill = 0]
                  00003b42    0000009c                                   : memcpy_t2.asm.obj (.text)
                  00003bde    00000096                                   : ull_div_t2.asm.obj (.text)
                  00003c74    00000094     i2c_master_rw_repeated_start-master_code.obj (.text:main)
                  00003d08    0000008c     rtsv7M4_T_le_v4SPD16_eabi.lib : fputc.c.obj (.text:fputc)
                  00003d94    00000086                                   : fd_cmp_t2.asm.obj (.text:__aeabi_cdcmple)
                  00003e1a    00000086                                   : fd_cmp_t2.asm.obj (.text:__aeabi_cdrcmple)
                  00003ea0    0000007a                                   : memset_t2.asm.obj (.text)
                  00003f1a    00000002     --HOLE-- [fill = 0]
                  00003f1c    00000078     system_msp432p401r.obj (.text:SystemInit)
                  00003f94    00000074     rtsv7M4_T_le_v4SPD16_eabi.lib : fclose.c.obj (.text:__TI_closefile)
                  00004008    00000070                                   : memory.c.obj (.text:split)
                  00004078    0000006e                                   : _printfi.c.obj (.text:_mcpy)
                  000040e6    0000006e                                   : fd_tos_t2.asm.obj (.text)
                  00004154    0000006c                                   : hostrename.c.obj (.text:HOSTrename)
                  000041c0    0000006c     msp432p4xx_driverlib.lib : i2c.o (.text:I2C_masterSendMultiByteFinish)
                  0000422c    00000068     rtsv7M4_T_le_v4SPD16_eabi.lib : hostlseek.c.obj (.text:HOSTlseek)
                  00004294    00000068     msp432p4xx_driverlib.lib : i2c.o (.text:I2C_masterSendMultiByteStart)
                  000042fc    00000068     rtsv7M4_T_le_v4SPD16_eabi.lib : copy_decompress_lzss.c.obj (.text:decompress:lzss:__TI_decompress_lzss)
                  00004364    00000068                                   : printf.c.obj (.text:printf)
                  000043cc    00000064                                   : s_frexp.c.obj (.text:frexp)
                  00004430    00000064                                   : fseek.c.obj (.text:fseek)
                  00004494    00000062                                   : _io_perm.c.obj (.text:__TI_wrt_ok)
                  000044f6    00000002     --HOLE-- [fill = 0]
                  000044f8    00000060                                   : hostopen.c.obj (.text:HOSTopen)
                  00004558    0000005c                                   : close.c.obj (.text:close)
                  000045b4    00000058                                   : hostread.c.obj (.text:HOSTread)
                  0000460c    00000058                                   : hostwrite.c.obj (.text:HOSTwrite)
                  00004664    00000056                                   : _printfi.c.obj (.text:_pconv_f)
                  000046ba    00000054                                   : _ltoa.c.obj (.text:__TI_ltoa)
                  0000470e    00000052                                   : _printfi.c.obj (.text:_ecpy)
                  00004760    0000004c                                   : fflush.c.obj (.text:__TI_doflush)
                  000047ac    0000004c                                   : atoi.c.obj (.text:atoi)
                  000047f8    00000048                                   : exit.c.obj (.text:exit)
                  00004840    00000048                                   : fd_toi_t2.asm.obj (.text)
                  00004888    00000044                                   : hostclose.c.obj (.text:HOSTclose)
                  000048cc    00000044                                   : hostunlink.c.obj (.text:HOSTunlink)
                  00004910    00000044                                   : autoinit.c.obj (.text:__TI_auto_init_nobinit_nopinit:__TI_auto_init_nobinit_nopinit)
                  00004954    00000044                                   : getdevice.c.obj (.text:getdevice)
                  00004998    00000040                                   : sprintf.c.obj (.text:sprintf)
                  000049d8    0000003e                                   : _printfi.c.obj (.text:_fcpy)
                  00004a16    00000002     --HOLE-- [fill = 0]
                  00004a18    00000038                                   : trgmsg.c.obj (.text:__TI_writemsg)
                  00004a50    00000038                                   : fs_tod_t2.asm.obj (.text)
                  00004a88    00000036                                   : strncpy.c.obj (.text:strncpy)
                  00004abe    00000002     --HOLE-- [fill = 0]
                  00004ac0    00000034                                   : fopen.c.obj (.text:__TI_cleanup)
                  00004af4    00000034                                   : trgmsg.c.obj (.text:__TI_readmsg)
                  00004b28    00000034                                   : boot_cortex_m.c.obj (.text:_c_int00_noargs:_c_int00_noargs)
                  00004b5c    00000030                                   : getdevice.c.obj (.text:finddevice)
                  00004b8c    0000002e                                   : i_tofd_t2.asm.obj (.text)
                  00004bba    00000002     --HOLE-- [fill = 0]
                  00004bbc    0000002c                                   : unlink.c.obj (.text:unlink)
                  00004be8    00000028                                   : memory.c.obj (.text:free_list_insert)
                  00004c10    00000028                                   : lseek.c.obj (.text:lseek)
                  00004c38    00000028                                   : write.c.obj (.text:write)
                  00004c60    00000020                                   : memchr.c.obj (.text:memchr)
                  00004c80    0000001c                                   : copy_zero_init.c.obj (.text:decompress:ZI:__TI_zero_init_nomemset:__TI_zero_init_nomemset)
                  00004c9c    0000001c                                   : memory.c.obj (.text:free_list_remove)
                  00004cb8    0000001c                                   : memccpy.c.obj (.text:memccpy)
                  00004cd4    0000001a                                   : s_copysign.c.obj (.text:copysign)
                  00004cee    00000018                                   : sprintf.c.obj (.text:_outs)
                  00004d06    00000018                                   : strcmp.c.obj (.text:strcmp)
                  00004d1e    00000016                                   : strchr.c.obj (.text:strchr)
                  00004d34    00000014                                   : strcpy.c.obj (.text:strcpy)
                  00004d48    00000014                                   : strlen.c.obj (.text:strlen)
                  00004d5c    00000012                                   : wcslen.c.obj (.text:wcslen)
                  00004d6e    0000000e                                   : copy_decompress_none.c.obj (.text:decompress:none:__TI_decompress_none)
                  00004d7c    0000000c     startup_msp432p401r_ccs.obj (.text:Reset_Handler)
                  00004d88    0000000a     rtsv7M4_T_le_v4SPD16_eabi.lib : sprintf.c.obj (.text:_outc)
                  00004d92    00000002     --HOLE-- [fill = 0]
                  00004d94    00000008                                   : errno.c.obj (.text:__aeabi_errno_addr)
                  00004d9c    00000008                                   : memory.c.obj (.text:malloc)
                  00004da4    00000004                                   : printf.c.obj (.text:_outc)
                  00004da8    00000004                                   : printf.c.obj (.text:_outs)
                  00004dac    00000004                                   : pre_init.c.obj (.text:_system_pre_init)
                  00004db0    00000004                                   : exit.c.obj (.text:abort:abort)

.const     0    00004db8    00000270     
                  00004db8    00000158     rtsv7M4_T_le_v4SPD16_eabi.lib : k_rem_pio2.c.obj (.const:$O1$$)
                  00004f10    00000101                                   : ctype.c.obj (.const:.string:_ctypes_)
                  00005011    00000002     mpu.obj (.const:.string:$P$T0$1)
                  00005013    00000001     --HOLE-- [fill = 0]
                  00005014    00000014     i2c_master_rw_repeated_start-master_code.obj (.const:i2cConfig)

.cinit     0    00005028    00000090     
                  00005028    0000006b     (.cinit..data.load) [load image, compression = lzss]
                  00005093    00000001     --HOLE-- [fill = 0]
                  00005094    0000000c     (__TI_handler_table)
                  000050a0    00000008     (.cinit..bss.load) [load image, compression = zero_init]
                  000050a8    00000010     (__TI_cinit_table)

.init_array 
*          0    00000000    00000000     UNINITIALIZED

.binit     0    00000000    00000000     

.sysmem    0    20000000    00000800     UNINITIALIZED
                  20000000    00000010     rtsv7M4_T_le_v4SPD16_eabi.lib : memory.c.obj (.sysmem)
                  20000010    000007f0     --HOLE--

.bss       0    20000800    0000023a     UNINITIALIZED
                  20000800    00000120     rtsv7M4_T_le_v4SPD16_eabi.lib : trgmsg.c.obj (.bss:_CIOBUF_)
                  20000920    000000a0     (.common:__TI_tmpnams)
                  200009c0    0000000c     mpu.obj (.bss:gAccelero_t)
                  200009cc    00000008     (.common:RXData)
                  200009d4    00000008     (.common:accelerometer)
                  200009dc    00000008     (.common:gyro)
                  200009e4    00000008     (.common:parmbuf)
                  200009ec    00000004     (.common:acc_total_vector)
                  200009f0    00000004     (.common:acc_x)
                  200009f4    00000004     (.common:acc_y)
                  200009f8    00000004     (.common:acc_z)
                  200009fc    00000004     (.common:angle_pitch)
                  20000a00    00000004     (.common:angle_pitch_acc)
                  20000a04    00000004     (.common:angle_pitch_output)
                  20000a08    00000004     (.common:angle_roll)
                  20000a0c    00000004     (.common:angle_roll_acc)
                  20000a10    00000004     (.common:angle_roll_output)
                  20000a14    00000004     (.common:angle_yaw)
                  20000a18    00000004     (.common:angle_yaw_acc)
                  20000a1c    00000004     (.common:gyro_x)
                  20000a20    00000004     (.common:gyro_x_cal)
                  20000a24    00000004     (.common:gyro_y)
                  20000a28    00000004     (.common:gyro_y_cal)
                  20000a2c    00000004     (.common:gyro_z)
                  20000a30    00000004     (.common:gyro_z_cal)
                  20000a34    00000002     (.common:temp)
                  20000a36    00000001     i2c_master_rw_repeated_start-master_code.obj (.bss)
                  20000a37    00000001     (.common:angle_pitch_int)
                  20000a38    00000001     (.common:read_idx)
                  20000a39    00000001     (.common:set_gyro_angles)

.data      0    20000a3c    000001e9     UNINITIALIZED
                  20000a3c    000000f0     rtsv7M4_T_le_v4SPD16_eabi.lib : defs.c.obj (.data:_ftable)
                  20000b2c    00000078                                   : host_device.c.obj (.data:_device)
                  20000ba4    00000050                                   : host_device.c.obj (.data:_stream)
                  20000bf4    00000010                                   : defs.c.obj (.data)
                  20000c04    0000000c                                   : exit.c.obj (.data:$O1$$)
                  20000c10    00000008                                   : _lock.c.obj (.data:$O1$$)
                  20000c18    00000008                                   : memory.c.obj (.data:$O1$$)
                  20000c20    00000004                                   : errno.c.obj (.data)
                  20000c24    00000001     i2c_master_rw_repeated_start-master_code.obj (.data)

.stack     0    2000fe00    00000200     UNINITIALIZED
                  2000fe00    00000004     rtsv7M4_T_le_v4SPD16_eabi.lib : boot_cortex_m.c.obj (.stack)
                  2000fe04    000001fc     --HOLE--

__llvm_prf_cnts 
*          0    20000000    00000000     UNINITIALIZED

MODULE SUMMARY

       Module                                         code    ro data   rw data
       ------                                         ----    -------   -------
    .\
       mpu.obj                                        2292    2         210    
       i2c_master_rw_repeated_start-master_code.obj   364     20        20     
       system_msp432p401r.obj                         120     0         0      
    +--+----------------------------------------------+-------+---------+---------+
       Total:                                         2776    22        230    
                                                                               
    .\ccs\
       startup_msp432p401r_ccs.obj                    14      228       0      
    +--+----------------------------------------------+-------+---------+---------+
       Total:                                         14      228       0      
                                                                               
    C:/ti/simplelink_msp432p4_sdk_3_40_01_02/source/ti/devices/msp432p4xx/driverlib/ccs/msp432p4xx_driverlib.lib
       i2c.o                                          212     0         0      
    +--+----------------------------------------------+-------+---------+---------+
       Total:                                         212     0         0      
                                                                               
    C:\ti\ccs1040\ccs\tools\compiler\ti-cgt-arm_20.2.5.LTS\lib\rtsv7M4_T_le_v4SPD16_eabi.lib
       _printfi.c.obj                                 4851    0         0      
       k_rem_pio2.c.obj                               1848    344       0      
       s_sin.c.obj                                    1504    0         0      
       e_asin.c.obj                                   980     0         0      
       defs.c.obj                                     0       0         832    
       memory.c.obj                                   672     0         16     
       trgmsg.c.obj                                   108     0         576    
       fd_add_t2.asm.obj                              438     0         0      
       host_device.c.obj                              0       0         400    
       k_sin.c.obj                                    372     0         0      
       k_cos.c.obj                                    368     0         0      
       e_sqrt.c.obj                                   344     0         0      
       fd_div_t2.asm.obj                              310     0         0      
       fputs.c.obj                                    276     0         0      
       s_scalbn.c.obj                                 272     0         0      
       fd_cmp_t2.asm.obj                              268     0         0      
       ctype.c.obj                                    0       257       0      
       fd_mul_t2.asm.obj                              252     0         0      
       s_floor.c.obj                                  248     0         0      
       setvbuf.c.obj                                  220     0         0      
       memcpy_t2.asm.obj                              156     0         0      
       ull_div_t2.asm.obj                             150     0         0      
       fputc.c.obj                                    140     0         0      
       memset_t2.asm.obj                              122     0         0      
       fclose.c.obj                                   116     0         0      
       getdevice.c.obj                                116     0         0      
       hostopen.c.obj                                 96      0         16     
       printf.c.obj                                   112     0         0      
       fd_tos_t2.asm.obj                              110     0         0      
       hostrename.c.obj                               108     0         0      
       copy_decompress_lzss.c.obj                     104     0         0      
       hostlseek.c.obj                                104     0         0      
       exit.c.obj                                     76      0         24     
       fseek.c.obj                                    100     0         0      
       s_frexp.c.obj                                  100     0         0      
       _io_perm.c.obj                                 98      0         0      
       sprintf.c.obj                                  98      0         0      
       close.c.obj                                    92      0         0      
       hostread.c.obj                                 88      0         0      
       hostwrite.c.obj                                88      0         0      
       _ltoa.c.obj                                    84      0         0      
       atoi.c.obj                                     76      0         0      
       fflush.c.obj                                   76      0         0      
       fd_toi_t2.asm.obj                              72      0         0      
       autoinit.c.obj                                 68      0         0      
       hostclose.c.obj                                68      0         0      
       hostunlink.c.obj                               68      0         0      
       fs_tod_t2.asm.obj                              56      0         0      
       strncpy.c.obj                                  54      0         0      
       boot_cortex_m.c.obj                            52      0         0      
       fopen.c.obj                                    52      0         0      
       i_tofd_t2.asm.obj                              46      0         0      
       unlink.c.obj                                   44      0         0      
       lseek.c.obj                                    40      0         0      
       write.c.obj                                    40      0         0      
       memchr.c.obj                                   32      0         0      
       copy_zero_init.c.obj                           28      0         0      
       memccpy.c.obj                                  28      0         0      
       s_copysign.c.obj                               26      0         0      
       strcmp.c.obj                                   24      0         0      
       strchr.c.obj                                   22      0         0      
       strcpy.c.obj                                   20      0         0      
       strlen.c.obj                                   20      0         0      
       _lock.c.obj                                    2       0         16     
       wcslen.c.obj                                   18      0         0      
       errno.c.obj                                    8       0         8      
       copy_decompress_none.c.obj                     14      0         0      
       pre_init.c.obj                                 4       0         0      
       div0.asm.obj                                   2       0         0      
    +--+----------------------------------------------+-------+---------+---------+
       Total:                                         16649   601       1888   
                                                                               
       Heap:                                          0       0         4096   
       Stack:                                         0       0         1024   
       Linker Generated:                              0       143       0      
    +--+----------------------------------------------+-------+---------+---------+
       Grand Total:                                   19651   994       7238   


LINKER GENERATED COPY TABLES

__TI_cinit_table @ 000050a8 records: 2, size/record: 8, table size: 16
	.data: load addr=00005028, load size=0000006b bytes, run addr=20000a3c, run size=000001e9 bytes, compression=lzss
	.bss: load addr=000050a0, load size=00000008 bytes, run addr=20000800, run size=0000023a bytes, compression=zero_init


LINKER GENERATED HANDLER TABLE

__TI_handler_table @ 00005094 records: 3, size/record: 4, table size: 12
	index: 0, handler: __TI_decompress_lzss
	index: 1, handler: __TI_decompress_none
	index: 2, handler: __TI_zero_init


GLOBAL SYMBOLS: SORTED ALPHABETICALLY BY Name 

address   name                           
-------   ----                           
00000b33  ADC14_IRQHandler               
00000b33  AES256_IRQHandler              
00000b33  BusFault_Handler               
00004db1  C$$EXIT                        
00004a47  C$$IO$$                        
00000b33  COMP_E0_IRQHandler             
00000b33  COMP_E1_IRQHandler             
00000b33  CS_IRQHandler                  
00000b33  DMA_ERR_IRQHandler             
00000b33  DMA_INT0_IRQHandler            
00000b33  DMA_INT1_IRQHandler            
00000b33  DMA_INT2_IRQHandler            
00000b33  DMA_INT3_IRQHandler            
00000b33  DebugMon_Handler               
00000b33  Default_Handler                
00000b33  EUSCIA0_IRQHandler             
00000b33  EUSCIA1_IRQHandler             
00000b33  EUSCIA2_IRQHandler             
00000b33  EUSCIA3_IRQHandler             
00000b33  EUSCIB0_IRQHandler             
000039b9  EUSCIB1_IRQHandler             
000039b9  EUSCIB1_IRQHandler             
00000b33  EUSCIB2_IRQHandler             
00000b33  EUSCIB3_IRQHandler             
00000b33  FLCTL_IRQHandler               
00000b33  FPU_IRQHandler                 
00004889  HOSTclose                      
0000422d  HOSTlseek                      
000044f9  HOSTopen                       
000045b5  HOSTread                       
00004155  HOSTrename                     
000048cd  HOSTunlink                     
0000460d  HOSTwrite                      
00000b33  HardFault_Handler              
000041c1  I2C_masterSendMultiByteFinish  
00004295  I2C_masterSendMultiByteStart   
00002ba5  MPU6050_ReadData               
00002a45  MPU6050_Reset                  
00000b33  MemManage_Handler              
00000b33  NMI_Handler                    
00000b33  PCM_IRQHandler                 
00000b33  PORT1_IRQHandler               
00000b33  PORT2_IRQHandler               
00000b33  PORT3_IRQHandler               
00000b33  PORT4_IRQHandler               
00000b33  PORT5_IRQHandler               
00000b33  PORT6_IRQHandler               
00000b33  PSS_IRQHandler                 
00000b33  PendSV_Handler                 
00000b33  RTC_C_IRQHandler               
200009cc  RXData                         
00004d7d  Reset_Handler                  
00000b33  SVC_Handler                    
00000b33  SysTick_Handler                
00003f1d  SystemInit                     
00000b33  T32_INT1_IRQHandler            
00000b33  T32_INT2_IRQHandler            
00000b33  T32_INTC_IRQHandler            
00000b33  TA0_0_IRQHandler               
00000b33  TA0_N_IRQHandler               
00000b33  TA1_0_IRQHandler               
00000b33  TA1_N_IRQHandler               
00000b33  TA2_0_IRQHandler               
00000b33  TA2_N_IRQHandler               
00000b33  TA3_0_IRQHandler               
00000b33  TA3_N_IRQHandler               
00000b33  UsageFault_Handler             
4000480c  WDTCTL_SYM                     
00000b33  WDT_A_IRQHandler               
20000800  __CIOBUF_                      
20010000  __STACK_END                    
00000200  __STACK_SIZE                   
00000800  __SYSMEM_SIZE                  
000050a8  __TI_CINIT_Base                
000050b8  __TI_CINIT_Limit               
00005094  __TI_Handler_Table_Base        
000050a0  __TI_Handler_Table_Limit       
00004911  __TI_auto_init_nobinit_nopinit 
00004ac1  __TI_cleanup                   
20000c04  __TI_cleanup_ptr               
00003f95  __TI_closefile                 
000042fd  __TI_decompress_lzss           
00004d6f  __TI_decompress_none           
00004761  __TI_doflush                   
20000c08  __TI_dtors_ptr                 
20000c0c  __TI_enable_exit_profile_output
20000bf4  __TI_ft_end                    
000046bb  __TI_ltoa                      
ffffffff  __TI_pprof_out_hndl            
000000e5  __TI_printfi                   
ffffffff  __TI_prof_data_size            
ffffffff  __TI_prof_data_start           
00004af5  __TI_readmsg                   
00000000  __TI_static_base__             
20000920  __TI_tmpnams                   
00004a19  __TI_writemsg                  
00004495  __TI_wrt_ok                    
00004c81  __TI_zero_init_nomemset        
00003d95  __aeabi_cdcmpeq                
00003d95  __aeabi_cdcmple                
00003e1b  __aeabi_cdrcmple               
000040e7  __aeabi_d2f                    
00004841  __aeabi_d2iz                   
000025b3  __aeabi_dadd                   
00002f91  __aeabi_ddiv                   
00003511  __aeabi_dmul                   
000025a9  __aeabi_dsub                   
00004d95  __aeabi_errno_addr             
00004a51  __aeabi_f2d                    
00004b8d  __aeabi_i2d                    
000030c7  __aeabi_idiv0                  
000030c7  __aeabi_ldiv0                  
00003ea1  __aeabi_memclr                 
00003ea1  __aeabi_memclr4                
00003ea1  __aeabi_memclr8                
00003b43  __aeabi_memcpy                 
00003b43  __aeabi_memcpy4                
00003b43  __aeabi_memcpy8                
00003ea3  __aeabi_memset                 
00003ea3  __aeabi_memset4                
00003ea3  __aeabi_memset8                
20000c00  __aeabi_stderr                 
20000bf8  __aeabi_stdin                  
20000bfc  __aeabi_stdout                 
00003bdf  __aeabi_uldivmod               
ffffffff  __binit__                      
ffffffff  __c_args__                     
000028d5  __kernel_cos                   
00000b35  __kernel_rem_pio2              
00002761  __kernel_sin                   
UNDEFED   __mpu_init                     
2000fe00  __stack                        
20000000  __start___llvm_prf_cnts        
20000000  __stop___llvm_prf_cnts         
00004b29  _c_int00_noargs                
00004f10  _ctypes_                       
20000b2c  _device                        
20000a3c  _ftable                        
20000c10  _lock                          
0000275f  _nop                           
20000ba4  _stream                        
20000000  _sys_memory                    
UNDEFED   _system_post_cinit             
00004dad  _system_pre_init               
20000c14  _unlock                        
00004db1  abort                          
200009ec  acc_total_vector               
200009f0  acc_x                          
200009f4  acc_y                          
200009f8  acc_z                          
200009d4  accelerometer                  
00003411  aligned_alloc                  
200009fc  angle_pitch                    
20000a00  angle_pitch_acc                
20000a37  angle_pitch_int                
20000a04  angle_pitch_output             
20000a08  angle_roll                     
20000a0c  angle_roll_acc                 
20000a10  angle_roll_output              
20000a14  angle_yaw                      
20000a18  angle_yaw_acc                  
00001d95  asin                           
00001d95  asinl                          
000047ad  atoi                           
ffffffff  binit                          
00004559  close                          
00004cd5  copysign                       
00004cd5  copysignl                      
20000c20  errno                          
000047f9  exit                           
00004b5d  finddevice                     
0000360d  floor                          
0000360d  floorl                         
00003d09  fputc                          
000031ed  fputs                          
000037f9  free                           
000043cd  frexp                          
000043cd  frexpl                         
00004431  fseek                          
00004955  getdevice                      
200009dc  gyro                           
20000a1c  gyro_x                         
20000a20  gyro_x_cal                     
20000a24  gyro_y                         
20000a28  gyro_y_cal                     
20000a2c  gyro_z                         
20000a30  gyro_z_cal                     
00005014  i2cConfig                      
00000000  interruptVectors               
00003301  ldexp                          
00003301  ldexpl                         
00004c11  lseek                          
00003c75  main                           
00004d9d  malloc                         
00003411  memalign                       
00004cb9  memccpy                        
00004c61  memchr                         
00003b43  memcpy                         
00003ea9  memset                         
00003705  mpu6050                        
200009e4  parmbuf                        
00004365  printf                         
0000184d  process_raw_values             
00003d09  putc                           
20000c24  read_done                      
20000a38  read_idx                       
00004bbd  remove                         
00003301  scalbn                         
00003301  scalbnl                        
20000a39  set_gyro_angles                
000038dd  setvbuf                        
0000126d  sin                            
0000126d  sinl                           
00004999  sprintf                        
00002cfd  sqrt                           
00002cfd  sqrtl                          
00004d1f  strchr                         
00004d07  strcmp                         
00004d35  strcpy                         
00004d49  strlen                         
00004a89  strncpy                        
20000a34  temp                           
00004bbd  unlink                         
00004d5d  wcslen                         
00004c39  write                          


GLOBAL SYMBOLS: SORTED BY Symbol Address 

address   name                           
-------   ----                           
00000000  __TI_static_base__             
00000000  interruptVectors               
000000e5  __TI_printfi                   
00000200  __STACK_SIZE                   
00000800  __SYSMEM_SIZE                  
00000b33  ADC14_IRQHandler               
00000b33  AES256_IRQHandler              
00000b33  BusFault_Handler               
00000b33  COMP_E0_IRQHandler             
00000b33  COMP_E1_IRQHandler             
00000b33  CS_IRQHandler                  
00000b33  DMA_ERR_IRQHandler             
00000b33  DMA_INT0_IRQHandler            
00000b33  DMA_INT1_IRQHandler            
00000b33  DMA_INT2_IRQHandler            
00000b33  DMA_INT3_IRQHandler            
00000b33  DebugMon_Handler               
00000b33  Default_Handler                
00000b33  EUSCIA0_IRQHandler             
00000b33  EUSCIA1_IRQHandler             
00000b33  EUSCIA2_IRQHandler             
00000b33  EUSCIA3_IRQHandler             
00000b33  EUSCIB0_IRQHandler             
00000b33  EUSCIB2_IRQHandler             
00000b33  EUSCIB3_IRQHandler             
00000b33  FLCTL_IRQHandler               
00000b33  FPU_IRQHandler                 
00000b33  HardFault_Handler              
00000b33  MemManage_Handler              
00000b33  NMI_Handler                    
00000b33  PCM_IRQHandler                 
00000b33  PORT1_IRQHandler               
00000b33  PORT2_IRQHandler               
00000b33  PORT3_IRQHandler               
00000b33  PORT4_IRQHandler               
00000b33  PORT5_IRQHandler               
00000b33  PORT6_IRQHandler               
00000b33  PSS_IRQHandler                 
00000b33  PendSV_Handler                 
00000b33  RTC_C_IRQHandler               
00000b33  SVC_Handler                    
00000b33  SysTick_Handler                
00000b33  T32_INT1_IRQHandler            
00000b33  T32_INT2_IRQHandler            
00000b33  T32_INTC_IRQHandler            
00000b33  TA0_0_IRQHandler               
00000b33  TA0_N_IRQHandler               
00000b33  TA1_0_IRQHandler               
00000b33  TA1_N_IRQHandler               
00000b33  TA2_0_IRQHandler               
00000b33  TA2_N_IRQHandler               
00000b33  TA3_0_IRQHandler               
00000b33  TA3_N_IRQHandler               
00000b33  UsageFault_Handler             
00000b33  WDT_A_IRQHandler               
00000b35  __kernel_rem_pio2              
0000126d  sin                            
0000126d  sinl                           
0000184d  process_raw_values             
00001d95  asin                           
00001d95  asinl                          
000025a9  __aeabi_dsub                   
000025b3  __aeabi_dadd                   
0000275f  _nop                           
00002761  __kernel_sin                   
000028d5  __kernel_cos                   
00002a45  MPU6050_Reset                  
00002ba5  MPU6050_ReadData               
00002cfd  sqrt                           
00002cfd  sqrtl                          
00002f91  __aeabi_ddiv                   
000030c7  __aeabi_idiv0                  
000030c7  __aeabi_ldiv0                  
000031ed  fputs                          
00003301  ldexp                          
00003301  ldexpl                         
00003301  scalbn                         
00003301  scalbnl                        
00003411  aligned_alloc                  
00003411  memalign                       
00003511  __aeabi_dmul                   
0000360d  floor                          
0000360d  floorl                         
00003705  mpu6050                        
000037f9  free                           
000038dd  setvbuf                        
000039b9  EUSCIB1_IRQHandler             
000039b9  EUSCIB1_IRQHandler             
00003b43  __aeabi_memcpy                 
00003b43  __aeabi_memcpy4                
00003b43  __aeabi_memcpy8                
00003b43  memcpy                         
00003bdf  __aeabi_uldivmod               
00003c75  main                           
00003d09  fputc                          
00003d09  putc                           
00003d95  __aeabi_cdcmpeq                
00003d95  __aeabi_cdcmple                
00003e1b  __aeabi_cdrcmple               
00003ea1  __aeabi_memclr                 
00003ea1  __aeabi_memclr4                
00003ea1  __aeabi_memclr8                
00003ea3  __aeabi_memset                 
00003ea3  __aeabi_memset4                
00003ea3  __aeabi_memset8                
00003ea9  memset                         
00003f1d  SystemInit                     
00003f95  __TI_closefile                 
000040e7  __aeabi_d2f                    
00004155  HOSTrename                     
000041c1  I2C_masterSendMultiByteFinish  
0000422d  HOSTlseek                      
00004295  I2C_masterSendMultiByteStart   
000042fd  __TI_decompress_lzss           
00004365  printf                         
000043cd  frexp                          
000043cd  frexpl                         
00004431  fseek                          
00004495  __TI_wrt_ok                    
000044f9  HOSTopen                       
00004559  close                          
000045b5  HOSTread                       
0000460d  HOSTwrite                      
000046bb  __TI_ltoa                      
00004761  __TI_doflush                   
000047ad  atoi                           
000047f9  exit                           
00004841  __aeabi_d2iz                   
00004889  HOSTclose                      
000048cd  HOSTunlink                     
00004911  __TI_auto_init_nobinit_nopinit 
00004955  getdevice                      
00004999  sprintf                        
00004a19  __TI_writemsg                  
00004a47  C$$IO$$                        
00004a51  __aeabi_f2d                    
00004a89  strncpy                        
00004ac1  __TI_cleanup                   
00004af5  __TI_readmsg                   
00004b29  _c_int00_noargs                
00004b5d  finddevice                     
00004b8d  __aeabi_i2d                    
00004bbd  remove                         
00004bbd  unlink                         
00004c11  lseek                          
00004c39  write                          
00004c61  memchr                         
00004c81  __TI_zero_init_nomemset        
00004cb9  memccpy                        
00004cd5  copysign                       
00004cd5  copysignl                      
00004d07  strcmp                         
00004d1f  strchr                         
00004d35  strcpy                         
00004d49  strlen                         
00004d5d  wcslen                         
00004d6f  __TI_decompress_none           
00004d7d  Reset_Handler                  
00004d95  __aeabi_errno_addr             
00004d9d  malloc                         
00004dad  _system_pre_init               
00004db1  C$$EXIT                        
00004db1  abort                          
00004f10  _ctypes_                       
00005014  i2cConfig                      
00005094  __TI_Handler_Table_Base        
000050a0  __TI_Handler_Table_Limit       
000050a8  __TI_CINIT_Base                
000050b8  __TI_CINIT_Limit               
20000000  __start___llvm_prf_cnts        
20000000  __stop___llvm_prf_cnts         
20000000  _sys_memory                    
20000800  __CIOBUF_                      
20000920  __TI_tmpnams                   
200009cc  RXData                         
200009d4  accelerometer                  
200009dc  gyro                           
200009e4  parmbuf                        
200009ec  acc_total_vector               
200009f0  acc_x                          
200009f4  acc_y                          
200009f8  acc_z                          
200009fc  angle_pitch                    
20000a00  angle_pitch_acc                
20000a04  angle_pitch_output             
20000a08  angle_roll                     
20000a0c  angle_roll_acc                 
20000a10  angle_roll_output              
20000a14  angle_yaw                      
20000a18  angle_yaw_acc                  
20000a1c  gyro_x                         
20000a20  gyro_x_cal                     
20000a24  gyro_y                         
20000a28  gyro_y_cal                     
20000a2c  gyro_z                         
20000a30  gyro_z_cal                     
20000a34  temp                           
20000a37  angle_pitch_int                
20000a38  read_idx                       
20000a39  set_gyro_angles                
20000a3c  _ftable                        
20000b2c  _device                        
20000ba4  _stream                        
20000bf4  __TI_ft_end                    
20000bf8  __aeabi_stdin                  
20000bfc  __aeabi_stdout                 
20000c00  __aeabi_stderr                 
20000c04  __TI_cleanup_ptr               
20000c08  __TI_dtors_ptr                 
20000c0c  __TI_enable_exit_profile_output
20000c10  _lock                          
20000c14  _unlock                        
20000c20  errno                          
20000c24  read_done                      
2000fe00  __stack                        
20010000  __STACK_END                    
4000480c  WDTCTL_SYM                     
ffffffff  __TI_pprof_out_hndl            
ffffffff  __TI_prof_data_size            
ffffffff  __TI_prof_data_start           
ffffffff  __binit__                      
ffffffff  __c_args__                     
ffffffff  binit                          
UNDEFED   __mpu_init                     
UNDEFED   _system_post_cinit             

[225 symbols]
