******************************************************************************
                  TI ARM Linker PC v20.2.5                     
******************************************************************************
>> Linked Fri Dec  3 19:46:21 2021

OUTPUT FILE NAME:   <gpio_toggle_output_MSP_EXP432P401R_nortos_ccs.out>
ENTRY POINT SYMBOL: "_c_int00_noargs"  address: 0000034d


MEMORY CONFIGURATION

         name            origin    length      used     unused   attr    fill
----------------------  --------  ---------  --------  --------  ----  --------
  MAIN                  00000000   00040000  000003ec  0003fc14  R  X
  INFO                  00200000   00004000  00000000  00004000  R  X
  SRAM_CODE             01000000   00010000  00000201  0000fdff  RW X
  SRAM_DATA             20000000   00010000  00000201  0000fdff  RW  


SEGMENT ALLOCATION MAP

run origin  load origin   length   init length attrs members
----------  ----------- ---------- ----------- ----- -------
00000000    00000000    000003f0   000003f0    r-x
  00000000    00000000    000000e4   000000e4    r-- .intvecs
  000000e4    000000e4    000002f0   000002f0    r-x .text
  000003d8    000003d8    00000018   00000018    r-- .cinit
20000000    20000000    00000001   00000000    rw-
  20000000    20000000    00000001   00000000    rw- .data
2000fe00    2000fe00    00000200   00000000    rw-
  2000fe00    2000fe00    00000200   00000000    rw- .stack


SECTION ALLOCATION MAP

 output                                  attributes/
section   page    origin      length       input sections
--------  ----  ----------  ----------   ----------------
.intvecs   0    00000000    000000e4     
                  00000000    000000e4     startup_msp432p401r_ccs.obj (.intvecs:retain)

.text      0    000000e4    000002f0     
                  000000e4    000000a8     gpio_toggle_output.obj (.text:play_buzzer)
                  0000018c    0000009c     rtsv7M4_T_le_v4SPD16_eabi.lib : memcpy_t2.asm.obj (.text)
                  00000228    00000078     system_msp432p401r.obj (.text:SystemInit)
                  000002a0    00000068     rtsv7M4_T_le_v4SPD16_eabi.lib : copy_decompress_lzss.c.obj (.text:decompress:lzss:__TI_decompress_lzss)
                  00000308    00000044                                   : autoinit.c.obj (.text:__TI_auto_init_nobinit_nopinit:__TI_auto_init_nobinit_nopinit)
                  0000034c    00000034                                   : boot_cortex_m.c.obj (.text:_c_int00_noargs:_c_int00_noargs)
                  00000380    00000030     gpio_toggle_output.obj (.text:main)
                  000003b0    0000000e     rtsv7M4_T_le_v4SPD16_eabi.lib : copy_decompress_none.c.obj (.text:decompress:none:__TI_decompress_none)
                  000003be    0000000c     startup_msp432p401r_ccs.obj (.text:Reset_Handler)
                  000003ca    00000004     rtsv7M4_T_le_v4SPD16_eabi.lib : pre_init.c.obj (.text:_system_pre_init)
                  000003ce    00000004                                   : exit.c.obj (.text:abort:abort)
                  000003d2    00000002     startup_msp432p401r_ccs.obj (.text:Default_Handler)

.cinit     0    000003d8    00000018     
                  000003d8    00000008     (__TI_handler_table)
                  000003e0    00000005     (.cinit..data.load) [load image, compression = lzss]
                  000003e5    00000003     --HOLE-- [fill = 0]
                  000003e8    00000008     (__TI_cinit_table)

.init_array 
*          0    00000000    00000000     UNINITIALIZED

.binit     0    00000000    00000000     

.data      0    20000000    00000001     UNINITIALIZED
                  20000000    00000001     gpio_toggle_output.obj (.data)

.stack     0    2000fe00    00000200     UNINITIALIZED
                  2000fe00    00000004     rtsv7M4_T_le_v4SPD16_eabi.lib : boot_cortex_m.c.obj (.stack)
                  2000fe04    000001fc     --HOLE--

__llvm_prf_cnts 
*          0    20000000    00000000     UNINITIALIZED

MODULE SUMMARY

       Module                        code   ro data   rw data
       ------                        ----   -------   -------
    .\
       gpio_toggle_output.obj        216    0         2      
       system_msp432p401r.obj        120    0         0      
    +--+-----------------------------+------+---------+---------+
       Total:                        336    0         2      
                                                             
    .\ccs\
       startup_msp432p401r_ccs.obj   14     228       0      
    +--+-----------------------------+------+---------+---------+
       Total:                        14     228       0      
                                                             
    C:\ti\ccs1040\ccs\tools\compiler\ti-cgt-arm_20.2.5.LTS\lib\rtsv7M4_T_le_v4SPD16_eabi.lib
       memcpy_t2.asm.obj             156    0         0      
       copy_decompress_lzss.c.obj    104    0         0      
       autoinit.c.obj                68     0         0      
       boot_cortex_m.c.obj           52     0         0      
       copy_decompress_none.c.obj    14     0         0      
       exit.c.obj                    4      0         0      
       pre_init.c.obj                4      0         0      
    +--+-----------------------------+------+---------+---------+
       Total:                        402    0         0      
                                                             
       Stack:                        0      0         1024   
       Linker Generated:             0      21        0      
    +--+-----------------------------+------+---------+---------+
       Grand Total:                  752    249       1026   


LINKER GENERATED COPY TABLES

__TI_cinit_table @ 000003e8 records: 1, size/record: 8, table size: 8
	.data: load addr=000003e0, load size=00000005 bytes, run addr=20000000, run size=00000001 bytes, compression=lzss


LINKER GENERATED HANDLER TABLE

__TI_handler_table @ 000003d8 records: 2, size/record: 4, table size: 8
	index: 0, handler: __TI_decompress_lzss
	index: 1, handler: __TI_decompress_none


GLOBAL SYMBOLS: SORTED ALPHABETICALLY BY Name 

address   name                          
-------   ----                          
000003d3  ADC14_IRQHandler              
000003d3  AES256_IRQHandler             
000003d3  BusFault_Handler              
000003cf  C$$EXIT                       
000003d3  COMP_E0_IRQHandler            
000003d3  COMP_E1_IRQHandler            
000003d3  CS_IRQHandler                 
000003d3  DMA_ERR_IRQHandler            
000003d3  DMA_INT0_IRQHandler           
000003d3  DMA_INT1_IRQHandler           
000003d3  DMA_INT2_IRQHandler           
000003d3  DMA_INT3_IRQHandler           
000003d3  DebugMon_Handler              
000003d3  Default_Handler               
000003d3  EUSCIA0_IRQHandler            
000003d3  EUSCIA1_IRQHandler            
000003d3  EUSCIA2_IRQHandler            
000003d3  EUSCIA3_IRQHandler            
000003d3  EUSCIB0_IRQHandler            
000003d3  EUSCIB1_IRQHandler            
000003d3  EUSCIB2_IRQHandler            
000003d3  EUSCIB3_IRQHandler            
000003d3  FLCTL_IRQHandler              
000003d3  FPU_IRQHandler                
000003d3  HardFault_Handler             
000003d3  MemManage_Handler             
000003d3  NMI_Handler                   
000003d3  PCM_IRQHandler                
000003d3  PORT1_IRQHandler              
000003d3  PORT2_IRQHandler              
000003d3  PORT3_IRQHandler              
000003d3  PORT4_IRQHandler              
000003d3  PORT5_IRQHandler              
000003d3  PORT6_IRQHandler              
000003d3  PSS_IRQHandler                
000003d3  PendSV_Handler                
000003d3  RTC_C_IRQHandler              
000003bf  Reset_Handler                 
000003d3  SVC_Handler                   
000003d3  SysTick_Handler               
00000229  SystemInit                    
000003d3  T32_INT1_IRQHandler           
000003d3  T32_INT2_IRQHandler           
000003d3  T32_INTC_IRQHandler           
000003d3  TA0_0_IRQHandler              
000003d3  TA0_N_IRQHandler              
000003d3  TA1_0_IRQHandler              
000003d3  TA1_N_IRQHandler              
000003d3  TA2_0_IRQHandler              
000003d3  TA2_N_IRQHandler              
000003d3  TA3_0_IRQHandler              
000003d3  TA3_N_IRQHandler              
000003d3  UsageFault_Handler            
4000480c  WDTCTL_SYM                    
000003d3  WDT_A_IRQHandler              
20010000  __STACK_END                   
00000200  __STACK_SIZE                  
000003e8  __TI_CINIT_Base               
000003f0  __TI_CINIT_Limit              
000003d8  __TI_Handler_Table_Base       
000003e0  __TI_Handler_Table_Limit      
00000309  __TI_auto_init_nobinit_nopinit
000002a1  __TI_decompress_lzss          
000003b1  __TI_decompress_none          
ffffffff  __TI_pprof_out_hndl           
ffffffff  __TI_prof_data_size           
ffffffff  __TI_prof_data_start          
00000000  __TI_static_base__            
0000018d  __aeabi_memcpy                
0000018d  __aeabi_memcpy4               
0000018d  __aeabi_memcpy8               
ffffffff  __binit__                     
ffffffff  __c_args__                    
UNDEFED   __mpu_init                    
2000fe00  __stack                       
20000000  __start___llvm_prf_cnts       
20000000  __stop___llvm_prf_cnts        
0000034d  _c_int00_noargs               
UNDEFED   _system_post_cinit            
000003cb  _system_pre_init              
000003cf  abort                         
ffffffff  binit                         
00000000  interruptVectors              
00000381  main                          
0000018d  memcpy                        
000000e5  play_buzzer                   


GLOBAL SYMBOLS: SORTED BY Symbol Address 

address   name                          
-------   ----                          
00000000  __TI_static_base__            
00000000  interruptVectors              
000000e5  play_buzzer                   
0000018d  __aeabi_memcpy                
0000018d  __aeabi_memcpy4               
0000018d  __aeabi_memcpy8               
0000018d  memcpy                        
00000200  __STACK_SIZE                  
00000229  SystemInit                    
000002a1  __TI_decompress_lzss          
00000309  __TI_auto_init_nobinit_nopinit
0000034d  _c_int00_noargs               
00000381  main                          
000003b1  __TI_decompress_none          
000003bf  Reset_Handler                 
000003cb  _system_pre_init              
000003cf  C$$EXIT                       
000003cf  abort                         
000003d3  ADC14_IRQHandler              
000003d3  AES256_IRQHandler             
000003d3  BusFault_Handler              
000003d3  COMP_E0_IRQHandler            
000003d3  COMP_E1_IRQHandler            
000003d3  CS_IRQHandler                 
000003d3  DMA_ERR_IRQHandler            
000003d3  DMA_INT0_IRQHandler           
000003d3  DMA_INT1_IRQHandler           
000003d3  DMA_INT2_IRQHandler           
000003d3  DMA_INT3_IRQHandler           
000003d3  DebugMon_Handler              
000003d3  Default_Handler               
000003d3  EUSCIA0_IRQHandler            
000003d3  EUSCIA1_IRQHandler            
000003d3  EUSCIA2_IRQHandler            
000003d3  EUSCIA3_IRQHandler            
000003d3  EUSCIB0_IRQHandler            
000003d3  EUSCIB1_IRQHandler            
000003d3  EUSCIB2_IRQHandler            
000003d3  EUSCIB3_IRQHandler            
000003d3  FLCTL_IRQHandler              
000003d3  FPU_IRQHandler                
000003d3  HardFault_Handler             
000003d3  MemManage_Handler             
000003d3  NMI_Handler                   
000003d3  PCM_IRQHandler                
000003d3  PORT1_IRQHandler              
000003d3  PORT2_IRQHandler              
000003d3  PORT3_IRQHandler              
000003d3  PORT4_IRQHandler              
000003d3  PORT5_IRQHandler              
000003d3  PORT6_IRQHandler              
000003d3  PSS_IRQHandler                
000003d3  PendSV_Handler                
000003d3  RTC_C_IRQHandler              
000003d3  SVC_Handler                   
000003d3  SysTick_Handler               
000003d3  T32_INT1_IRQHandler           
000003d3  T32_INT2_IRQHandler           
000003d3  T32_INTC_IRQHandler           
000003d3  TA0_0_IRQHandler              
000003d3  TA0_N_IRQHandler              
000003d3  TA1_0_IRQHandler              
000003d3  TA1_N_IRQHandler              
000003d3  TA2_0_IRQHandler              
000003d3  TA2_N_IRQHandler              
000003d3  TA3_0_IRQHandler              
000003d3  TA3_N_IRQHandler              
000003d3  UsageFault_Handler            
000003d3  WDT_A_IRQHandler              
000003d8  __TI_Handler_Table_Base       
000003e0  __TI_Handler_Table_Limit      
000003e8  __TI_CINIT_Base               
000003f0  __TI_CINIT_Limit              
20000000  __start___llvm_prf_cnts       
20000000  __stop___llvm_prf_cnts        
2000fe00  __stack                       
20010000  __STACK_END                   
4000480c  WDTCTL_SYM                    
ffffffff  __TI_pprof_out_hndl           
ffffffff  __TI_prof_data_size           
ffffffff  __TI_prof_data_start          
ffffffff  __binit__                     
ffffffff  __c_args__                    
ffffffff  binit                         
UNDEFED   __mpu_init                    
UNDEFED   _system_post_cinit            

[86 symbols]
