<?xml version="1.0" encoding="ISO-8859-1" ?>
<link_info>
   <banner>TI ARM Linker PC v20.2.5.LTS</banner>
   <copyright>Copyright (c) 1996-2018 Texas Instruments Incorporated</copyright>
   <link_time>0x61a51d05</link_time>
   <link_errors>0x0</link_errors>
   <output_file>fatsd_MSP_EXP432P401R_nortos_ccs.out</output_file>
   <entry_point>
      <name>resetISR</name>
      <address>0x5119</address>
   </entry_point>
   <input_file_list>
      <input_file id="fl-2">
         <path>.\syscfg\</path>
         <kind>object</kind>
         <file>ti_drivers_config.obj</file>
         <name>ti_drivers_config.obj</name>
      </input_file>
      <input_file id="fl-3">
         <path>.\</path>
         <kind>object</kind>
         <file>fatsd_nortos.obj</file>
         <name>fatsd_nortos.obj</name>
      </input_file>
      <input_file id="fl-4">
         <path>.\</path>
         <kind>object</kind>
         <file>lcd.obj</file>
         <name>lcd.obj</name>
      </input_file>
      <input_file id="fl-5">
         <path>.\</path>
         <kind>object</kind>
         <file>main_nortos.obj</file>
         <name>main_nortos.obj</name>
      </input_file>
      <input_file id="fl-6">
         <path>.\</path>
         <kind>object</kind>
         <file>mpu.obj</file>
         <name>mpu.obj</name>
      </input_file>
      <input_file id="fl-11">
         <kind>object</kind>
         <file>&lt;internal&gt;</file>
         <name>&lt;internal&gt;</name>
      </input_file>
      <input_file id="fl-12">
         <path>C:\ti\simplelink_msp432p4_sdk_3_40_01_02\source\ti\display\lib\</path>
         <kind>archive</kind>
         <file>display.aem4f</file>
         <name>Display.oem4f</name>
      </input_file>
      <input_file id="fl-13">
         <path>C:\ti\simplelink_msp432p4_sdk_3_40_01_02\source\ti\display\lib\</path>
         <kind>archive</kind>
         <file>display.aem4f</file>
         <name>DisplayUart.oem4f</name>
      </input_file>
      <input_file id="fl-14">
         <path>C:\ti\simplelink_msp432p4_sdk_3_40_01_02\source\ti\drivers\lib\</path>
         <kind>archive</kind>
         <file>drivers_msp432p401x.aem4f</file>
         <name>SDSPI.oem4f</name>
      </input_file>
      <input_file id="fl-15">
         <path>C:\ti\simplelink_msp432p4_sdk_3_40_01_02\source\ti\drivers\lib\</path>
         <kind>archive</kind>
         <file>drivers_msp432p401x.aem4f</file>
         <name>GPIOMSP432.oem4f</name>
      </input_file>
      <input_file id="fl-16">
         <path>C:\ti\simplelink_msp432p4_sdk_3_40_01_02\source\ti\drivers\lib\</path>
         <kind>archive</kind>
         <file>drivers_msp432p401x.aem4f</file>
         <name>I2C.oem4f</name>
      </input_file>
      <input_file id="fl-17">
         <path>C:\ti\simplelink_msp432p4_sdk_3_40_01_02\source\ti\drivers\lib\</path>
         <kind>archive</kind>
         <file>drivers_msp432p401x.aem4f</file>
         <name>I2CMSP432.oem4f</name>
      </input_file>
      <input_file id="fl-18">
         <path>C:\ti\simplelink_msp432p4_sdk_3_40_01_02\source\ti\drivers\lib\</path>
         <kind>archive</kind>
         <file>drivers_msp432p401x.aem4f</file>
         <name>PowerMSP432.oem4f</name>
      </input_file>
      <input_file id="fl-19">
         <path>C:\ti\simplelink_msp432p4_sdk_3_40_01_02\source\ti\drivers\lib\</path>
         <kind>archive</kind>
         <file>drivers_msp432p401x.aem4f</file>
         <name>SPI.oem4f</name>
      </input_file>
      <input_file id="fl-1a">
         <path>C:\ti\simplelink_msp432p4_sdk_3_40_01_02\source\ti\drivers\lib\</path>
         <kind>archive</kind>
         <file>drivers_msp432p401x.aem4f</file>
         <name>SPIMSP432DMA.oem4f</name>
      </input_file>
      <input_file id="fl-1b">
         <path>C:\ti\simplelink_msp432p4_sdk_3_40_01_02\source\ti\drivers\lib\</path>
         <kind>archive</kind>
         <file>drivers_msp432p401x.aem4f</file>
         <name>UART.oem4f</name>
      </input_file>
      <input_file id="fl-1c">
         <path>C:\ti\simplelink_msp432p4_sdk_3_40_01_02\source\ti\drivers\lib\</path>
         <kind>archive</kind>
         <file>drivers_msp432p401x.aem4f</file>
         <name>UARTMSP432.oem4f</name>
      </input_file>
      <input_file id="fl-1d">
         <path>C:\ti\simplelink_msp432p4_sdk_3_40_01_02\source\ti\drivers\lib\</path>
         <kind>archive</kind>
         <file>drivers_msp432p401x.aem4f</file>
         <name>List.oem4f</name>
      </input_file>
      <input_file id="fl-1e">
         <path>C:\ti\simplelink_msp432p4_sdk_3_40_01_02\source\ti\drivers\lib\</path>
         <kind>archive</kind>
         <file>drivers_msp432p401x.aem4f</file>
         <name>RingBuf.oem4f</name>
      </input_file>
      <input_file id="fl-1f">
         <path>C:\ti\simplelink_msp432p4_sdk_3_40_01_02\source\ti\drivers\lib\</path>
         <kind>archive</kind>
         <file>drivers_msp432p401x.aem4f</file>
         <name>UDMAMSP432.oem4f</name>
      </input_file>
      <input_file id="fl-20">
         <path>C:\ti\simplelink_msp432p4_sdk_3_40_01_02\kernel\nortos\lib\</path>
         <kind>archive</kind>
         <file>nortos_msp432p401x.aem4f</file>
         <name>posix_sleep.oem4f</name>
      </input_file>
      <input_file id="fl-21">
         <path>C:\ti\simplelink_msp432p4_sdk_3_40_01_02\kernel\nortos\lib\</path>
         <kind>archive</kind>
         <file>nortos_msp432p401x.aem4f</file>
         <name>NoRTOS.oem4f</name>
      </input_file>
      <input_file id="fl-22">
         <path>C:\ti\simplelink_msp432p4_sdk_3_40_01_02\kernel\nortos\lib\</path>
         <kind>archive</kind>
         <file>nortos_msp432p401x.aem4f</file>
         <name>SemaphoreP_nortos.oem4f</name>
      </input_file>
      <input_file id="fl-23">
         <path>C:\ti\simplelink_msp432p4_sdk_3_40_01_02\kernel\nortos\lib\</path>
         <kind>archive</kind>
         <file>nortos_msp432p401x.aem4f</file>
         <name>SystemP_nortos.oem4f</name>
      </input_file>
      <input_file id="fl-24">
         <path>C:\ti\simplelink_msp432p4_sdk_3_40_01_02\kernel\nortos\lib\</path>
         <kind>archive</kind>
         <file>nortos_msp432p401x.aem4f</file>
         <name>PowerMSP432_nortos.oem4f</name>
      </input_file>
      <input_file id="fl-25">
         <path>C:\ti\simplelink_msp432p4_sdk_3_40_01_02\kernel\nortos\lib\</path>
         <kind>archive</kind>
         <file>nortos_msp432p401x.aem4f</file>
         <name>ClockPTimer_nortos.oem4f</name>
      </input_file>
      <input_file id="fl-26">
         <path>C:\ti\simplelink_msp432p4_sdk_3_40_01_02\kernel\nortos\lib\</path>
         <kind>archive</kind>
         <file>nortos_msp432p401x.aem4f</file>
         <name>TimerPMSP432_nortos.oem4f</name>
      </input_file>
      <input_file id="fl-27">
         <path>C:\ti\simplelink_msp432p4_sdk_3_40_01_02\kernel\nortos\lib\</path>
         <kind>archive</kind>
         <file>nortos_msp432p401x.aem4f</file>
         <name>HwiPMSP432_nortos.oem4f</name>
      </input_file>
      <input_file id="fl-28">
         <path>C:\ti\simplelink_msp432p4_sdk_3_40_01_02\kernel\nortos\lib\</path>
         <kind>archive</kind>
         <file>nortos_msp432p401x.aem4f</file>
         <name>startup_msp432_ccs.oem4f</name>
      </input_file>
      <input_file id="fl-29">
         <path>C:\ti\simplelink_msp432p4_sdk_3_40_01_02\kernel\nortos\lib\</path>
         <kind>archive</kind>
         <file>nortos_msp432p401x.aem4f</file>
         <name>QueueP_nortos.oem4f</name>
      </input_file>
      <input_file id="fl-2a">
         <path>C:\ti\simplelink_msp432p4_sdk_3_40_01_02\kernel\nortos\lib\</path>
         <kind>archive</kind>
         <file>nortos_msp432p401x.aem4f</file>
         <name>SwiP_nortos.oem4f</name>
      </input_file>
      <input_file id="fl-2b">
         <path>C:\ti\simplelink_msp432p4_sdk_3_40_01_02\source\ti\devices\msp432p4xx\driverlib\ccs\</path>
         <kind>archive</kind>
         <file>msp432p4xx_driverlib.lib</file>
         <name>cs.o</name>
      </input_file>
      <input_file id="fl-2c">
         <path>C:\ti\simplelink_msp432p4_sdk_3_40_01_02\source\ti\devices\msp432p4xx\driverlib\ccs\</path>
         <kind>archive</kind>
         <file>msp432p4xx_driverlib.lib</file>
         <name>dma.o</name>
      </input_file>
      <input_file id="fl-2d">
         <path>C:\ti\simplelink_msp432p4_sdk_3_40_01_02\source\ti\devices\msp432p4xx\driverlib\ccs\</path>
         <kind>archive</kind>
         <file>msp432p4xx_driverlib.lib</file>
         <name>i2c.o</name>
      </input_file>
      <input_file id="fl-2e">
         <path>C:\ti\simplelink_msp432p4_sdk_3_40_01_02\source\ti\devices\msp432p4xx\driverlib\ccs\</path>
         <kind>archive</kind>
         <file>msp432p4xx_driverlib.lib</file>
         <name>interrupt.o</name>
      </input_file>
      <input_file id="fl-2f">
         <path>C:\ti\simplelink_msp432p4_sdk_3_40_01_02\source\ti\devices\msp432p4xx\driverlib\ccs\</path>
         <kind>archive</kind>
         <file>msp432p4xx_driverlib.lib</file>
         <name>spi.o</name>
      </input_file>
      <input_file id="fl-30">
         <path>C:\ti\simplelink_msp432p4_sdk_3_40_01_02\source\ti\devices\msp432p4xx\driverlib\ccs\</path>
         <kind>archive</kind>
         <file>msp432p4xx_driverlib.lib</file>
         <name>sysctl.o</name>
      </input_file>
      <input_file id="fl-31">
         <path>C:\ti\simplelink_msp432p4_sdk_3_40_01_02\source\ti\devices\msp432p4xx\driverlib\ccs\</path>
         <kind>archive</kind>
         <file>msp432p4xx_driverlib.lib</file>
         <name>sysctl_a.o</name>
      </input_file>
      <input_file id="fl-32">
         <path>C:\ti\simplelink_msp432p4_sdk_3_40_01_02\source\ti\devices\msp432p4xx\driverlib\ccs\</path>
         <kind>archive</kind>
         <file>msp432p4xx_driverlib.lib</file>
         <name>uart.o</name>
      </input_file>
      <input_file id="fl-33">
         <path>C:\ti\simplelink_msp432p4_sdk_3_40_01_02\source\ti\devices\msp432p4xx\driverlib\ccs\</path>
         <kind>archive</kind>
         <file>msp432p4xx_driverlib.lib</file>
         <name>cpu.o</name>
      </input_file>
      <input_file id="fl-e9">
         <path>C:\ti\ccs1040\ccs\tools\compiler\ti-cgt-arm_20.2.5.LTS\lib\</path>
         <kind>archive</kind>
         <file>rtsv7M4_T_le_v4SPD16_eabi.lib</file>
         <name>printf.c.obj</name>
      </input_file>
      <input_file id="fl-ea">
         <path>C:\ti\ccs1040\ccs\tools\compiler\ti-cgt-arm_20.2.5.LTS\lib\</path>
         <kind>archive</kind>
         <file>rtsv7M4_T_le_v4SPD16_eabi.lib</file>
         <name>_printfi.c.obj</name>
      </input_file>
      <input_file id="fl-eb">
         <path>C:\ti\ccs1040\ccs\tools\compiler\ti-cgt-arm_20.2.5.LTS\lib\</path>
         <kind>archive</kind>
         <file>rtsv7M4_T_le_v4SPD16_eabi.lib</file>
         <name>fputc.c.obj</name>
      </input_file>
      <input_file id="fl-ec">
         <path>C:\ti\ccs1040\ccs\tools\compiler\ti-cgt-arm_20.2.5.LTS\lib\</path>
         <kind>archive</kind>
         <file>rtsv7M4_T_le_v4SPD16_eabi.lib</file>
         <name>fputs.c.obj</name>
      </input_file>
      <input_file id="fl-ed">
         <path>C:\ti\ccs1040\ccs\tools\compiler\ti-cgt-arm_20.2.5.LTS\lib\</path>
         <kind>archive</kind>
         <file>rtsv7M4_T_le_v4SPD16_eabi.lib</file>
         <name>_io_perm.c.obj</name>
      </input_file>
      <input_file id="fl-ee">
         <path>C:\ti\ccs1040\ccs\tools\compiler\ti-cgt-arm_20.2.5.LTS\lib\</path>
         <kind>archive</kind>
         <file>rtsv7M4_T_le_v4SPD16_eabi.lib</file>
         <name>setvbuf.c.obj</name>
      </input_file>
      <input_file id="fl-ef">
         <path>C:\ti\ccs1040\ccs\tools\compiler\ti-cgt-arm_20.2.5.LTS\lib\</path>
         <kind>archive</kind>
         <file>rtsv7M4_T_le_v4SPD16_eabi.lib</file>
         <name>e_asin.c.obj</name>
      </input_file>
      <input_file id="fl-f0">
         <path>C:\ti\ccs1040\ccs\tools\compiler\ti-cgt-arm_20.2.5.LTS\lib\</path>
         <kind>archive</kind>
         <file>rtsv7M4_T_le_v4SPD16_eabi.lib</file>
         <name>e_sqrt.c.obj</name>
      </input_file>
      <input_file id="fl-f1">
         <path>C:\ti\ccs1040\ccs\tools\compiler\ti-cgt-arm_20.2.5.LTS\lib\</path>
         <kind>archive</kind>
         <file>rtsv7M4_T_le_v4SPD16_eabi.lib</file>
         <name>s_frexp.c.obj</name>
      </input_file>
      <input_file id="fl-f2">
         <path>C:\ti\ccs1040\ccs\tools\compiler\ti-cgt-arm_20.2.5.LTS\lib\</path>
         <kind>archive</kind>
         <file>rtsv7M4_T_le_v4SPD16_eabi.lib</file>
         <name>s_scalbn.c.obj</name>
      </input_file>
      <input_file id="fl-f3">
         <path>C:\ti\ccs1040\ccs\tools\compiler\ti-cgt-arm_20.2.5.LTS\lib\</path>
         <kind>archive</kind>
         <file>rtsv7M4_T_le_v4SPD16_eabi.lib</file>
         <name>s_sin.c.obj</name>
      </input_file>
      <input_file id="fl-f4">
         <path>C:\ti\ccs1040\ccs\tools\compiler\ti-cgt-arm_20.2.5.LTS\lib\</path>
         <kind>archive</kind>
         <file>rtsv7M4_T_le_v4SPD16_eabi.lib</file>
         <name>wcslen.c.obj</name>
      </input_file>
      <input_file id="fl-f5">
         <path>C:\ti\ccs1040\ccs\tools\compiler\ti-cgt-arm_20.2.5.LTS\lib\</path>
         <kind>archive</kind>
         <file>rtsv7M4_T_le_v4SPD16_eabi.lib</file>
         <name>fd_add_t2.asm.obj</name>
      </input_file>
      <input_file id="fl-f6">
         <path>C:\ti\ccs1040\ccs\tools\compiler\ti-cgt-arm_20.2.5.LTS\lib\</path>
         <kind>archive</kind>
         <file>rtsv7M4_T_le_v4SPD16_eabi.lib</file>
         <name>fd_cmp_t2.asm.obj</name>
      </input_file>
      <input_file id="fl-f7">
         <path>C:\ti\ccs1040\ccs\tools\compiler\ti-cgt-arm_20.2.5.LTS\lib\</path>
         <kind>archive</kind>
         <file>rtsv7M4_T_le_v4SPD16_eabi.lib</file>
         <name>fd_div_t2.asm.obj</name>
      </input_file>
      <input_file id="fl-f8">
         <path>C:\ti\ccs1040\ccs\tools\compiler\ti-cgt-arm_20.2.5.LTS\lib\</path>
         <kind>archive</kind>
         <file>rtsv7M4_T_le_v4SPD16_eabi.lib</file>
         <name>fd_mul_t2.asm.obj</name>
      </input_file>
      <input_file id="fl-f9">
         <path>C:\ti\ccs1040\ccs\tools\compiler\ti-cgt-arm_20.2.5.LTS\lib\</path>
         <kind>archive</kind>
         <file>rtsv7M4_T_le_v4SPD16_eabi.lib</file>
         <name>fd_toi_t2.asm.obj</name>
      </input_file>
      <input_file id="fl-fa">
         <path>C:\ti\ccs1040\ccs\tools\compiler\ti-cgt-arm_20.2.5.LTS\lib\</path>
         <kind>archive</kind>
         <file>rtsv7M4_T_le_v4SPD16_eabi.lib</file>
         <name>fd_tos_t2.asm.obj</name>
      </input_file>
      <input_file id="fl-fb">
         <path>C:\ti\ccs1040\ccs\tools\compiler\ti-cgt-arm_20.2.5.LTS\lib\</path>
         <kind>archive</kind>
         <file>rtsv7M4_T_le_v4SPD16_eabi.lib</file>
         <name>fd_tou_t2.asm.obj</name>
      </input_file>
      <input_file id="fl-fc">
         <path>C:\ti\ccs1040\ccs\tools\compiler\ti-cgt-arm_20.2.5.LTS\lib\</path>
         <kind>archive</kind>
         <file>rtsv7M4_T_le_v4SPD16_eabi.lib</file>
         <name>fs_tod_t2.asm.obj</name>
      </input_file>
      <input_file id="fl-fd">
         <path>C:\ti\ccs1040\ccs\tools\compiler\ti-cgt-arm_20.2.5.LTS\lib\</path>
         <kind>archive</kind>
         <file>rtsv7M4_T_le_v4SPD16_eabi.lib</file>
         <name>i_tofd_t2.asm.obj</name>
      </input_file>
      <input_file id="fl-fe">
         <path>C:\ti\ccs1040\ccs\tools\compiler\ti-cgt-arm_20.2.5.LTS\lib\</path>
         <kind>archive</kind>
         <file>rtsv7M4_T_le_v4SPD16_eabi.lib</file>
         <name>memcpy_t2.asm.obj</name>
      </input_file>
      <input_file id="fl-ff">
         <path>C:\ti\ccs1040\ccs\tools\compiler\ti-cgt-arm_20.2.5.LTS\lib\</path>
         <kind>archive</kind>
         <file>rtsv7M4_T_le_v4SPD16_eabi.lib</file>
         <name>u_divt2.asm.obj</name>
      </input_file>
      <input_file id="fl-100">
         <path>C:\ti\ccs1040\ccs\tools\compiler\ti-cgt-arm_20.2.5.LTS\lib\</path>
         <kind>archive</kind>
         <file>rtsv7M4_T_le_v4SPD16_eabi.lib</file>
         <name>ull_div_t2.asm.obj</name>
      </input_file>
      <input_file id="fl-101">
         <path>C:\ti\ccs1040\ccs\tools\compiler\ti-cgt-arm_20.2.5.LTS\lib\</path>
         <kind>archive</kind>
         <file>rtsv7M4_T_le_v4SPD16_eabi.lib</file>
         <name>memset_t2.asm.obj</name>
      </input_file>
      <input_file id="fl-102">
         <path>C:\ti\ccs1040\ccs\tools\compiler\ti-cgt-arm_20.2.5.LTS\lib\</path>
         <kind>archive</kind>
         <file>rtsv7M4_T_le_v4SPD16_eabi.lib</file>
         <name>copy_zero_init.c.obj</name>
      </input_file>
      <input_file id="fl-103">
         <path>C:\ti\ccs1040\ccs\tools\compiler\ti-cgt-arm_20.2.5.LTS\lib\</path>
         <kind>archive</kind>
         <file>rtsv7M4_T_le_v4SPD16_eabi.lib</file>
         <name>copy_decompress_none.c.obj</name>
      </input_file>
      <input_file id="fl-104">
         <path>C:\ti\ccs1040\ccs\tools\compiler\ti-cgt-arm_20.2.5.LTS\lib\</path>
         <kind>archive</kind>
         <file>rtsv7M4_T_le_v4SPD16_eabi.lib</file>
         <name>copy_decompress_lzss.c.obj</name>
      </input_file>
      <input_file id="fl-105">
         <path>C:\ti\ccs1040\ccs\tools\compiler\ti-cgt-arm_20.2.5.LTS\lib\</path>
         <kind>archive</kind>
         <file>rtsv7M4_T_le_v4SPD16_eabi.lib</file>
         <name>exit.c.obj</name>
      </input_file>
      <input_file id="fl-106">
         <path>C:\ti\ccs1040\ccs\tools\compiler\ti-cgt-arm_20.2.5.LTS\lib\</path>
         <kind>archive</kind>
         <file>rtsv7M4_T_le_v4SPD16_eabi.lib</file>
         <name>_lock.c.obj</name>
      </input_file>
      <input_file id="fl-107">
         <path>C:\ti\ccs1040\ccs\tools\compiler\ti-cgt-arm_20.2.5.LTS\lib\</path>
         <kind>archive</kind>
         <file>rtsv7M4_T_le_v4SPD16_eabi.lib</file>
         <name>_ltoa.c.obj</name>
      </input_file>
      <input_file id="fl-108">
         <path>C:\ti\ccs1040\ccs\tools\compiler\ti-cgt-arm_20.2.5.LTS\lib\</path>
         <kind>archive</kind>
         <file>rtsv7M4_T_le_v4SPD16_eabi.lib</file>
         <name>atoi.c.obj</name>
      </input_file>
      <input_file id="fl-109">
         <path>C:\ti\ccs1040\ccs\tools\compiler\ti-cgt-arm_20.2.5.LTS\lib\</path>
         <kind>archive</kind>
         <file>rtsv7M4_T_le_v4SPD16_eabi.lib</file>
         <name>ctype.c.obj</name>
      </input_file>
      <input_file id="fl-10a">
         <path>C:\ti\ccs1040\ccs\tools\compiler\ti-cgt-arm_20.2.5.LTS\lib\</path>
         <kind>archive</kind>
         <file>rtsv7M4_T_le_v4SPD16_eabi.lib</file>
         <name>defs.c.obj</name>
      </input_file>
      <input_file id="fl-10b">
         <path>C:\ti\ccs1040\ccs\tools\compiler\ti-cgt-arm_20.2.5.LTS\lib\</path>
         <kind>archive</kind>
         <file>rtsv7M4_T_le_v4SPD16_eabi.lib</file>
         <name>memccpy.c.obj</name>
      </input_file>
      <input_file id="fl-10c">
         <path>C:\ti\ccs1040\ccs\tools\compiler\ti-cgt-arm_20.2.5.LTS\lib\</path>
         <kind>archive</kind>
         <file>rtsv7M4_T_le_v4SPD16_eabi.lib</file>
         <name>memchr.c.obj</name>
      </input_file>
      <input_file id="fl-10d">
         <path>C:\ti\ccs1040\ccs\tools\compiler\ti-cgt-arm_20.2.5.LTS\lib\</path>
         <kind>archive</kind>
         <file>rtsv7M4_T_le_v4SPD16_eabi.lib</file>
         <name>memory.c.obj</name>
      </input_file>
      <input_file id="fl-10e">
         <path>C:\ti\ccs1040\ccs\tools\compiler\ti-cgt-arm_20.2.5.LTS\lib\</path>
         <kind>archive</kind>
         <file>rtsv7M4_T_le_v4SPD16_eabi.lib</file>
         <name>strchr.c.obj</name>
      </input_file>
      <input_file id="fl-10f">
         <path>C:\ti\ccs1040\ccs\tools\compiler\ti-cgt-arm_20.2.5.LTS\lib\</path>
         <kind>archive</kind>
         <file>rtsv7M4_T_le_v4SPD16_eabi.lib</file>
         <name>strlen.c.obj</name>
      </input_file>
      <input_file id="fl-110">
         <path>C:\ti\ccs1040\ccs\tools\compiler\ti-cgt-arm_20.2.5.LTS\lib\</path>
         <kind>archive</kind>
         <file>rtsv7M4_T_le_v4SPD16_eabi.lib</file>
         <name>k_rem_pio2.c.obj</name>
      </input_file>
      <input_file id="fl-111">
         <path>C:\ti\ccs1040\ccs\tools\compiler\ti-cgt-arm_20.2.5.LTS\lib\</path>
         <kind>archive</kind>
         <file>rtsv7M4_T_le_v4SPD16_eabi.lib</file>
         <name>errno.c.obj</name>
      </input_file>
      <input_file id="fl-112">
         <path>C:\ti\ccs1040\ccs\tools\compiler\ti-cgt-arm_20.2.5.LTS\lib\</path>
         <kind>archive</kind>
         <file>rtsv7M4_T_le_v4SPD16_eabi.lib</file>
         <name>boot_cortex_m.c.obj</name>
      </input_file>
      <input_file id="fl-113">
         <path>C:\ti\ccs1040\ccs\tools\compiler\ti-cgt-arm_20.2.5.LTS\lib\</path>
         <kind>archive</kind>
         <file>rtsv7M4_T_le_v4SPD16_eabi.lib</file>
         <name>write.c.obj</name>
      </input_file>
      <input_file id="fl-114">
         <path>C:\ti\ccs1040\ccs\tools\compiler\ti-cgt-arm_20.2.5.LTS\lib\</path>
         <kind>archive</kind>
         <file>rtsv7M4_T_le_v4SPD16_eabi.lib</file>
         <name>host_device.c.obj</name>
      </input_file>
      <input_file id="fl-115">
         <path>C:\ti\ccs1040\ccs\tools\compiler\ti-cgt-arm_20.2.5.LTS\lib\</path>
         <kind>archive</kind>
         <file>rtsv7M4_T_le_v4SPD16_eabi.lib</file>
         <name>fflush.c.obj</name>
      </input_file>
      <input_file id="fl-116">
         <path>C:\ti\ccs1040\ccs\tools\compiler\ti-cgt-arm_20.2.5.LTS\lib\</path>
         <kind>archive</kind>
         <file>rtsv7M4_T_le_v4SPD16_eabi.lib</file>
         <name>fopen.c.obj</name>
      </input_file>
      <input_file id="fl-117">
         <path>C:\ti\ccs1040\ccs\tools\compiler\ti-cgt-arm_20.2.5.LTS\lib\</path>
         <kind>archive</kind>
         <file>rtsv7M4_T_le_v4SPD16_eabi.lib</file>
         <name>fseek.c.obj</name>
      </input_file>
      <input_file id="fl-118">
         <path>C:\ti\ccs1040\ccs\tools\compiler\ti-cgt-arm_20.2.5.LTS\lib\</path>
         <kind>archive</kind>
         <file>rtsv7M4_T_le_v4SPD16_eabi.lib</file>
         <name>s_copysign.c.obj</name>
      </input_file>
      <input_file id="fl-119">
         <path>C:\ti\ccs1040\ccs\tools\compiler\ti-cgt-arm_20.2.5.LTS\lib\</path>
         <kind>archive</kind>
         <file>rtsv7M4_T_le_v4SPD16_eabi.lib</file>
         <name>k_cos.c.obj</name>
      </input_file>
      <input_file id="fl-11a">
         <path>C:\ti\ccs1040\ccs\tools\compiler\ti-cgt-arm_20.2.5.LTS\lib\</path>
         <kind>archive</kind>
         <file>rtsv7M4_T_le_v4SPD16_eabi.lib</file>
         <name>k_sin.c.obj</name>
      </input_file>
      <input_file id="fl-11b">
         <path>C:\ti\ccs1040\ccs\tools\compiler\ti-cgt-arm_20.2.5.LTS\lib\</path>
         <kind>archive</kind>
         <file>rtsv7M4_T_le_v4SPD16_eabi.lib</file>
         <name>s_floor.c.obj</name>
      </input_file>
      <input_file id="fl-11c">
         <path>C:\ti\ccs1040\ccs\tools\compiler\ti-cgt-arm_20.2.5.LTS\lib\</path>
         <kind>archive</kind>
         <file>rtsv7M4_T_le_v4SPD16_eabi.lib</file>
         <name>div0.asm.obj</name>
      </input_file>
      <input_file id="fl-11d">
         <path>C:\ti\ccs1040\ccs\tools\compiler\ti-cgt-arm_20.2.5.LTS\lib\</path>
         <kind>archive</kind>
         <file>rtsv7M4_T_le_v4SPD16_eabi.lib</file>
         <name>autoinit.c.obj</name>
      </input_file>
      <input_file id="fl-11e">
         <path>C:\ti\ccs1040\ccs\tools\compiler\ti-cgt-arm_20.2.5.LTS\lib\</path>
         <kind>archive</kind>
         <file>rtsv7M4_T_le_v4SPD16_eabi.lib</file>
         <name>pre_init.c.obj</name>
      </input_file>
      <input_file id="fl-11f">
         <path>C:\ti\ccs1040\ccs\tools\compiler\ti-cgt-arm_20.2.5.LTS\lib\</path>
         <kind>archive</kind>
         <file>rtsv7M4_T_le_v4SPD16_eabi.lib</file>
         <name>cpy_tbl.c.obj</name>
      </input_file>
      <input_file id="fl-120">
         <path>C:\ti\ccs1040\ccs\tools\compiler\ti-cgt-arm_20.2.5.LTS\lib\</path>
         <kind>archive</kind>
         <file>rtsv7M4_T_le_v4SPD16_eabi.lib</file>
         <name>args_main.c.obj</name>
      </input_file>
      <input_file id="fl-121">
         <path>C:\ti\ccs1040\ccs\tools\compiler\ti-cgt-arm_20.2.5.LTS\lib\</path>
         <kind>archive</kind>
         <file>rtsv7M4_T_le_v4SPD16_eabi.lib</file>
         <name>hostclose.c.obj</name>
      </input_file>
      <input_file id="fl-122">
         <path>C:\ti\ccs1040\ccs\tools\compiler\ti-cgt-arm_20.2.5.LTS\lib\</path>
         <kind>archive</kind>
         <file>rtsv7M4_T_le_v4SPD16_eabi.lib</file>
         <name>hostlseek.c.obj</name>
      </input_file>
      <input_file id="fl-123">
         <path>C:\ti\ccs1040\ccs\tools\compiler\ti-cgt-arm_20.2.5.LTS\lib\</path>
         <kind>archive</kind>
         <file>rtsv7M4_T_le_v4SPD16_eabi.lib</file>
         <name>hostopen.c.obj</name>
      </input_file>
      <input_file id="fl-124">
         <path>C:\ti\ccs1040\ccs\tools\compiler\ti-cgt-arm_20.2.5.LTS\lib\</path>
         <kind>archive</kind>
         <file>rtsv7M4_T_le_v4SPD16_eabi.lib</file>
         <name>hostread.c.obj</name>
      </input_file>
      <input_file id="fl-125">
         <path>C:\ti\ccs1040\ccs\tools\compiler\ti-cgt-arm_20.2.5.LTS\lib\</path>
         <kind>archive</kind>
         <file>rtsv7M4_T_le_v4SPD16_eabi.lib</file>
         <name>hostrename.c.obj</name>
      </input_file>
      <input_file id="fl-126">
         <path>C:\ti\ccs1040\ccs\tools\compiler\ti-cgt-arm_20.2.5.LTS\lib\</path>
         <kind>archive</kind>
         <file>rtsv7M4_T_le_v4SPD16_eabi.lib</file>
         <name>hostunlink.c.obj</name>
      </input_file>
      <input_file id="fl-127">
         <path>C:\ti\ccs1040\ccs\tools\compiler\ti-cgt-arm_20.2.5.LTS\lib\</path>
         <kind>archive</kind>
         <file>rtsv7M4_T_le_v4SPD16_eabi.lib</file>
         <name>hostwrite.c.obj</name>
      </input_file>
      <input_file id="fl-128">
         <path>C:\ti\ccs1040\ccs\tools\compiler\ti-cgt-arm_20.2.5.LTS\lib\</path>
         <kind>archive</kind>
         <file>rtsv7M4_T_le_v4SPD16_eabi.lib</file>
         <name>trgmsg.c.obj</name>
      </input_file>
      <input_file id="fl-129">
         <path>C:\ti\ccs1040\ccs\tools\compiler\ti-cgt-arm_20.2.5.LTS\lib\</path>
         <kind>archive</kind>
         <file>rtsv7M4_T_le_v4SPD16_eabi.lib</file>
         <name>open.c.obj</name>
      </input_file>
      <input_file id="fl-12a">
         <path>C:\ti\ccs1040\ccs\tools\compiler\ti-cgt-arm_20.2.5.LTS\lib\</path>
         <kind>archive</kind>
         <file>rtsv7M4_T_le_v4SPD16_eabi.lib</file>
         <name>lseek.c.obj</name>
      </input_file>
      <input_file id="fl-12b">
         <path>C:\ti\ccs1040\ccs\tools\compiler\ti-cgt-arm_20.2.5.LTS\lib\</path>
         <kind>archive</kind>
         <file>rtsv7M4_T_le_v4SPD16_eabi.lib</file>
         <name>fclose.c.obj</name>
      </input_file>
      <input_file id="fl-12c">
         <path>C:\ti\ccs1040\ccs\tools\compiler\ti-cgt-arm_20.2.5.LTS\lib\</path>
         <kind>archive</kind>
         <file>rtsv7M4_T_le_v4SPD16_eabi.lib</file>
         <name>getdevice.c.obj</name>
      </input_file>
      <input_file id="fl-12d">
         <path>C:\ti\ccs1040\ccs\tools\compiler\ti-cgt-arm_20.2.5.LTS\lib\</path>
         <kind>archive</kind>
         <file>rtsv7M4_T_le_v4SPD16_eabi.lib</file>
         <name>strcmp.c.obj</name>
      </input_file>
      <input_file id="fl-12e">
         <path>C:\ti\ccs1040\ccs\tools\compiler\ti-cgt-arm_20.2.5.LTS\lib\</path>
         <kind>archive</kind>
         <file>rtsv7M4_T_le_v4SPD16_eabi.lib</file>
         <name>strcpy.c.obj</name>
      </input_file>
      <input_file id="fl-12f">
         <path>C:\ti\ccs1040\ccs\tools\compiler\ti-cgt-arm_20.2.5.LTS\lib\</path>
         <kind>archive</kind>
         <file>rtsv7M4_T_le_v4SPD16_eabi.lib</file>
         <name>strncpy.c.obj</name>
      </input_file>
      <input_file id="fl-130">
         <path>C:\ti\ccs1040\ccs\tools\compiler\ti-cgt-arm_20.2.5.LTS\lib\</path>
         <kind>archive</kind>
         <file>rtsv7M4_T_le_v4SPD16_eabi.lib</file>
         <name>remove.c.obj</name>
      </input_file>
      <input_file id="fl-131">
         <path>C:\ti\ccs1040\ccs\tools\compiler\ti-cgt-arm_20.2.5.LTS\lib\</path>
         <kind>archive</kind>
         <file>rtsv7M4_T_le_v4SPD16_eabi.lib</file>
         <name>close.c.obj</name>
      </input_file>
      <input_file id="fl-132">
         <path>C:\ti\ccs1040\ccs\tools\compiler\ti-cgt-arm_20.2.5.LTS\lib\</path>
         <kind>archive</kind>
         <file>rtsv7M4_T_le_v4SPD16_eabi.lib</file>
         <name>unlink.c.obj</name>
      </input_file>
   </input_file_list>
   <object_component_list>
      <object_component id="oc-336">
         <name>.text:__TI_printfi</name>
         <load_address>0x144</load_address>
         <run_address>0x144</run_address>
         <size>0xa4e</size>
         <input_file_ref idref="fl-ea"/>
      </object_component>
      <object_component id="oc-193">
         <name>.text:Board_initHook</name>
         <load_address>0xb92</load_address>
         <run_address>0xb92</run_address>
         <size>0x2</size>
         <input_file_ref idref="fl-2"/>
      </object_component>
      <object_component id="oc-41d">
         <name>.text:Power_sleep</name>
         <load_address>0xb94</load_address>
         <run_address>0xb94</run_address>
         <size>0x2f8</size>
         <input_file_ref idref="fl-18"/>
      </object_component>
      <object_component id="oc-1cc">
         <name>.text:initPerfControl</name>
         <load_address>0xe8c</load_address>
         <run_address>0xe8c</run_address>
         <size>0x288</size>
         <input_file_ref idref="fl-18"/>
      </object_component>
      <object_component id="oc-508">
         <name>.text:_pconv_a</name>
         <load_address>0x1114</load_address>
         <run_address>0x1114</run_address>
         <size>0x270</size>
         <input_file_ref idref="fl-ea"/>
      </object_component>
      <object_component id="oc-625">
         <name>.text:I2CMSP432_open</name>
         <load_address>0x1384</load_address>
         <run_address>0x1384</run_address>
         <size>0x1f8</size>
         <input_file_ref idref="fl-17"/>
      </object_component>
      <object_component id="oc-4f6">
         <name>.text:_pconv_g</name>
         <load_address>0x157c</load_address>
         <run_address>0x157c</run_address>
         <size>0x1d0</size>
         <input_file_ref idref="fl-ea"/>
      </object_component>
      <object_component id="oc-662">
         <name>.text</name>
         <load_address>0x174c</load_address>
         <run_address>0x174c</run_address>
         <size>0x1b6</size>
         <input_file_ref idref="fl-f5"/>
      </object_component>
      <object_component id="oc-77d">
         <name>.text:I2CMSP432_hwiIntFxn</name>
         <load_address>0x1902</load_address>
         <run_address>0x1902</run_address>
         <size>0x184</size>
         <input_file_ref idref="fl-17"/>
      </object_component>
      <object_component id="oc-61f">
         <name>.text:I2CMSP432_init</name>
         <load_address>0x1a86</load_address>
         <run_address>0x1a86</run_address>
         <size>0x2</size>
         <input_file_ref idref="fl-17"/>
      </object_component>
      <object_component id="oc-30f">
         <name>.text:GPIO_setConfig</name>
         <load_address>0x1a88</load_address>
         <run_address>0x1a88</run_address>
         <size>0x170</size>
         <input_file_ref idref="fl-15"/>
      </object_component>
      <object_component id="oc-502">
         <name>.text:_pconv_e</name>
         <load_address>0x1bf8</load_address>
         <run_address>0x1bf8</run_address>
         <size>0x13c</size>
         <input_file_ref idref="fl-ea"/>
      </object_component>
      <object_component id="oc-648">
         <name>.text</name>
         <load_address>0x1d34</load_address>
         <run_address>0x1d34</run_address>
         <size>0x136</size>
         <input_file_ref idref="fl-f7"/>
      </object_component>
      <object_component id="oc-913">
         <name>.text:IntDefaultHandler</name>
         <load_address>0x1e6a</load_address>
         <run_address>0x1e6a</run_address>
         <size>0x2</size>
         <input_file_ref idref="fl-2e"/>
      </object_component>
      <object_component id="oc-674">
         <name>.text:fcvt</name>
         <load_address>0x1e6c</load_address>
         <run_address>0x1e6c</run_address>
         <size>0x124</size>
         <input_file_ref idref="fl-ea"/>
      </object_component>
      <object_component id="oc-20b">
         <name>.text:lcd_init</name>
         <load_address>0x1f90</load_address>
         <run_address>0x1f90</run_address>
         <size>0x11c</size>
         <input_file_ref idref="fl-4"/>
      </object_component>
      <object_component id="oc-78e">
         <name>.text:primeTransfer</name>
         <load_address>0x20ac</load_address>
         <run_address>0x20ac</run_address>
         <size>0x11c</size>
         <input_file_ref idref="fl-17"/>
      </object_component>
      <object_component id="oc-530">
         <name>.text:fputs</name>
         <load_address>0x21c8</load_address>
         <run_address>0x21c8</run_address>
         <size>0x114</size>
         <input_file_ref idref="fl-ec"/>
      </object_component>
      <object_component id="oc-688">
         <name>.text:scalbn</name>
         <load_address>0x22dc</load_address>
         <run_address>0x22dc</run_address>
         <size>0x110</size>
         <input_file_ref idref="fl-f2"/>
      </object_component>
      <object_component id="oc-3dd">
         <name>.text:aligned_alloc</name>
         <load_address>0x23ec</load_address>
         <run_address>0x23ec</run_address>
         <size>0x100</size>
         <input_file_ref idref="fl-10d"/>
      </object_component>
      <object_component id="oc-643">
         <name>.text</name>
         <load_address>0x24ec</load_address>
         <run_address>0x24ec</run_address>
         <size>0xfc</size>
         <input_file_ref idref="fl-f8"/>
      </object_component>
      <object_component id="oc-62b">
         <name>.text:I2CMSP432_transfer</name>
         <load_address>0x25e8</load_address>
         <run_address>0x25e8</run_address>
         <size>0xf0</size>
         <input_file_ref idref="fl-17"/>
      </object_component>
      <object_component id="oc-2ad">
         <name>.text:CS_startHFXTWithTimeout</name>
         <load_address>0x26d8</load_address>
         <run_address>0x26d8</run_address>
         <size>0xe4</size>
         <input_file_ref idref="fl-2b"/>
      </object_component>
      <object_component id="oc-2d7">
         <name>.text:free</name>
         <load_address>0x27bc</load_address>
         <run_address>0x27bc</run_address>
         <size>0xe4</size>
         <input_file_ref idref="fl-10d"/>
      </object_component>
      <object_component id="oc-2b3">
         <name>.text:CS_startLFXTWithTimeout</name>
         <load_address>0x28a0</load_address>
         <run_address>0x28a0</run_address>
         <size>0xe0</size>
         <input_file_ref idref="fl-2b"/>
      </object_component>
      <object_component id="oc-80b">
         <name>.text:TimerP_construct</name>
         <load_address>0x2980</load_address>
         <run_address>0x2980</run_address>
         <size>0xe0</size>
         <input_file_ref idref="fl-26"/>
      </object_component>
      <object_component id="oc-3ac">
         <name>.text:_CSGetHFXTFrequency</name>
         <load_address>0x2a60</load_address>
         <run_address>0x2a60</run_address>
         <size>0xdc</size>
         <input_file_ref idref="fl-2b"/>
      </object_component>
      <object_component id="oc-7d7">
         <name>.text:setvbuf</name>
         <load_address>0x2b3c</load_address>
         <run_address>0x2b3c</run_address>
         <size>0xdc</size>
         <input_file_ref idref="fl-ee"/>
      </object_component>
      <object_component id="oc-7ff">
         <name>.text:SwiP_construct</name>
         <load_address>0x2c18</load_address>
         <run_address>0x2c18</run_address>
         <size>0xd8</size>
         <input_file_ref idref="fl-2a"/>
      </object_component>
      <object_component id="oc-554">
         <name>.text:lcd_4bit_write</name>
         <load_address>0x2cf0</load_address>
         <run_address>0x2cf0</run_address>
         <size>0xd0</size>
         <input_file_ref idref="fl-4"/>
      </object_component>
      <object_component id="oc-70c">
         <name>.text:ClockP_startup</name>
         <load_address>0x2dc0</load_address>
         <run_address>0x2dc0</run_address>
         <size>0xb4</size>
         <input_file_ref idref="fl-25"/>
      </object_component>
      <object_component id="oc-4eb">
         <name>.text:_ltostr</name>
         <load_address>0x2e74</load_address>
         <run_address>0x2e74</run_address>
         <size>0xb1</size>
         <input_file_ref idref="fl-ea"/>
      </object_component>
      <object_component id="oc-2e0">
         <name>.text:PowerMSP432_initPolicy</name>
         <load_address>0x2f26</load_address>
         <run_address>0x2f26</run_address>
         <size>0x2</size>
         <input_file_ref idref="fl-24"/>
      </object_component>
      <object_component id="oc-820">
         <name>.text:ClockP_workFuncDynamic</name>
         <load_address>0x2f28</load_address>
         <run_address>0x2f28</run_address>
         <size>0xac</size>
         <input_file_ref idref="fl-25"/>
      </object_component>
      <object_component id="oc-1ed">
         <name>.text:GPIO_init</name>
         <load_address>0x2fd4</load_address>
         <run_address>0x2fd4</run_address>
         <size>0xac</size>
         <input_file_ref idref="fl-15"/>
      </object_component>
      <object_component id="oc-60d">
         <name>.text:I2CMSP432_cancel</name>
         <load_address>0x3080</load_address>
         <run_address>0x3080</run_address>
         <size>0xac</size>
         <input_file_ref idref="fl-17"/>
      </object_component>
      <object_component id="oc-309">
         <name>.text:SemaphoreP_pend</name>
         <load_address>0x312c</load_address>
         <run_address>0x312c</run_address>
         <size>0xa0</size>
         <input_file_ref idref="fl-22"/>
      </object_component>
      <object_component id="oc-18d">
         <name>.text:Power_init</name>
         <load_address>0x31cc</load_address>
         <run_address>0x31cc</run_address>
         <size>0x9c</size>
         <input_file_ref idref="fl-18"/>
      </object_component>
      <object_component id="oc-965">
         <name>.text:SwiP_dispatch</name>
         <load_address>0x3268</load_address>
         <run_address>0x3268</run_address>
         <size>0x9c</size>
         <input_file_ref idref="fl-2a"/>
      </object_component>
      <object_component id="oc-3a">
         <name>.text</name>
         <load_address>0x3304</load_address>
         <run_address>0x3304</run_address>
         <size>0x9c</size>
         <input_file_ref idref="fl-fe"/>
      </object_component>
      <object_component id="oc-63c">
         <name>.text</name>
         <load_address>0x33a0</load_address>
         <run_address>0x33a0</run_address>
         <size>0x96</size>
         <input_file_ref idref="fl-100"/>
      </object_component>
      <object_component id="oc-2b9">
         <name>.text:PowerMSP432_updateFreqs</name>
         <load_address>0x3436</load_address>
         <run_address>0x3436</run_address>
         <size>0x2</size>
         <input_file_ref idref="fl-24"/>
      </object_component>
      <object_component id="oc-537">
         <name>.text:fputc</name>
         <load_address>0x3438</load_address>
         <run_address>0x3438</run_address>
         <size>0x8c</size>
         <input_file_ref idref="fl-eb"/>
      </object_component>
      <object_component id="oc-4f1">
         <name>.text:__aeabi_cdcmple</name>
         <load_address>0x34c4</load_address>
         <run_address>0x34c4</run_address>
         <size>0x86</size>
         <input_file_ref idref="fl-f6"/>
      </object_component>
      <object_component id="oc-64d">
         <name>.text:__aeabi_cdrcmple</name>
         <load_address>0x354a</load_address>
         <run_address>0x354a</run_address>
         <size>0x86</size>
         <input_file_ref idref="fl-f6"/>
      </object_component>
      <object_component id="oc-5a8">
         <name>.text:restartHFXT</name>
         <load_address>0x35d0</load_address>
         <run_address>0x35d0</run_address>
         <size>0x84</size>
         <input_file_ref idref="fl-18"/>
      </object_component>
      <object_component id="oc-484">
         <name>.text:ClockP_start</name>
         <load_address>0x3654</load_address>
         <run_address>0x3654</run_address>
         <size>0x80</size>
         <input_file_ref idref="fl-25"/>
      </object_component>
      <object_component id="oc-847">
         <name>.text:Interrupt_disableInterrupt</name>
         <load_address>0x36d4</load_address>
         <run_address>0x36d4</run_address>
         <size>0x80</size>
         <input_file_ref idref="fl-2e"/>
      </object_component>
      <object_component id="oc-3f0">
         <name>.text:Interrupt_enableInterrupt</name>
         <load_address>0x3754</load_address>
         <run_address>0x3754</run_address>
         <size>0x80</size>
         <input_file_ref idref="fl-2e"/>
      </object_component>
      <object_component id="oc-90">
         <name>.text</name>
         <load_address>0x37d4</load_address>
         <run_address>0x37d4</run_address>
         <size>0x7a</size>
         <input_file_ref idref="fl-101"/>
      </object_component>
      <object_component id="oc-260">
         <name>.text:_nop</name>
         <load_address>0x384e</load_address>
         <run_address>0x384e</run_address>
         <size>0x2</size>
         <input_file_ref idref="fl-106"/>
      </object_component>
      <object_component id="oc-8fd">
         <name>.text:ClockP_walkQueueDynamic</name>
         <load_address>0x3850</load_address>
         <run_address>0x3850</run_address>
         <size>0x78</size>
         <input_file_ref idref="fl-25"/>
      </object_component>
      <object_component id="oc-613">
         <name>.text:I2CMSP432_close</name>
         <load_address>0x38c8</load_address>
         <run_address>0x38c8</run_address>
         <size>0x76</size>
         <input_file_ref idref="fl-17"/>
      </object_component>
      <object_component id="oc-6c">
         <name>.text:busFaultISR</name>
         <load_address>0x393e</load_address>
         <run_address>0x393e</run_address>
         <size>0x2</size>
         <input_file_ref idref="fl-28"/>
      </object_component>
      <object_component id="oc-923">
         <name>.text:__TI_closefile</name>
         <load_address>0x3940</load_address>
         <run_address>0x3940</run_address>
         <size>0x74</size>
         <input_file_ref idref="fl-12b"/>
      </object_component>
      <object_component id="oc-2d1">
         <name>.text:HwiP_construct</name>
         <load_address>0x39b4</load_address>
         <run_address>0x39b4</run_address>
         <size>0x70</size>
         <input_file_ref idref="fl-27"/>
      </object_component>
      <object_component id="oc-574">
         <name>.text:split</name>
         <load_address>0x3a24</load_address>
         <run_address>0x3a24</run_address>
         <size>0x70</size>
         <input_file_ref idref="fl-10d"/>
      </object_component>
      <object_component id="oc-66d">
         <name>.text:_mcpy</name>
         <load_address>0x3a94</load_address>
         <run_address>0x3a94</run_address>
         <size>0x6e</size>
         <input_file_ref idref="fl-ea"/>
      </object_component>
      <object_component id="oc-49c">
         <name>.text:clkFxn</name>
         <load_address>0x3b02</load_address>
         <run_address>0x3b02</run_address>
         <size>0x2</size>
         <input_file_ref idref="fl-22"/>
      </object_component>
      <object_component id="oc-953">
         <name>.text:HOSTrename</name>
         <load_address>0x3b04</load_address>
         <run_address>0x3b04</run_address>
         <size>0x6c</size>
         <input_file_ref idref="fl-125"/>
      </object_component>
      <object_component id="oc-86e">
         <name>.text:I2C_masterSendMultiByteFinish</name>
         <load_address>0x3b70</load_address>
         <run_address>0x3b70</run_address>
         <size>0x6c</size>
         <input_file_ref idref="fl-2d"/>
      </object_component>
      <object_component id="oc-5e3">
         <name>.text:TimerP_getCurrentTick</name>
         <load_address>0x3bdc</load_address>
         <run_address>0x3bdc</run_address>
         <size>0x6c</size>
         <input_file_ref idref="fl-26"/>
      </object_component>
      <object_component id="oc-4ae">
         <name>.text:GPIO_hwiIntFxn</name>
         <load_address>0x3c48</load_address>
         <run_address>0x3c48</run_address>
         <size>0x68</size>
         <input_file_ref idref="fl-15"/>
      </object_component>
      <object_component id="oc-947">
         <name>.text:HOSTlseek</name>
         <load_address>0x3cb0</load_address>
         <run_address>0x3cb0</run_address>
         <size>0x68</size>
         <input_file_ref idref="fl-122"/>
      </object_component>
      <object_component id="oc-6fb">
         <name>.text:Interrupt_pendInterrupt</name>
         <load_address>0x3d18</load_address>
         <run_address>0x3d18</run_address>
         <size>0x68</size>
         <input_file_ref idref="fl-2e"/>
      </object_component>
      <object_component id="oc-740">
         <name>.text:PowerMSP432_getFreqs</name>
         <load_address>0x3d80</load_address>
         <run_address>0x3d80</run_address>
         <size>0x68</size>
         <input_file_ref idref="fl-18"/>
      </object_component>
      <object_component id="oc-904">
         <name>.text:SwiP_post</name>
         <load_address>0x3de8</load_address>
         <run_address>0x3de8</run_address>
         <size>0x68</size>
         <input_file_ref idref="fl-2a"/>
      </object_component>
      <object_component id="oc-12">
         <name>.text:decompress:lzss:__TI_decompress_lzss</name>
         <load_address>0x3e50</load_address>
         <run_address>0x3e50</run_address>
         <size>0x68</size>
         <input_file_ref idref="fl-104"/>
      </object_component>
      <object_component id="oc-746">
         <name>.text:initHw</name>
         <load_address>0x3eb8</load_address>
         <run_address>0x3eb8</run_address>
         <size>0x68</size>
         <input_file_ref idref="fl-17"/>
      </object_component>
      <object_component id="oc-1f9">
         <name>.text:printf</name>
         <load_address>0x3f20</load_address>
         <run_address>0x3f20</run_address>
         <size>0x68</size>
         <input_file_ref idref="fl-e9"/>
      </object_component>
      <object_component id="oc-682">
         <name>.text:frexp</name>
         <load_address>0x3f88</load_address>
         <run_address>0x3f88</run_address>
         <size>0x64</size>
         <input_file_ref idref="fl-f1"/>
      </object_component>
      <object_component id="oc-7d1">
         <name>.text:fseek</name>
         <load_address>0x3fec</load_address>
         <run_address>0x3fec</run_address>
         <size>0x64</size>
         <input_file_ref idref="fl-117"/>
      </object_component>
      <object_component id="oc-6b6">
         <name>.text:__TI_wrt_ok</name>
         <load_address>0x4050</load_address>
         <run_address>0x4050</run_address>
         <size>0x62</size>
         <input_file_ref idref="fl-ed"/>
      </object_component>
      <object_component id="oc-66">
         <name>.text:defaultISR</name>
         <load_address>0x40b2</load_address>
         <run_address>0x40b2</run_address>
         <size>0x2</size>
         <input_file_ref idref="fl-28"/>
      </object_component>
      <object_component id="oc-315">
         <name>.text:GPIO_setCallback</name>
         <load_address>0x40b4</load_address>
         <run_address>0x40b4</run_address>
         <size>0x60</size>
         <input_file_ref idref="fl-15"/>
      </object_component>
      <object_component id="oc-92f">
         <name>.text:HOSTopen</name>
         <load_address>0x4114</load_address>
         <run_address>0x4114</run_address>
         <size>0x60</size>
         <input_file_ref idref="fl-123"/>
      </object_component>
      <object_component id="oc-3e4">
         <name>.text:Interrupt_registerInterrupt</name>
         <load_address>0x4174</load_address>
         <run_address>0x4174</run_address>
         <size>0x5c</size>
         <input_file_ref idref="fl-2e"/>
      </object_component>
      <object_component id="oc-98d">
         <name>.text:close</name>
         <load_address>0x41d0</load_address>
         <run_address>0x41d0</run_address>
         <size>0x5c</size>
         <input_file_ref idref="fl-131"/>
      </object_component>
      <object_component id="oc-93b">
         <name>.text:HOSTread</name>
         <load_address>0x422c</load_address>
         <run_address>0x422c</run_address>
         <size>0x58</size>
         <input_file_ref idref="fl-124"/>
      </object_component>
      <object_component id="oc-941">
         <name>.text:HOSTwrite</name>
         <load_address>0x4284</load_address>
         <run_address>0x4284</run_address>
         <size>0x58</size>
         <input_file_ref idref="fl-127"/>
      </object_component>
      <object_component id="oc-8ef">
         <name>.text:TimerP_dynamicStub</name>
         <load_address>0x42dc</load_address>
         <run_address>0x42dc</run_address>
         <size>0x58</size>
         <input_file_ref idref="fl-26"/>
      </object_component>
      <object_component id="oc-4fc">
         <name>.text:_pconv_f</name>
         <load_address>0x4334</load_address>
         <run_address>0x4334</run_address>
         <size>0x56</size>
         <input_file_ref idref="fl-ea"/>
      </object_component>
      <object_component id="oc-868">
         <name>.text:completeTransfer</name>
         <load_address>0x438a</load_address>
         <run_address>0x438a</run_address>
         <size>0x56</size>
         <input_file_ref idref="fl-17"/>
      </object_component>
      <object_component id="oc-3ea">
         <name>.text:Interrupt_setPriority</name>
         <load_address>0x43e0</load_address>
         <run_address>0x43e0</run_address>
         <size>0x54</size>
         <input_file_ref idref="fl-2e"/>
      </object_component>
      <object_component id="oc-657">
         <name>.text:__TI_ltoa</name>
         <load_address>0x4434</load_address>
         <run_address>0x4434</run_address>
         <size>0x54</size>
         <input_file_ref idref="fl-107"/>
      </object_component>
      <object_component id="oc-667">
         <name>.text:_ecpy</name>
         <load_address>0x4488</load_address>
         <run_address>0x4488</run_address>
         <size>0x52</size>
         <input_file_ref idref="fl-ea"/>
      </object_component>
      <object_component id="oc-60">
         <name>.text:faultISR</name>
         <load_address>0x44da</load_address>
         <run_address>0x44da</run_address>
         <size>0x2</size>
         <input_file_ref idref="fl-28"/>
      </object_component>
      <object_component id="oc-5ca">
         <name>.text:SemaphoreP_construct</name>
         <load_address>0x44dc</load_address>
         <run_address>0x44dc</run_address>
         <size>0x50</size>
         <input_file_ref idref="fl-22"/>
      </object_component>
      <object_component id="oc-6c2">
         <name>.text:__TI_doflush</name>
         <load_address>0x452c</load_address>
         <run_address>0x452c</run_address>
         <size>0x4c</size>
         <input_file_ref idref="fl-115"/>
      </object_component>
      <object_component id="oc-4e5">
         <name>.text:atoi</name>
         <load_address>0x4578</load_address>
         <run_address>0x4578</run_address>
         <size>0x4c</size>
         <input_file_ref idref="fl-108"/>
      </object_component>
      <object_component id="oc-1a1">
         <name>.text:lcd_i2c_init</name>
         <load_address>0x45c4</load_address>
         <run_address>0x45c4</run_address>
         <size>0x4c</size>
         <input_file_ref idref="fl-4"/>
      </object_component>
      <object_component id="oc-2e6">
         <name>.text:PowerMSP432_sleepPolicy</name>
         <load_address>0x4610</load_address>
         <run_address>0x4610</run_address>
         <size>0x48</size>
         <input_file_ref idref="fl-24"/>
      </object_component>
      <object_component id="oc-734">
         <name>.text:Power_releaseConstraint</name>
         <load_address>0x4658</load_address>
         <run_address>0x4658</run_address>
         <size>0x48</size>
         <input_file_ref idref="fl-18"/>
      </object_component>
      <object_component id="oc-129">
         <name>.text:exit</name>
         <load_address>0x46a0</load_address>
         <run_address>0x46a0</run_address>
         <size>0x48</size>
         <input_file_ref idref="fl-105"/>
      </object_component>
      <object_component id="oc-652">
         <name>.text</name>
         <load_address>0x46e8</load_address>
         <run_address>0x46e8</run_address>
         <size>0x48</size>
         <input_file_ref idref="fl-f9"/>
      </object_component>
      <object_component id="oc-935">
         <name>.text:HOSTclose</name>
         <load_address>0x4730</load_address>
         <run_address>0x4730</run_address>
         <size>0x44</size>
         <input_file_ref idref="fl-121"/>
      </object_component>
      <object_component id="oc-94d">
         <name>.text:HOSTunlink</name>
         <load_address>0x4774</load_address>
         <run_address>0x4774</run_address>
         <size>0x44</size>
         <input_file_ref idref="fl-126"/>
      </object_component>
      <object_component id="oc-1f3">
         <name>.text:I2C_init</name>
         <load_address>0x47b8</load_address>
         <run_address>0x47b8</run_address>
         <size>0x44</size>
         <input_file_ref idref="fl-16"/>
      </object_component>
      <object_component id="oc-31b">
         <name>.text:SemaphoreP_post</name>
         <load_address>0x47fc</load_address>
         <run_address>0x47fc</run_address>
         <size>0x44</size>
         <input_file_ref idref="fl-22"/>
      </object_component>
      <object_component id="oc-423">
         <name>.text:SwiP_restore</name>
         <load_address>0x4840</load_address>
         <run_address>0x4840</run_address>
         <size>0x44</size>
         <input_file_ref idref="fl-2a"/>
      </object_component>
      <object_component id="oc-8e3">
         <name>.text:TimerP_start</name>
         <load_address>0x4884</load_address>
         <run_address>0x4884</run_address>
         <size>0x44</size>
         <input_file_ref idref="fl-26"/>
      </object_component>
      <object_component id="oc-12f">
         <name>.text:__TI_auto_init_nobinit_nopinit:__TI_auto_init_nobinit_nopinit</name>
         <load_address>0x48c8</load_address>
         <run_address>0x48c8</run_address>
         <size>0x44</size>
         <input_file_ref idref="fl-11d"/>
      </object_component>
      <object_component id="oc-9d7">
         <name>.text:getdevice</name>
         <load_address>0x490c</load_address>
         <run_address>0x490c</run_address>
         <size>0x44</size>
         <input_file_ref idref="fl-12c"/>
      </object_component>
      <object_component id="oc-777">
         <name>.text:perfChangeNotifyFxn</name>
         <load_address>0x4950</load_address>
         <run_address>0x4950</run_address>
         <size>0x44</size>
         <input_file_ref idref="fl-17"/>
      </object_component>
      <object_component id="oc-205">
         <name>.text:I2C_open</name>
         <load_address>0x4994</load_address>
         <run_address>0x4994</run_address>
         <size>0x40</size>
         <input_file_ref idref="fl-16"/>
      </object_component>
      <object_component id="oc-72b">
         <name>.text:TimerP_setNextTick</name>
         <load_address>0x49d4</load_address>
         <run_address>0x49d4</run_address>
         <size>0x40</size>
         <input_file_ref idref="fl-26"/>
      </object_component>
      <object_component id="oc-67a">
         <name>.text:_fcpy</name>
         <load_address>0x4a14</load_address>
         <run_address>0x4a14</run_address>
         <size>0x3e</size>
         <input_file_ref idref="fl-ea"/>
      </object_component>
      <object_component id="oc-5a">
         <name>.text:nmiISR</name>
         <load_address>0x4a52</load_address>
         <run_address>0x4a52</run_address>
         <size>0x2</size>
         <input_file_ref idref="fl-28"/>
      </object_component>
      <object_component id="oc-8d7">
         <name>.text:TimerP_initDevice</name>
         <load_address>0x4a54</load_address>
         <run_address>0x4a54</run_address>
         <size>0x3c</size>
         <input_file_ref idref="fl-26"/>
      </object_component>
      <object_component id="oc-75c">
         <name>.text:Power_setConstraint</name>
         <load_address>0x4a90</load_address>
         <run_address>0x4a90</run_address>
         <size>0x38</size>
         <input_file_ref idref="fl-18"/>
      </object_component>
      <object_component id="oc-99e">
         <name>.text:__TI_writemsg</name>
         <load_address>0x4ac8</load_address>
         <run_address>0x4ac8</run_address>
         <size>0x38</size>
         <input_file_ref idref="fl-128"/>
      </object_component>
      <object_component id="oc-59c">
         <name>.text:notify</name>
         <load_address>0x4b00</load_address>
         <run_address>0x4b00</run_address>
         <size>0x38</size>
         <input_file_ref idref="fl-18"/>
      </object_component>
      <object_component id="oc-9fc">
         <name>.text:strncpy</name>
         <load_address>0x4b38</load_address>
         <run_address>0x4b38</run_address>
         <size>0x36</size>
         <input_file_ref idref="fl-12f"/>
      </object_component>
      <object_component id="oc-79c">
         <name>.text</name>
         <load_address>0x4b6e</load_address>
         <run_address>0x4b6e</run_address>
         <size>0x2</size>
         <input_file_ref idref="fl-11c"/>
      </object_component>
      <object_component id="oc-890">
         <name>.text:__TI_cleanup</name>
         <load_address>0x4b70</load_address>
         <run_address>0x4b70</run_address>
         <size>0x34</size>
         <input_file_ref idref="fl-116"/>
      </object_component>
      <object_component id="oc-9a4">
         <name>.text:__TI_readmsg</name>
         <load_address>0x4ba4</load_address>
         <run_address>0x4ba4</run_address>
         <size>0x34</size>
         <input_file_ref idref="fl-128"/>
      </object_component>
      <object_component id="oc-a8">
         <name>.text:_c_int00_noargs:_c_int00_noargs</name>
         <load_address>0x4bd8</load_address>
         <run_address>0x4bd8</run_address>
         <size>0x34</size>
         <input_file_ref idref="fl-112"/>
      </object_component>
      <object_component id="oc-358">
         <name>.text:i2c_write</name>
         <load_address>0x4c0c</load_address>
         <run_address>0x4c0c</run_address>
         <size>0x34</size>
         <input_file_ref idref="fl-4"/>
      </object_component>
      <object_component id="oc-35e">
         <name>.text:delay_ms</name>
         <load_address>0x4c40</load_address>
         <run_address>0x4c40</run_address>
         <size>0x30</size>
         <input_file_ref idref="fl-4"/>
      </object_component>
      <object_component id="oc-a02">
         <name>.text:finddevice</name>
         <load_address>0x4c70</load_address>
         <run_address>0x4c70</run_address>
         <size>0x30</size>
         <input_file_ref idref="fl-12c"/>
      </object_component>
      <object_component id="oc-762">
         <name>.text:mapPin</name>
         <load_address>0x4ca0</load_address>
         <run_address>0x4ca0</run_address>
         <size>0x30</size>
         <input_file_ref idref="fl-17"/>
      </object_component>
      <object_component id="oc-65d">
         <name>.text</name>
         <load_address>0x4cd0</load_address>
         <run_address>0x4cd0</run_address>
         <size>0x2e</size>
         <input_file_ref idref="fl-fd"/>
      </object_component>
      <object_component id="oc-993">
         <name>.text:unlink</name>
         <load_address>0x4d00</load_address>
         <run_address>0x4d00</run_address>
         <size>0x2c</size>
         <input_file_ref idref="fl-132"/>
      </object_component>
      <object_component id="oc-1d8">
         <name>.text:HwiP_create</name>
         <load_address>0x4d2c</load_address>
         <run_address>0x4d2c</run_address>
         <size>0x2a</size>
         <input_file_ref idref="fl-27"/>
      </object_component>
      <object_component id="oc-76e">
         <name>.text:Power_registerNotify</name>
         <load_address>0x4d58</load_address>
         <run_address>0x4d58</run_address>
         <size>0x28</size>
         <input_file_ref idref="fl-18"/>
      </object_component>
      <object_component id="oc-2a7">
         <name>.text:disableFaultCounter</name>
         <load_address>0x4d80</load_address>
         <run_address>0x4d80</run_address>
         <size>0x28</size>
         <input_file_ref idref="fl-18"/>
      </object_component>
      <object_component id="oc-5a2">
         <name>.text:disableHFXT</name>
         <load_address>0x4da8</load_address>
         <run_address>0x4da8</run_address>
         <size>0x28</size>
         <input_file_ref idref="fl-18"/>
      </object_component>
      <object_component id="oc-409">
         <name>.text:free_list_insert</name>
         <load_address>0x4dd0</load_address>
         <run_address>0x4dd0</run_address>
         <size>0x28</size>
         <input_file_ref idref="fl-10d"/>
      </object_component>
      <object_component id="oc-364">
         <name>.text:lcd_cmd</name>
         <load_address>0x4df8</load_address>
         <run_address>0x4df8</run_address>
         <size>0x28</size>
         <input_file_ref idref="fl-4"/>
      </object_component>
      <object_component id="oc-888">
         <name>.text:lseek</name>
         <load_address>0x4e20</load_address>
         <run_address>0x4e20</run_address>
         <size>0x28</size>
         <input_file_ref idref="fl-12a"/>
      </object_component>
      <object_component id="oc-6c8">
         <name>.text:write</name>
         <load_address>0x4e48</load_address>
         <run_address>0x4e48</run_address>
         <size>0x28</size>
         <input_file_ref idref="fl-113"/>
      </object_component>
      <object_component id="oc-85e">
         <name>.text:List_put</name>
         <load_address>0x4e70</load_address>
         <run_address>0x4e70</run_address>
         <size>0x26</size>
         <input_file_ref idref="fl-1d"/>
      </object_component>
      <object_component id="oc-854">
         <name>.text:List_remove</name>
         <load_address>0x4e96</load_address>
         <run_address>0x4e96</run_address>
         <size>0x26</size>
         <input_file_ref idref="fl-1d"/>
      </object_component>
      <object_component id="oc-5ef">
         <name>.text:ClockP_getTicks</name>
         <load_address>0x4ebc</load_address>
         <run_address>0x4ebc</run_address>
         <size>0x24</size>
         <input_file_ref idref="fl-25"/>
      </object_component>
      <object_component id="oc-5e9">
         <name>.text:ClockP_scheduleNextTick</name>
         <load_address>0x4ee0</load_address>
         <run_address>0x4ee0</run_address>
         <size>0x24</size>
         <input_file_ref idref="fl-25"/>
      </object_component>
      <object_component id="oc-3f6">
         <name>.text:HwiP_dispatch</name>
         <load_address>0x4f04</load_address>
         <run_address>0x4f04</run_address>
         <size>0x24</size>
         <input_file_ref idref="fl-27"/>
      </object_component>
      <object_component id="oc-2a1">
         <name>.text:CS_setExternalClockSourceFrequency</name>
         <load_address>0x4f28</load_address>
         <run_address>0x4f28</run_address>
         <size>0x20</size>
         <input_file_ref idref="fl-2b"/>
      </object_component>
      <object_component id="oc-47e">
         <name>.text:ClockP_add</name>
         <load_address>0x4f48</load_address>
         <run_address>0x4f48</run_address>
         <size>0x20</size>
         <input_file_ref idref="fl-25"/>
      </object_component>
      <object_component id="oc-753">
         <name>.text:Power_unregisterNotify</name>
         <load_address>0x4f68</load_address>
         <run_address>0x4f68</run_address>
         <size>0x20</size>
         <input_file_ref idref="fl-18"/>
      </object_component>
      <object_component id="oc-5d8">
         <name>.text:QueueP_put</name>
         <load_address>0x4f88</load_address>
         <run_address>0x4f88</run_address>
         <size>0x20</size>
         <input_file_ref idref="fl-29"/>
      </object_component>
      <object_component id="oc-6bc">
         <name>.text:memchr</name>
         <load_address>0x4fa8</load_address>
         <run_address>0x4fa8</run_address>
         <size>0x20</size>
         <input_file_ref idref="fl-10c"/>
      </object_component>
      <object_component id="oc-84d">
         <name>.text:Interrupt_unregisterInterrupt</name>
         <load_address>0x4fc8</load_address>
         <run_address>0x4fc8</run_address>
         <size>0x1c</size>
         <input_file_ref idref="fl-2e"/>
      </object_component>
      <object_component id="oc-411">
         <name>.text:SwiP_disable</name>
         <load_address>0x4fe4</load_address>
         <run_address>0x4fe4</run_address>
         <size>0x1c</size>
         <input_file_ref idref="fl-2a"/>
      </object_component>
      <object_component id="oc-403">
         <name>.text:free_list_remove</name>
         <load_address>0x5000</load_address>
         <run_address>0x5000</run_address>
         <size>0x1c</size>
         <input_file_ref idref="fl-10d"/>
      </object_component>
      <object_component id="oc-50e">
         <name>.text:memccpy</name>
         <load_address>0x501c</load_address>
         <run_address>0x501c</run_address>
         <size>0x1c</size>
         <input_file_ref idref="fl-10b"/>
      </object_component>
      <object_component id="oc-9c6">
         <name>.text:QueueP_get</name>
         <load_address>0x5038</load_address>
         <run_address>0x5038</run_address>
         <size>0x1a</size>
         <input_file_ref idref="fl-29"/>
      </object_component>
      <object_component id="oc-2f1">
         <name>.text:SemaphoreP_createBinary</name>
         <load_address>0x5052</load_address>
         <run_address>0x5052</run_address>
         <size>0x1a</size>
         <input_file_ref idref="fl-22"/>
      </object_component>
      <object_component id="oc-7b5">
         <name>.text:copysign</name>
         <load_address>0x506c</load_address>
         <run_address>0x506c</run_address>
         <size>0x1a</size>
         <input_file_ref idref="fl-118"/>
      </object_component>
      <object_component id="oc-496">
         <name>.text:ClockP_destruct</name>
         <load_address>0x5086</load_address>
         <run_address>0x5086</run_address>
         <size>0x18</size>
         <input_file_ref idref="fl-25"/>
      </object_component>
      <object_component id="oc-74d">
         <name>.text:HwiP_delete</name>
         <load_address>0x509e</load_address>
         <run_address>0x509e</run_address>
         <size>0x18</size>
         <input_file_ref idref="fl-27"/>
      </object_component>
      <object_component id="oc-4b9">
         <name>.text:HwiP_inISR</name>
         <load_address>0x50b8</load_address>
         <run_address>0x50b8</run_address>
         <size>0x18</size>
         <input_file_ref idref="fl-27"/>
      </object_component>
      <object_component id="oc-549">
         <name>.text:I2C_transfer</name>
         <load_address>0x50d0</load_address>
         <run_address>0x50d0</run_address>
         <size>0x18</size>
         <input_file_ref idref="fl-16"/>
      </object_component>
      <object_component id="oc-3a6">
         <name>.text:SysCtl_A_disableNMISource</name>
         <load_address>0x50e8</load_address>
         <run_address>0x50e8</run_address>
         <size>0x18</size>
         <input_file_ref idref="fl-31"/>
      </object_component>
      <object_component id="oc-3b2">
         <name>.text:SysCtl_A_enableNMISource</name>
         <load_address>0x5100</load_address>
         <run_address>0x5100</run_address>
         <size>0x18</size>
         <input_file_ref idref="fl-31"/>
      </object_component>
      <object_component id="oc-1f">
         <name>.text:resetISR</name>
         <load_address>0x5118</load_address>
         <run_address>0x5118</run_address>
         <size>0x18</size>
         <input_file_ref idref="fl-28"/>
      </object_component>
      <object_component id="oc-a19">
         <name>.text:strcmp</name>
         <load_address>0x5130</load_address>
         <run_address>0x5130</run_address>
         <size>0x18</size>
         <input_file_ref idref="fl-12d"/>
      </object_component>
      <object_component id="oc-473">
         <name>.text:SemaphoreP_create</name>
         <load_address>0x5148</load_address>
         <run_address>0x5148</run_address>
         <size>0x16</size>
         <input_file_ref idref="fl-22"/>
      </object_component>
      <object_component id="oc-9c0">
         <name>.text:maxbit</name>
         <load_address>0x515e</load_address>
         <run_address>0x515e</run_address>
         <size>0x16</size>
         <input_file_ref idref="fl-2a"/>
      </object_component>
      <object_component id="oc-68e">
         <name>.text:strchr</name>
         <load_address>0x5174</load_address>
         <run_address>0x5174</run_address>
         <size>0x16</size>
         <input_file_ref idref="fl-10e"/>
      </object_component>
      <object_component id="oc-704">
         <name>.text:Power_idleFunc</name>
         <load_address>0x518c</load_address>
         <run_address>0x518c</run_address>
         <size>0x14</size>
         <input_file_ref idref="fl-18"/>
      </object_component>
      <object_component id="oc-8cc">
         <name>.text:SwiP_handleHwi</name>
         <load_address>0x51a0</load_address>
         <run_address>0x51a0</run_address>
         <size>0x14</size>
         <input_file_ref idref="fl-2a"/>
      </object_component>
      <object_component id="oc-723">
         <name>.text:TimerP_getCount</name>
         <load_address>0x51b4</load_address>
         <run_address>0x51b4</run_address>
         <size>0x14</size>
         <input_file_ref idref="fl-26"/>
      </object_component>
      <object_component id="oc-9b8">
         <name>.text:strcpy</name>
         <load_address>0x51c8</load_address>
         <run_address>0x51c8</run_address>
         <size>0x14</size>
         <input_file_ref idref="fl-12e"/>
      </object_component>
      <object_component id="oc-4df">
         <name>.text:strlen</name>
         <load_address>0x51dc</load_address>
         <run_address>0x51dc</run_address>
         <size>0x14</size>
         <input_file_ref idref="fl-10f"/>
      </object_component>
      <object_component id="oc-1d2">
         <name>.text:HwiP_Params_init</name>
         <load_address>0x51f0</load_address>
         <run_address>0x51f0</run_address>
         <size>0x12</size>
         <input_file_ref idref="fl-27"/>
      </object_component>
      <object_component id="oc-f6">
         <name>.text:main</name>
         <load_address>0x5202</load_address>
         <run_address>0x5202</run_address>
         <size>0x12</size>
         <input_file_ref idref="fl-5"/>
      </object_component>
      <object_component id="oc-514">
         <name>.text:wcslen</name>
         <load_address>0x5214</load_address>
         <run_address>0x5214</run_address>
         <size>0x12</size>
         <input_file_ref idref="fl-f4"/>
      </object_component>
      <object_component id="oc-2f7">
         <name>.text:HwiP_disable</name>
         <load_address>0x5226</load_address>
         <run_address>0x5226</run_address>
         <size>0x10</size>
         <input_file_ref idref="fl-27"/>
      </object_component>
      <object_component id="oc-1ff">
         <name>.text:I2C_Params_init</name>
         <load_address>0x5238</load_address>
         <run_address>0x5238</run_address>
         <size>0x10</size>
         <input_file_ref idref="fl-16"/>
      </object_component>
      <object_component id="oc-52">
         <name>.text:Interrupt_disableMaster</name>
         <load_address>0x5248</load_address>
         <run_address>0x5248</run_address>
         <size>0x10</size>
         <input_file_ref idref="fl-2e"/>
      </object_component>
      <object_component id="oc-19a">
         <name>.text:Interrupt_enableMaster</name>
         <load_address>0x5258</load_address>
         <run_address>0x5258</run_address>
         <size>0x10</size>
         <input_file_ref idref="fl-2e"/>
      </object_component>
      <object_component id="oc-768">
         <name>.text:PowerMSP432_getNumPerfLevels</name>
         <load_address>0x5268</load_address>
         <run_address>0x5268</run_address>
         <size>0x10</size>
         <input_file_ref idref="fl-18"/>
      </object_component>
      <object_component id="oc-4bf">
         <name>.text:Power_disablePolicy</name>
         <load_address>0x5278</load_address>
         <run_address>0x5278</run_address>
         <size>0x10</size>
         <input_file_ref idref="fl-18"/>
      </object_component>
      <object_component id="oc-48a">
         <name>.text:Power_enablePolicy</name>
         <load_address>0x5288</load_address>
         <run_address>0x5288</run_address>
         <size>0x10</size>
         <input_file_ref idref="fl-18"/>
      </object_component>
      <object_component id="oc-46d">
         <name>.text:SemaphoreP_Params_init</name>
         <load_address>0x5298</load_address>
         <run_address>0x5298</run_address>
         <size>0x10</size>
         <input_file_ref idref="fl-22"/>
      </object_component>
      <object_component id="oc-7f9">
         <name>.text:SwiP_Params_init</name>
         <load_address>0x52a8</load_address>
         <run_address>0x52a8</run_address>
         <size>0x10</size>
         <input_file_ref idref="fl-2a"/>
      </object_component>
      <object_component id="oc-3a0">
         <name>.text:SysCtl_A_getNMISourceStatus</name>
         <load_address>0x52b8</load_address>
         <run_address>0x52b8</run_address>
         <size>0x10</size>
         <input_file_ref idref="fl-31"/>
      </object_component>
      <object_component id="oc-6f4">
         <name>.text:SysCtl_getNMISourceStatus</name>
         <load_address>0x52c8</load_address>
         <run_address>0x52c8</run_address>
         <size>0x10</size>
         <input_file_ref idref="fl-30"/>
      </object_component>
      <object_component id="oc-805">
         <name>.text:TimerP_Params_init</name>
         <load_address>0x52d8</load_address>
         <run_address>0x52d8</run_address>
         <size>0x10</size>
         <input_file_ref idref="fl-26"/>
      </object_component>
      <object_component id="oc-9cc">
         <name>.text:QueueP_empty</name>
         <load_address>0x52e8</load_address>
         <run_address>0x52e8</run_address>
         <size>0xe</size>
         <input_file_ref idref="fl-29"/>
      </object_component>
      <object_component id="oc-5f8">
         <name>.text:QueueP_remove</name>
         <load_address>0x52f6</load_address>
         <run_address>0x52f6</run_address>
         <size>0xe</size>
         <input_file_ref idref="fl-29"/>
      </object_component>
      <object_component id="oc-18">
         <name>.text:decompress:none:__TI_decompress_none</name>
         <load_address>0x5304</load_address>
         <run_address>0x5304</run_address>
         <size>0xe</size>
         <input_file_ref idref="fl-103"/>
      </object_component>
      <object_component id="oc-110">
         <name>.text:Board_init</name>
         <load_address>0x5312</load_address>
         <run_address>0x5312</run_address>
         <size>0xc</size>
         <input_file_ref idref="fl-2"/>
      </object_component>
      <object_component id="oc-96">
         <name>.text:CPU_cpsid</name>
         <load_address>0x531e</load_address>
         <run_address>0x531e</run_address>
         <size>0xc</size>
         <input_file_ref idref="fl-33"/>
      </object_component>
      <object_component id="oc-1e6">
         <name>.text:CPU_cpsie</name>
         <load_address>0x532a</load_address>
         <run_address>0x532a</run_address>
         <size>0xc</size>
         <input_file_ref idref="fl-33"/>
      </object_component>
      <object_component id="oc-826">
         <name>.text:ClockP_doTick</name>
         <load_address>0x5338</load_address>
         <run_address>0x5338</run_address>
         <size>0xc</size>
         <input_file_ref idref="fl-25"/>
      </object_component>
      <object_component id="oc-417">
         <name>.text:Power_getConstraintMask</name>
         <load_address>0x5344</load_address>
         <run_address>0x5344</run_address>
         <size>0xc</size>
         <input_file_ref idref="fl-18"/>
      </object_component>
      <object_component id="oc-73a">
         <name>.text:Power_getPerformanceLevel</name>
         <load_address>0x5350</load_address>
         <run_address>0x5350</run_address>
         <size>0xc</size>
         <input_file_ref idref="fl-18"/>
      </object_component>
      <object_component id="oc-817">
         <name>.text:TimerP_getFreq</name>
         <load_address>0x535c</load_address>
         <run_address>0x535c</run_address>
         <size>0xc</size>
         <input_file_ref idref="fl-26"/>
      </object_component>
      <object_component id="oc-811">
         <name>.text:TimerP_getMaxTicks</name>
         <load_address>0x5368</load_address>
         <run_address>0x5368</run_address>
         <size>0xc</size>
         <input_file_ref idref="fl-26"/>
      </object_component>
      <object_component id="oc-4c">
         <name>.text:decompress:ZI:__TI_zero_init</name>
         <load_address>0x5374</load_address>
         <run_address>0x5374</run_address>
         <size>0xc</size>
         <input_file_ref idref="fl-102"/>
      </object_component>
      <object_component id="oc-11c">
         <name>.text:mainThread</name>
         <load_address>0x5380</load_address>
         <run_address>0x5380</run_address>
         <size>0xc</size>
         <input_file_ref idref="fl-3"/>
      </object_component>
      <object_component id="oc-2fd">
         <name>.text:HwiP_restore</name>
         <load_address>0x538c</load_address>
         <run_address>0x538c</run_address>
         <size>0x8</size>
         <input_file_ref idref="fl-27"/>
      </object_component>
      <object_component id="oc-51a">
         <name>.text:__aeabi_errno_addr</name>
         <load_address>0x5394</load_address>
         <run_address>0x5394</run_address>
         <size>0x8</size>
         <input_file_ref idref="fl-111"/>
      </object_component>
      <object_component id="oc-783">
         <name>.text:blockingTransferCallback</name>
         <load_address>0x539c</load_address>
         <run_address>0x539c</run_address>
         <size>0x8</size>
         <input_file_ref idref="fl-17"/>
      </object_component>
      <object_component id="oc-2cb">
         <name>.text:malloc</name>
         <load_address>0x53a4</load_address>
         <run_address>0x53a4</run_address>
         <size>0x8</size>
         <input_file_ref idref="fl-10d"/>
      </object_component>
[...]
         <object_component_ref idref="oc-7f9"/>
      </symbol>
      <symbol id="sm-8c5">
         <name>SwiP_post</name>
         <value>0x3de9</value>
         <object_component_ref idref="oc-904"/>
      </symbol>
      <symbol id="sm-8c6">
         <name>SwiP_dispatch</name>
         <value>0x3269</value>
         <object_component_ref idref="oc-965"/>
      </symbol>
      <symbol id="sm-93f">
         <name>CS_setExternalClockSourceFrequency</name>
         <value>0x4f29</value>
         <object_component_ref idref="oc-2a1"/>
      </symbol>
      <symbol id="sm-940">
         <name>CS_startHFXTWithTimeout</name>
         <value>0x26d9</value>
         <object_component_ref idref="oc-2ad"/>
      </symbol>
      <symbol id="sm-941">
         <name>CS_startLFXTWithTimeout</name>
         <value>0x28a1</value>
         <object_component_ref idref="oc-2b3"/>
      </symbol>
      <symbol id="sm-957">
         <name>I2C_masterSendMultiByteFinish</name>
         <value>0x3b71</value>
         <object_component_ref idref="oc-86e"/>
      </symbol>
      <symbol id="sm-9ed">
         <name>Interrupt_disableMaster</name>
         <value>0x5249</value>
         <object_component_ref idref="oc-52"/>
      </symbol>
      <symbol id="sm-9ee">
         <name>Interrupt_disableInterrupt</name>
         <value>0x36d5</value>
         <object_component_ref idref="oc-847"/>
      </symbol>
      <symbol id="sm-9ef">
         <name>Interrupt_unregisterInterrupt</name>
         <value>0x4fc9</value>
         <object_component_ref idref="oc-84d"/>
      </symbol>
      <symbol id="sm-9f0">
         <name>Interrupt_setPriority</name>
         <value>0x43e1</value>
         <object_component_ref idref="oc-3ea"/>
      </symbol>
      <symbol id="sm-9f1">
         <name>Interrupt_enableMaster</name>
         <value>0x5259</value>
         <object_component_ref idref="oc-19a"/>
      </symbol>
      <symbol id="sm-9f2">
         <name>Interrupt_enableInterrupt</name>
         <value>0x3755</value>
         <object_component_ref idref="oc-3f0"/>
      </symbol>
      <symbol id="sm-9f3">
         <name>Interrupt_registerInterrupt</name>
         <value>0x4175</value>
         <object_component_ref idref="oc-3e4"/>
      </symbol>
      <symbol id="sm-9f4">
         <name>g_pfnRAMVectors</name>
         <value>0x20008c00</value>
         <object_component_ref idref="oc-57e"/>
      </symbol>
      <symbol id="sm-9f5">
         <name>Interrupt_pendInterrupt</name>
         <value>0x3d19</value>
         <object_component_ref idref="oc-6fb"/>
      </symbol>
      <symbol id="sm-a02">
         <name>SysCtl_getNMISourceStatus</name>
         <value>0x52c9</value>
         <object_component_ref idref="oc-6f4"/>
      </symbol>
      <symbol id="sm-a22">
         <name>SysCtl_A_enableNMISource</name>
         <value>0x5101</value>
         <object_component_ref idref="oc-3b2"/>
      </symbol>
      <symbol id="sm-a23">
         <name>SysCtl_A_getNMISourceStatus</name>
         <value>0x52b9</value>
         <object_component_ref idref="oc-3a0"/>
      </symbol>
      <symbol id="sm-a24">
         <name>SysCtl_A_disableNMISource</name>
         <value>0x50e9</value>
         <object_component_ref idref="oc-3a6"/>
      </symbol>
      <symbol id="sm-a37">
         <name>CPU_cpsie</name>
         <value>0x532b</value>
         <object_component_ref idref="oc-1e6"/>
      </symbol>
      <symbol id="sm-a38">
         <name>CPU_cpsid</name>
         <value>0x531f</value>
         <object_component_ref idref="oc-96"/>
      </symbol>
      <symbol id="sm-a64">
         <name>printf</name>
         <value>0x3f21</value>
         <object_component_ref idref="oc-1f9"/>
      </symbol>
      <symbol id="sm-bce">
         <name>__TI_printfi</name>
         <value>0x145</value>
         <object_component_ref idref="oc-336"/>
      </symbol>
      <symbol id="sm-be3">
         <name>putc</name>
         <value>0x3439</value>
         <object_component_ref idref="oc-537"/>
      </symbol>
      <symbol id="sm-be4">
         <name>fputc</name>
         <value>0x3439</value>
         <object_component_ref idref="oc-537"/>
      </symbol>
      <symbol id="sm-c07">
         <name>fputs</name>
         <value>0x21c9</value>
         <object_component_ref idref="oc-530"/>
      </symbol>
      <symbol id="sm-c1f">
         <name>__TI_wrt_ok</name>
         <value>0x4051</value>
         <object_component_ref idref="oc-6b6"/>
      </symbol>
      <symbol id="sm-c3b">
         <name>setvbuf</name>
         <value>0x2b3d</value>
         <object_component_ref idref="oc-7d7"/>
      </symbol>
      <symbol id="sm-c5d">
         <name>frexpl</name>
         <value>0x3f89</value>
         <object_component_ref idref="oc-682"/>
      </symbol>
      <symbol id="sm-c5e">
         <name>frexp</name>
         <value>0x3f89</value>
         <object_component_ref idref="oc-682"/>
      </symbol>
      <symbol id="sm-c7b">
         <name>scalbn</name>
         <value>0x22dd</value>
         <object_component_ref idref="oc-688"/>
      </symbol>
      <symbol id="sm-c7c">
         <name>scalbnl</name>
         <value>0x22dd</value>
         <object_component_ref idref="oc-688"/>
      </symbol>
      <symbol id="sm-c7d">
         <name>ldexpl</name>
         <value>0x22dd</value>
         <object_component_ref idref="oc-688"/>
      </symbol>
      <symbol id="sm-c7e">
         <name>ldexp</name>
         <value>0x22dd</value>
         <object_component_ref idref="oc-688"/>
      </symbol>
      <symbol id="sm-c98">
         <name>wcslen</name>
         <value>0x5215</value>
         <object_component_ref idref="oc-514"/>
      </symbol>
      <symbol id="sm-caf">
         <name>__aeabi_dsub</name>
         <value>0x174d</value>
         <object_component_ref idref="oc-662"/>
      </symbol>
      <symbol id="sm-cb0">
         <name>__aeabi_dadd</name>
         <value>0x1757</value>
         <object_component_ref idref="oc-662"/>
      </symbol>
      <symbol id="sm-cd2">
         <name>__aeabi_cdcmpeq</name>
         <value>0x34c5</value>
         <object_component_ref idref="oc-4f1"/>
      </symbol>
      <symbol id="sm-cd3">
         <name>__aeabi_cdcmple</name>
         <value>0x34c5</value>
         <object_component_ref idref="oc-4f1"/>
      </symbol>
      <symbol id="sm-cd4">
         <name>__aeabi_cdrcmple</name>
         <value>0x354b</value>
         <object_component_ref idref="oc-64d"/>
      </symbol>
      <symbol id="sm-ce8">
         <name>__aeabi_ddiv</name>
         <value>0x1d35</value>
         <object_component_ref idref="oc-648"/>
      </symbol>
      <symbol id="sm-cf3">
         <name>__aeabi_dmul</name>
         <value>0x24ed</value>
         <object_component_ref idref="oc-643"/>
      </symbol>
      <symbol id="sm-cfd">
         <name>__aeabi_d2iz</name>
         <value>0x46e9</value>
         <object_component_ref idref="oc-652"/>
      </symbol>
      <symbol id="sm-d0a">
         <name>__aeabi_i2d</name>
         <value>0x4cd1</value>
         <object_component_ref idref="oc-65d"/>
      </symbol>
      <symbol id="sm-d25">
         <name>memcpy</name>
         <value>0x3305</value>
         <object_component_ref idref="oc-3a"/>
      </symbol>
      <symbol id="sm-d26">
         <name>__aeabi_memcpy</name>
         <value>0x3305</value>
         <object_component_ref idref="oc-3a"/>
      </symbol>
      <symbol id="sm-d27">
         <name>__aeabi_memcpy8</name>
         <value>0x3305</value>
         <object_component_ref idref="oc-3a"/>
      </symbol>
      <symbol id="sm-d28">
         <name>__aeabi_memcpy4</name>
         <value>0x3305</value>
         <object_component_ref idref="oc-3a"/>
      </symbol>
      <symbol id="sm-d36">
         <name>__aeabi_uldivmod</name>
         <value>0x33a1</value>
         <object_component_ref idref="oc-63c"/>
      </symbol>
      <symbol id="sm-d45">
         <name>__aeabi_memset</name>
         <value>0x37d7</value>
         <object_component_ref idref="oc-90"/>
      </symbol>
      <symbol id="sm-d46">
         <name>memset</name>
         <value>0x37dd</value>
         <object_component_ref idref="oc-90"/>
      </symbol>
      <symbol id="sm-d47">
         <name>__aeabi_memset8</name>
         <value>0x37d7</value>
         <object_component_ref idref="oc-90"/>
      </symbol>
      <symbol id="sm-d48">
         <name>__aeabi_memset4</name>
         <value>0x37d7</value>
         <object_component_ref idref="oc-90"/>
      </symbol>
      <symbol id="sm-d49">
         <name>__aeabi_memclr8</name>
         <value>0x37d5</value>
         <object_component_ref idref="oc-90"/>
      </symbol>
      <symbol id="sm-d4a">
         <name>__aeabi_memclr4</name>
         <value>0x37d5</value>
         <object_component_ref idref="oc-90"/>
      </symbol>
      <symbol id="sm-d4b">
         <name>__aeabi_memclr</name>
         <value>0x37d5</value>
         <object_component_ref idref="oc-90"/>
      </symbol>
      <symbol id="sm-d5d">
         <name>__TI_zero_init</name>
         <value>0x5375</value>
         <object_component_ref idref="oc-4c"/>
      </symbol>
      <symbol id="sm-d74">
         <name>__TI_decompress_none</name>
         <value>0x5305</value>
         <object_component_ref idref="oc-18"/>
      </symbol>
      <symbol id="sm-d97">
         <name>__TI_decompress_lzss</name>
         <value>0x3e51</value>
         <object_component_ref idref="oc-12"/>
      </symbol>
      <symbol id="sm-dbd">
         <name>C$$EXIT</name>
         <value>0x53e1</value>
         <object_component_ref idref="oc-123"/>
      </symbol>
      <symbol id="sm-dbe">
         <name>abort</name>
         <value>0x53e1</value>
         <object_component_ref idref="oc-123"/>
      </symbol>
      <symbol id="sm-dbf">
         <name>__TI_dtors_ptr</name>
         <value>0x20008494</value>
         <object_component_ref idref="oc-1ab"/>
      </symbol>
      <symbol id="sm-dc0">
         <name>__TI_cleanup_ptr</name>
         <value>0x20008490</value>
         <object_component_ref idref="oc-1ab"/>
      </symbol>
      <symbol id="sm-dc1">
         <name>__TI_enable_exit_profile_output</name>
         <value>0x20008498</value>
         <object_component_ref idref="oc-1ab"/>
      </symbol>
      <symbol id="sm-dc2">
         <name>exit</name>
         <value>0x46a1</value>
         <object_component_ref idref="oc-129"/>
      </symbol>
      <symbol id="sm-dd7">
         <name>_nop</name>
         <value>0x384f</value>
         <object_component_ref idref="oc-260"/>
      </symbol>
      <symbol id="sm-dd8">
         <name>_lock</name>
         <value>0x200084a8</value>
         <object_component_ref idref="oc-1ae"/>
      </symbol>
      <symbol id="sm-dd9">
         <name>_unlock</name>
         <value>0x200084ac</value>
         <object_component_ref idref="oc-1ae"/>
      </symbol>
      <symbol id="sm-de8">
         <name>__TI_ltoa</name>
         <value>0x4435</value>
         <object_component_ref idref="oc-657"/>
      </symbol>
      <symbol id="sm-dfe">
         <name>atoi</name>
         <value>0x4579</value>
         <object_component_ref idref="oc-4e5"/>
      </symbol>
      <symbol id="sm-e09">
         <name>_ctypes_</name>
         <value>0x53e4</value>
         <object_component_ref idref="oc-637"/>
      </symbol>
      <symbol id="sm-e1e">
         <name>__TI_tmpnams</name>
         <value>0x200086b0</value>
      </symbol>
      <symbol id="sm-e1f">
         <name>__aeabi_stdout</name>
         <value>0x20008488</value>
         <object_component_ref idref="oc-929"/>
      </symbol>
      <symbol id="sm-e20">
         <name>__aeabi_stderr</name>
         <value>0x2000848c</value>
         <object_component_ref idref="oc-929"/>
      </symbol>
      <symbol id="sm-e21">
         <name>__aeabi_stdin</name>
         <value>0x20008484</value>
         <object_component_ref idref="oc-929"/>
      </symbol>
      <symbol id="sm-e22">
         <name>_ftable</name>
         <value>0x20008280</value>
         <object_component_ref idref="oc-33c"/>
      </symbol>
      <symbol id="sm-e23">
         <name>__TI_ft_end</name>
         <value>0x20008480</value>
         <object_component_ref idref="oc-929"/>
      </symbol>
      <symbol id="sm-e33">
         <name>memccpy</name>
         <value>0x501d</value>
         <object_component_ref idref="oc-50e"/>
      </symbol>
      <symbol id="sm-e43">
         <name>memchr</name>
         <value>0x4fa9</value>
         <object_component_ref idref="oc-6bc"/>
      </symbol>
      <symbol id="sm-ecc">
         <name>_sys_memory</name>
         <value>0x20000000</value>
         <object_component_ref idref="oc-29"/>
      </symbol>
      <symbol id="sm-ecd">
         <name>free</name>
         <value>0x27bd</value>
         <object_component_ref idref="oc-2d7"/>
      </symbol>
      <symbol id="sm-ece">
         <name>memalign</name>
         <value>0x23ed</value>
         <object_component_ref idref="oc-3dd"/>
      </symbol>
      <symbol id="sm-ecf">
         <name>malloc</name>
         <value>0x53a5</value>
         <object_component_ref idref="oc-2cb"/>
      </symbol>
      <symbol id="sm-ed0">
         <name>aligned_alloc</name>
         <value>0x23ed</value>
         <object_component_ref idref="oc-3dd"/>
      </symbol>
      <symbol id="sm-ee0">
         <name>strchr</name>
         <value>0x5175</value>
         <object_component_ref idref="oc-68e"/>
      </symbol>
      <symbol id="sm-eee">
         <name>strlen</name>
         <value>0x51dd</value>
         <object_component_ref idref="oc-4df"/>
      </symbol>
      <symbol id="sm-f05">
         <name>__aeabi_errno_addr</name>
         <value>0x5395</value>
         <object_component_ref idref="oc-51a"/>
      </symbol>
      <symbol id="sm-f06">
         <name>errno</name>
         <value>0x200084e0</value>
         <object_component_ref idref="oc-69e"/>
      </symbol>
      <symbol id="sm-f19">
         <name>__stack</name>
         <value>0x2000f000</value>
         <object_component_ref idref="oc-2c"/>
      </symbol>
      <symbol id="sm-f1a">
         <name>_c_int00_noargs</name>
         <value>0x4bd9</value>
         <object_component_ref idref="oc-a8"/>
      </symbol>
      <symbol id="sm-f2f">
         <name>write</name>
         <value>0x4e49</value>
         <object_component_ref idref="oc-6c8"/>
      </symbol>
      <symbol id="sm-f40">
         <name>_stream</name>
         <value>0x200083e8</value>
         <object_component_ref idref="oc-7e3"/>
      </symbol>
      <symbol id="sm-f41">
         <name>_device</name>
         <value>0x20008370</value>
         <object_component_ref idref="oc-8a3"/>
      </symbol>
      <symbol id="sm-f51">
         <name>__TI_doflush</name>
         <value>0x452d</value>
         <object_component_ref idref="oc-6c2"/>
      </symbol>
      <symbol id="sm-f61">
         <name>__TI_cleanup</name>
         <value>0x4b71</value>
         <object_component_ref idref="oc-890"/>
      </symbol>
      <symbol id="sm-f73">
         <name>fseek</name>
         <value>0x3fed</value>
         <object_component_ref idref="oc-7d1"/>
      </symbol>
      <symbol id="sm-f7d">
         <name>copysign</name>
         <value>0x506d</value>
         <object_component_ref idref="oc-7b5"/>
      </symbol>
      <symbol id="sm-f7e">
         <name>copysignl</name>
         <value>0x506d</value>
         <object_component_ref idref="oc-7b5"/>
      </symbol>
      <symbol id="sm-f8b">
         <name>__aeabi_idiv0</name>
         <value>0x4b6f</value>
         <object_component_ref idref="oc-79c"/>
      </symbol>
      <symbol id="sm-f8c">
         <name>__aeabi_ldiv0</name>
         <value>0x4b6f</value>
         <object_component_ref idref="oc-79c"/>
      </symbol>
      <symbol id="sm-fb4">
         <name>__TI_auto_init_nobinit_nopinit</name>
         <value>0x48c9</value>
         <object_component_ref idref="oc-12f"/>
      </symbol>
      <symbol id="sm-fbe">
         <name>_system_pre_init</name>
         <value>0x53dd</value>
         <object_component_ref idref="oc-f0"/>
      </symbol>
      <symbol id="sm-fd1">
         <name>HOSTclose</name>
         <value>0x4731</value>
         <object_component_ref idref="oc-935"/>
      </symbol>
      <symbol id="sm-fe2">
         <name>HOSTlseek</name>
         <value>0x3cb1</value>
         <object_component_ref idref="oc-947"/>
      </symbol>
      <symbol id="sm-ff4">
         <name>parmbuf</name>
         <value>0x200088a8</value>
      </symbol>
      <symbol id="sm-ff5">
         <name>HOSTopen</name>
         <value>0x4115</value>
         <object_component_ref idref="oc-92f"/>
      </symbol>
      <symbol id="sm-1006">
         <name>HOSTread</name>
         <value>0x422d</value>
         <object_component_ref idref="oc-93b"/>
      </symbol>
      <symbol id="sm-1017">
         <name>HOSTrename</name>
         <value>0x3b05</value>
         <object_component_ref idref="oc-953"/>
      </symbol>
      <symbol id="sm-1028">
         <name>HOSTunlink</name>
         <value>0x4775</value>
         <object_component_ref idref="oc-94d"/>
      </symbol>
      <symbol id="sm-1039">
         <name>HOSTwrite</name>
         <value>0x4285</value>
         <object_component_ref idref="oc-941"/>
      </symbol>
      <symbol id="sm-105d">
         <name>__TI_readmsg</name>
         <value>0x4ba5</value>
         <object_component_ref idref="oc-9a4"/>
      </symbol>
      <symbol id="sm-105e">
         <name>C$$IO$$</name>
         <value>0x4af7</value>
         <object_component_ref idref="oc-99e"/>
      </symbol>
      <symbol id="sm-105f">
         <name>__CIOBUF_</name>
         <value>0x200084f0</value>
         <object_component_ref idref="oc-9e1"/>
      </symbol>
      <symbol id="sm-1060">
         <name>__TI_writemsg</name>
         <value>0x4ac9</value>
         <object_component_ref idref="oc-99e"/>
      </symbol>
      <symbol id="sm-1071">
         <name>lseek</name>
         <value>0x4e21</value>
         <object_component_ref idref="oc-888"/>
      </symbol>
      <symbol id="sm-1086">
         <name>__TI_closefile</name>
         <value>0x3941</value>
         <object_component_ref idref="oc-923"/>
      </symbol>
      <symbol id="sm-10a9">
         <name>finddevice</name>
         <value>0x4c71</value>
         <object_component_ref idref="oc-a02"/>
      </symbol>
      <symbol id="sm-10aa">
         <name>getdevice</name>
         <value>0x490d</value>
         <object_component_ref idref="oc-9d7"/>
      </symbol>
      <symbol id="sm-10b9">
         <name>strcmp</name>
         <value>0x5131</value>
         <object_component_ref idref="oc-a19"/>
      </symbol>
      <symbol id="sm-10c7">
         <name>strcpy</name>
         <value>0x51c9</value>
         <object_component_ref idref="oc-9b8"/>
      </symbol>
      <symbol id="sm-10d7">
         <name>strncpy</name>
         <value>0x4b39</value>
         <object_component_ref idref="oc-9fc"/>
      </symbol>
      <symbol id="sm-10ec">
         <name>close</name>
         <value>0x41d1</value>
         <object_component_ref idref="oc-98d"/>
      </symbol>
      <symbol id="sm-10fc">
         <name>unlink</name>
         <value>0x4d01</value>
         <object_component_ref idref="oc-993"/>
      </symbol>
      <symbol id="sm-10fd">
         <name>__TI_static_base__</name>
         <value>0x5638</value>
      </symbol>
      <symbol id="sm-1100">
         <name>__mpu_init</name>
         <value>0x0</value>
      </symbol>
      <symbol id="sm-1101">
         <name>_system_post_cinit</name>
         <value>0x0</value>
      </symbol>
      <symbol id="sm-1102">
         <name>NoRTOS_start</name>
         <value>0x53bd</value>
      </symbol>
      <symbol id="sm-1103">
         <name>remove</name>
         <value>0x4d01</value>
      </symbol>
   </symbol_table>
   <title>Link successful</title>
</link_info>
