******************************************************************************
                  TI ARM Linker PC v20.2.5                     
******************************************************************************
>> Linked Sat Nov 20 17:19:54 2021

OUTPUT FILE NAME:   <fatsd_MSP_EXP432P401R_nortos_ccs.out>
ENTRY POINT SYMBOL: "resetISR"  address: 0000beb5


MEMORY CONFIGURATION

         name            origin    length      used     unused   attr    fill
----------------------  --------  ---------  --------  --------  ----  --------
  MAIN                  00000000   00040000  0000ccc8  00033338  R  X
  INFO                  00200000   00004000  00000000  00004000  R  X
  SRAM_CODE             01000000   00010000  0000ab0f  000054f1  RW X
  SRAM_DATA             20000000   00010000  0000ab0f  000054f1  RW  


SEGMENT ALLOCATION MAP

run origin  load origin   length   init length attrs members
----------  ----------- ---------- ----------- ----- -------
00000000    00000000    0000ccd0   0000ccd0    r-x
  00000000    00000000    00000144   00000144    r-- .intvecs
  00000144    00000144    0000c2a6   0000c2a6    r-x .text
  0000c3f0    0000c3f0    000007be   000007be    r-- .const
  0000cbb0    0000cbb0    00000120   00000120    r-- .cinit
20000000    20000000    00009a28   00000000    rw-
  20000000    20000000    00008000   00000000    rw- .sysmem
  20008000    20008000    000014b7   00000000    rw- .bss
  200094b8    200094b8    00000570   00000000    rw- .data
20009c00    20009c00    000000e8   00000000    rw-
  20009c00    20009c00    000000e8   00000000    rw- .vtable
2000f000    2000f000    00001000   00000000    rw-
  2000f000    2000f000    00001000   00000000    rw- .stack


SECTION ALLOCATION MAP

 output                                  attributes/
section   page    origin      length       input sections
--------  ----  ----------  ----------   ----------------
.text      0    00000144    0000c2a6     
                  00000144    00000a4e     rtsv7M4_T_le_v4SPD16_eabi.lib : _printfi.c.obj (.text:__TI_printfi)
                  00000b92    00000002     ti_drivers_config.obj (.text:Board_initHook)
                  00000b94    00000738     rtsv7M4_T_le_v4SPD16_eabi.lib : k_rem_pio2.c.obj (.text:__kernel_rem_pio2)
                  000012cc    000005e0                                   : s_sin.c.obj (.text:sin)
                  000018ac    000004ec     fatsd_nortos.obj (.text:mainThread)
                  00001d98    00000430     mpu.obj (.text:process_raw_values)
                  000021c8    000003d4     rtsv7M4_T_le_v4SPD16_eabi.lib : e_asin.c.obj (.text:asin)
                  0000259c    000002f8     drivers_msp432p401x.aem4f : PowerMSP432.oem4f (.text:Power_sleep)
                  00002894    000002d8     nortos_msp432p401x.aem4f : SystemP_nortos.oem4f (.text:doPrint)
                  00002b6c    000002d0     drivers_msp432p401x.aem4f : UARTMSP432.oem4f (.text:UARTMSP432_open)
                  00002e3c    00000298     fatfs.a : ff.obj (.text:find_volume)
                  000030d4    0000028c     drivers_msp432p401x.aem4f : SPIMSP432DMA.oem4f (.text:SPIMSP432DMA_open)
                  00003360    00000288                               : PowerMSP432.oem4f (.text:initPerfControl)
                  000035e8    00000270     rtsv7M4_T_le_v4SPD16_eabi.lib : _printfi.c.obj (.text:_pconv_a)
                  00003858    000001f8     drivers_msp432p401x.aem4f : I2CMSP432.oem4f (.text:I2CMSP432_open)
                  00003a50    000001dc                               : SDSPI.oem4f (.text:SDSPI_initialize)
                  00003c2c    000001d0     rtsv7M4_T_le_v4SPD16_eabi.lib : _printfi.c.obj (.text:_pconv_g)
                  00003dfc    000001c0     mpu.obj (.text:MPU6050_Reset)
                  00003fbc    000001b6     fatfs.a : ff.obj (.text:f_open)
                  00004172    000001b6     rtsv7M4_T_le_v4SPD16_eabi.lib : fd_add_t2.asm.obj (.text)
                  00004328    00000186     fatfs.a : ff.obj (.text:f_write)
                  000044ae    00000184     drivers_msp432p401x.aem4f : I2CMSP432.oem4f (.text:I2CMSP432_hwiIntFxn)
                  00004632    00000002     display.aem4f : DisplayUart.oem4f (.text:DisplayUartMin_clear)
                  00004634    00000180     rtsv7M4_T_le_v4SPD16_eabi.lib : fwrite.c.obj (.text:fwrite)
                  000047b4    00000174                                   : k_sin.c.obj (.text:__kernel_sin)
                  00004928    00000170     drivers_msp432p401x.aem4f : GPIOMSP432.oem4f (.text:GPIO_setConfig)
                  00004a98    00000170     rtsv7M4_T_le_v4SPD16_eabi.lib : k_cos.c.obj (.text:__kernel_cos)
                  00004c08    00000158                                   : e_sqrt.c.obj (.text:sqrt)
                  00004d60    00000156     fatfs.a : ff.obj (.text:f_read)
                  00004eb6    00000140             : ff.obj (.text:f_lseek)
                  00004ff6    00000002     display.aem4f : DisplayUart.oem4f (.text:DisplayUartMin_clearLines)
                  00004ff8    0000013c     rtsv7M4_T_le_v4SPD16_eabi.lib : _printfi.c.obj (.text:_pconv_e)
                  00005134    00000136                                   : fd_div_t2.asm.obj (.text)
                  0000526a    00000002     display.aem4f : DisplayUart.oem4f (.text:DisplayUartMin_init)
                  0000526c    00000130     drivers_msp432p401x.aem4f : UDMAMSP432.oem4f (.text:setupInterrupt)
                  0000539c    0000012c                               : SPIMSP432DMA.oem4f (.text:SPIMSP432DMA_transfer)
                  000054c8    00000124     mpu.obj (.text:MPU6050_ReadData)
                  000055ec    00000124     rtsv7M4_T_le_v4SPD16_eabi.lib : _printfi.c.obj (.text:fcvt)
                  00005710    0000011c     msp432p4xx_driverlib.lib : uart.o (.text:UART_initModule)
                  0000582c    0000011c     drivers_msp432p401x.aem4f : I2CMSP432.oem4f (.text:primeTransfer)
                  00005948    00000114     rtsv7M4_T_le_v4SPD16_eabi.lib : fputs.c.obj (.text:fputs)
                  00005a5c    00000110                                   : fopen.c.obj (.text:_openfile)
                  00005b6c    00000110                                   : s_scalbn.c.obj (.text:scalbn)
                  00005c7c    0000010c     fatfs.a : ff.obj (.text:f_rename)
                  00005d88    00000104     drivers_msp432p401x.aem4f : SPIMSP432DMA.oem4f (.text:SPIMSP432DMA_transferCancel)
                  00005e8c    00000100     rtsv7M4_T_le_v4SPD16_eabi.lib : memory.c.obj (.text:aligned_alloc)
                  00005f8c    000000fc     drivers_msp432p401x.aem4f : SPIMSP432DMA.oem4f (.text:configDMA)
                  00006088    000000fc     rtsv7M4_T_le_v4SPD16_eabi.lib : fd_mul_t2.asm.obj (.text)
                  00006184    000000f8                                   : s_floor.c.obj (.text:floor)
                  0000627c    000000f8                                   : fread.c.obj (.text:fread)
                  00006374    000000f2     fatfs.a : ff.obj (.text:put_fat)
                  00006466    00000002     drivers_msp432p401x.aem4f : I2CMSP432.oem4f (.text:I2CMSP432_init)
                  00006468    000000f0     msp432p4xx_driverlib.lib : dma.o (.text:DMA_setChannelTransfer)
                  00006558    000000f0     drivers_msp432p401x.aem4f : I2CMSP432.oem4f (.text:I2CMSP432_transfer)
                  00006648    000000ee     fatfs.a : ff.obj (.text:create_chain)
                  00006736    00000002     msp432p4xx_driverlib.lib : interrupt.o (.text:IntDefaultHandler)
                  00006738    000000e4                              : cs.o (.text:CS_startHFXTWithTimeout)
                  0000681c    000000e4     rtsv7M4_T_le_v4SPD16_eabi.lib : memory.c.obj (.text:free)
                  00006900    000000e0     msp432p4xx_driverlib.lib : cs.o (.text:CS_startLFXTWithTimeout)
                  000069e0    000000e0     nortos_msp432p401x.aem4f : TimerPMSP432_nortos.oem4f (.text:TimerP_construct)
                  00006ac0    000000dc     drivers_msp432p401x.aem4f : UARTMSP432.oem4f (.text:UARTMSP432_readPolling)
                  00006b9c    000000dc                               : UDMAMSP432.oem4f (.text:UDMAMSP432_close)
                  00006c78    000000dc     msp432p4xx_driverlib.lib : cs.o (.text:_CSGetHFXTFrequency)
                  00006d54    000000dc     rtsv7M4_T_le_v4SPD16_eabi.lib : setvbuf.c.obj (.text:setvbuf)
                  00006e30    000000d8     nortos_msp432p401x.aem4f : SwiP_nortos.oem4f (.text:SwiP_construct)
                  00006f08    000000d3     fatfs.a : ff.obj (.text:create_name)
                  00006fdb    00000001     --HOLE-- [fill = 0]
                  00006fdc    000000d0     drivers_msp432p401x.aem4f : SDFatFS.oem4f (.text:SDFatFS_open)
                  000070ac    000000ca                               : SDSPI.oem4f (.text:SDSPI_write)
                  00007176    000000ca                               : UARTMSP432.oem4f (.text:UARTMSP432_hwiIntFxn)
                  00007240    000000c8     mpu.obj (.text:mpu6050)
                  00007308    000000bc     fatfs.a : ff.obj (.text:get_fat)
                  000073c4    000000bc     rtsv7M4_T_le_v4SPD16_eabi.lib : open.c.obj (.text:open)
                  00007480    000000b8                                   : add_device.c.obj (.text:add_device)
                  00007538    000000b8     fatfs.a : ff.obj (.text:dir_next)
                  000075f0    000000b8     drivers_msp432p401x.aem4f : UARTMSP432.oem4f (.text:initHw)
                  000076a8    000000b8                               : UARTMSP432.oem4f (.text:readTaskCallback)
                  00007760    000000b4     nortos_msp432p401x.aem4f : ClockPTimer_nortos.oem4f (.text:ClockP_startup)
                  00007814    000000b4     drivers_msp432p401x.aem4f : UARTMSP432.oem4f (.text:UARTMSP432_control)
                  000078c8    000000b4                               : UARTMSP432.oem4f (.text:UARTMSP432_writePolling)
                  0000797c    000000b1     rtsv7M4_T_le_v4SPD16_eabi.lib : _printfi.c.obj (.text:_ltostr)
                  00007a2d    00000001     --HOLE-- [fill = 0]
                  00007a2e    000000b0     msp432p4xx_driverlib.lib : spi.o (.text:SPI_initMaster)
                  00007ade    000000ae     drivers_msp432p401x.aem4f : SDSPI.oem4f (.text:SDSPI_read)
                  00007b8c    000000ac     nortos_msp432p401x.aem4f : ClockPTimer_nortos.oem4f (.text:ClockP_workFuncDynamic)
                  00007c38    000000ac     drivers_msp432p401x.aem4f : GPIOMSP432.oem4f (.text:GPIO_init)
                  00007ce4    000000ac                               : I2CMSP432.oem4f (.text:I2CMSP432_cancel)
                  00007d90    000000a8                               : SDSPI.oem4f (.text:SDSPI_getNumSectors)
                  00007e38    000000a8                               : UARTMSP432.oem4f (.text:UARTMSP432_write)
                  00007ee0    000000a8     fatfs.a : ffcio.obj (.text:ffcio_open)
                  00007f88    000000a8     drivers_msp432p401x.aem4f : UARTMSP432.oem4f (.text:readTaskBlocking)
                  00008030    000000a2     fatfs.a : ff.obj (.text:f_unlink)
                  000080d2    00000002     nortos_msp432p401x.aem4f : PowerMSP432_nortos.oem4f (.text:PowerMSP432_initPolicy)
                  000080d4    000000a0                              : SemaphoreP_nortos.oem4f (.text:SemaphoreP_pend)
                  00008174    000000a0     drivers_msp432p401x.aem4f : UARTMSP432.oem4f (.text:readIsrTextCallback)
                  00008214    0000009c                               : PowerMSP432.oem4f (.text:Power_init)
                  000082b0    0000009c     nortos_msp432p401x.aem4f : SwiP_nortos.oem4f (.text:SwiP_dispatch)
                  0000834c    0000009c     rtsv7M4_T_le_v4SPD16_eabi.lib : _bufread.c.obj (.text:__TI_buff_read)
                  000083e8    0000009c     fatfs.a : ff.obj (.text:f_sync)
                  00008484    0000009c     rtsv7M4_T_le_v4SPD16_eabi.lib : fopen.c.obj (.text:fopen)
                  00008520    0000009c                                   : memcpy_t2.asm.obj (.text)
                  000085bc    00000096                                   : ull_div_t2.asm.obj (.text)
                  00008652    00000002     nortos_msp432p401x.aem4f : PowerMSP432_nortos.oem4f (.text:PowerMSP432_updateFreqs)
                  00008654    00000094     drivers_msp432p401x.aem4f : UDMAMSP432.oem4f (.text:UDMAMSP432_init)
                  000086e8    00000094                               : UDMAMSP432.oem4f (.text:UDMAMSP432_open)
                  0000877c    00000092                               : UARTMSP432.oem4f (.text:UARTMSP432_close)
                  0000880e    00000092                               : SDSPI.oem4f (.text:sendCmd)
                  000088a0    00000092                               : UARTMSP432.oem4f (.text:writeData)
                  00008932    00000002     nortos_msp432p401x.aem4f : SemaphoreP_nortos.oem4f (.text:SemaphoreP_destruct)
                  00008934    0000008c     rtsv7M4_T_le_v4SPD16_eabi.lib : fputc.c.obj (.text:fputc)
                  000089c0    0000008c     drivers_msp432p401x.aem4f : UARTMSP432.oem4f (.text:readIsrTextBlocking)
                  00008a4c    0000008c     fatfs.a : ff.obj (.text:sync_fs)
                  00008ad8    00000088             : ff.obj (.text:dir_sdi)
                  00008b60    00000086     rtsv7M4_T_le_v4SPD16_eabi.lib : fd_cmp_t2.asm.obj (.text:__aeabi_cdcmple)
                  00008be6    00000086                                   : fd_cmp_t2.asm.obj (.text:__aeabi_cdrcmple)
                  00008c6c    00000086     drivers_msp432p401x.aem4f : SPIMSP432DMA.oem4f (.text:initHw)
                  00008cf2    00000002                               : UARTMSP432.oem4f (.text:UARTMSP432_init)
                  00008cf4    00000084                               : PowerMSP432.oem4f (.text:restartHFXT)
                  00008d78    00000080     nortos_msp432p401x.aem4f : ClockPTimer_nortos.oem4f (.text:ClockP_start)
                  00008df8    00000080     msp432p4xx_driverlib.lib : interrupt.o (.text:Interrupt_disableInterrupt)
                  00008e78    00000080                              : interrupt.o (.text:Interrupt_enableInterrupt)
                  00008ef8    00000080     drivers_msp432p401x.aem4f : SDSPI.oem4f (.text:recvDataBlock)
                  00008f78    0000007c     fatfs.a : ff.obj (.text:f_mount)
                  00008ff4    0000007c     rtsv7M4_T_le_v4SPD16_eabi.lib : fflush.c.obj (.text:fflush)
                  00009070    0000007a                                   : memset_t2.asm.obj (.text)
                  000090ea    00000002                                   : _lock.c.obj (.text:_nop)
                  000090ec    00000078     nortos_msp432p401x.aem4f : ClockPTimer_nortos.oem4f (.text:ClockP_walkQueueDynamic)
                  00009164    00000078     drivers_msp432p401x.aem4f : SDSPI.oem4f (.text:transmitDataBlock)
                  000091dc    00000076                               : I2CMSP432.oem4f (.text:I2CMSP432_close)
                  00009252    00000002     nortos_msp432p401x.aem4f : startup_msp432_ccs.oem4f (.text:busFaultISR)
                  00009254    00000074     drivers_msp432p401x.aem4f : SDSPI.oem4f (.text:SDSPI_open)
                  000092c8    00000074     rtsv7M4_T_le_v4SPD16_eabi.lib : fclose.c.obj (.text:__TI_closefile)
                  0000933c    00000074     fatfs.a : ff.obj (.text:follow_path)
                  000093b0    00000070     nortos_msp432p401x.aem4f : HwiPMSP432_nortos.oem4f (.text:HwiP_construct)
                  00009420    00000070     drivers_msp432p401x.aem4f : UARTMSP432.oem4f (.text:UARTMSP432_writeCancel)
                  00009490    00000070     fatfs.a : ff.obj (.text:remove_chain)
                  00009500    00000070     rtsv7M4_T_le_v4SPD16_eabi.lib : memory.c.obj (.text:split)
                  00009570    0000006e                                   : _printfi.c.obj (.text:_mcpy)
                  000095de    00000002     nortos_msp432p401x.aem4f : SemaphoreP_nortos.oem4f (.text:clkFxn)
                  000095e0    0000006e     fatfs.a : ff.obj (.text:check_fs)
                  0000964e    0000006e     rtsv7M4_T_le_v4SPD16_eabi.lib : fd_tos_t2.asm.obj (.text)
                  000096bc    0000006d     nortos_msp432p401x.aem4f : SystemP_nortos.oem4f (.text:formatNum)
                  00009729    00000001     --HOLE-- [fill = 0]
                  0000972a    00000002                              : startup_msp432_ccs.oem4f (.text:defaultISR)
                  0000972c    0000006c     rtsv7M4_T_le_v4SPD16_eabi.lib : hostrename.c.obj (.text:HOSTrename)
                  00009798    0000006c     msp432p4xx_driverlib.lib : i2c.o (.text:I2C_masterSendMultiByteFinish)
                  00009804    0000006c     nortos_msp432p401x.aem4f : TimerPMSP432_nortos.oem4f (.text:TimerP_getCurrentTick)
                  00009870    00000068                              : ClockPTimer_nortos.oem4f (.text:ClockP_usleep)
                  000098d8    00000068     drivers_msp432p401x.aem4f : GPIOMSP432.oem4f (.text:GPIO_hwiIntFxn)
                  00009940    00000068     rtsv7M4_T_le_v4SPD16_eabi.lib : hostlseek.c.obj (.text:HOSTlseek)
                  000099a8    00000068     msp432p4xx_driverlib.lib : interrupt.o (.text:Interrupt_pendInterrupt)
                  00009a10    00000068     drivers_msp432p401x.aem4f : PowerMSP432.oem4f (.text:PowerMSP432_getFreqs)
                  00009a78    00000068     nortos_msp432p401x.aem4f : SwiP_nortos.oem4f (.text:SwiP_post)
                  00009ae0    00000068     rtsv7M4_T_le_v4SPD16_eabi.lib : copy_decompress_lzss.c.obj (.text:decompress:lzss:__TI_decompress_lzss)
                  00009b48    00000068     drivers_msp432p401x.aem4f : I2CMSP432.oem4f (.text:initHw)
                  00009bb0    00000068     rtsv7M4_T_le_v4SPD16_eabi.lib : printf.c.obj (.text:printf)
                  00009c18    00000064     drivers_msp432p401x.aem4f : SPIMSP432DMA.oem4f (.text:SPIMSP432DMA_close)
                  00009c7c    00000064     rtsv7M4_T_le_v4SPD16_eabi.lib : s_frexp.c.obj (.text:frexp)
                  00009ce0    00000064                                   : fseek.c.obj (.text:fseek)
                  00009d44    00000064                                   : ftell.c.obj (.text:ftell)
                  00009da8    00000062                                   : _io_perm.c.obj (.text:__TI_wrt_ok)
                  00009e0a    00000002     nortos_msp432p401x.aem4f : startup_msp432_ccs.oem4f (.text:faultISR)
                  00009e0c    00000060     drivers_msp432p401x.aem4f : GPIOMSP432.oem4f (.text:GPIO_setCallback)
                  00009e6c    00000060     rtsv7M4_T_le_v4SPD16_eabi.lib : hostopen.c.obj (.text:HOSTopen)
                  00009ecc    0000005c     display.aem4f : Display.oem4f (.text:Display_doOpen)
                  00009f28    0000005c     msp432p4xx_driverlib.lib : interrupt.o (.text:Interrupt_registerInterrupt)
                  00009f84    0000005c     rtsv7M4_T_le_v4SPD16_eabi.lib : close.c.obj (.text:close)
                  00009fe0    0000005a     fatfs.a : ff.obj (.text:dir_read)
                  0000a03a    00000002     nortos_msp432p401x.aem4f : startup_msp432_ccs.oem4f (.text:nmiISR)
                  0000a03c    00000058     drivers_msp432p401x.aem4f : GPIOMSP432.oem4f (.text:GPIO_write)
                  0000a094    00000058     rtsv7M4_T_le_v4SPD16_eabi.lib : hostread.c.obj (.text:HOSTread)
                  0000a0ec    00000058                                   : hostwrite.c.obj (.text:HOSTwrite)
                  0000a144    00000058     msp432p4xx_driverlib.lib : interrupt.o (.text:Interrupt_unpendInterrupt)
                  0000a19c    00000058     nortos_msp432p401x.aem4f : TimerPMSP432_nortos.oem4f (.text:TimerP_dynamicStub)
                  0000a1f4    00000058     drivers_msp432p401x.aem4f : UARTMSP432.oem4f (.text:readIsrBinaryBlocking)
                  0000a24c    00000058                               : SPIMSP432DMA.oem4f (.text:spiHwiFxn)
                  0000a2a4    00000056     rtsv7M4_T_le_v4SPD16_eabi.lib : _printfi.c.obj (.text:_pconv_f)
                  0000a2fa    00000056     drivers_msp432p401x.aem4f : I2CMSP432.oem4f (.text:completeTransfer)
                  0000a350    00000054     msp432p4xx_driverlib.lib : interrupt.o (.text:Interrupt_setPriority)
                  0000a3a4    00000054     nortos_msp432p401x.aem4f : TimerPMSP432_nortos.oem4f (.text:TimerP_getCount64)
                  0000a3f8    00000054     rtsv7M4_T_le_v4SPD16_eabi.lib : _ltoa.c.obj (.text:__TI_ltoa)
                  0000a44c    00000054     fatfs.a : ff.obj (.text:dir_find)
                  0000a4a0    00000054     drivers_msp432p401x.aem4f : SDSPI.oem4f (.text:waitUntilReady)
                  0000a4f4    00000052     rtsv7M4_T_le_v4SPD16_eabi.lib : _printfi.c.obj (.text:_ecpy)
                  0000a546    00000052     fatfs.a : ff.obj (.text:dir_clear)
                  0000a598    00000050     nortos_msp432p401x.aem4f : SemaphoreP_nortos.oem4f (.text:SemaphoreP_construct)
                  0000a5e8    00000050     drivers_msp432p401x.aem4f : UDMAMSP432.oem4f (.text:UDMAMSP432_hwiFxn)
                  0000a638    0000004c     rtsv7M4_T_le_v4SPD16_eabi.lib : fflush.c.obj (.text:__TI_doflush)
                  0000a684    0000004c                                   : atoi.c.obj (.text:atoi)
                  0000a6d0    0000004c     drivers_msp432p401x.aem4f : UARTMSP432.oem4f (.text:readIsrBinaryCallback)
                  0000a71c    0000004a     display.aem4f : DisplayUart.oem4f (.text:DisplayUartMin_open)
                  0000a766    0000004a     rtsv7M4_T_le_v4SPD16_eabi.lib : _io_perm.c.obj (.text:__TI_rd_ok)
                  0000a7b0    0000004a     fatfs.a : ff.obj (.text:validate)
                  0000a7fa    00000002     rtsv7M4_T_le_v4SPD16_eabi.lib : div0.asm.obj (.text)
                  0000a7fc    00000048     nortos_msp432p401x.aem4f : ClockPTimer_nortos.oem4f (.text:ClockP_construct)
                  0000a844    00000048                              : PowerMSP432_nortos.oem4f (.text:PowerMSP432_sleepPolicy)
                  0000a88c    00000048     drivers_msp432p401x.aem4f : PowerMSP432.oem4f (.text:Power_releaseConstraint)
                  0000a8d4    00000048     rtsv7M4_T_le_v4SPD16_eabi.lib : exit.c.obj (.text:exit)
                  0000a91c    00000048                                   : fd_toi_t2.asm.obj (.text)
                  0000a964    00000046     display.aem4f : DisplayUart.oem4f (.text:DisplayUartMin_vprintf)
                  0000a9aa    00000046     drivers_msp432p401x.aem4f : RingBuf.oem4f (.text:RingBuf_put)
                  0000a9f0    00000046     fatfs.a : ff.obj (.text:dir_alloc)
                  0000aa36    00000002     --HOLE-- [fill = 0]
                  0000aa38    00000044     rtsv7M4_T_le_v4SPD16_eabi.lib : hostclose.c.obj (.text:HOSTclose)
                  0000aa7c    00000044                                   : hostunlink.c.obj (.text:HOSTunlink)
                  0000aac0    00000044     drivers_msp432p401x.aem4f : I2C.oem4f (.text:I2C_init)
                  0000ab04    00000044                               : SDFatFS.oem4f (.text:SDFatFS_init)
                  0000ab48    00000044                               : SD.oem4f (.text:SD_init)
                  0000ab8c    00000044                               : SPI.oem4f (.text:SPI_init)
                  0000abd0    00000044     nortos_msp432p401x.aem4f : SemaphoreP_nortos.oem4f (.text:SemaphoreP_post)
                  0000ac14    00000044                              : SwiP_nortos.oem4f (.text:SwiP_restore)
                  0000ac58    00000044                              : TimerPMSP432_nortos.oem4f (.text:TimerP_start)
                  0000ac9c    00000044     drivers_msp432p401x.aem4f : UART.oem4f (.text:UART_init)
                  0000ace0    00000044     rtsv7M4_T_le_v4SPD16_eabi.lib : autoinit.c.obj (.text:__TI_auto_init_nobinit_nopinit:__TI_auto_init_nobinit_nopinit)
                  0000ad24    00000044     fatfs.a : ff.obj (.text:get_ldnumber)
                  0000ad68    00000044     rtsv7M4_T_le_v4SPD16_eabi.lib : getdevice.c.obj (.text:getdevice)
                  0000adac    00000044     drivers_msp432p401x.aem4f : I2CMSP432.oem4f (.text:perfChangeNotifyFxn)
                  0000adf0    00000044     rtsv7M4_T_le_v4SPD16_eabi.lib : fd_tou_t2.asm.obj (.text)
                  0000ae34    00000044     fatfs.a : ff.obj (.text:sync_window)
                  0000ae78    00000040     drivers_msp432p401x.aem4f : I2C.oem4f (.text:I2C_open)
                  0000aeb8    00000040                               : RingBuf.oem4f (.text:RingBuf_get)
                  0000aef8    00000040                               : SD.oem4f (.text:SD_open)
                  0000af38    00000040                               : SPI.oem4f (.text:SPI_open)
                  0000af78    00000040     nortos_msp432p401x.aem4f : TimerPMSP432_nortos.oem4f (.text:TimerP_setNextTick)
                  0000afb8    00000040     drivers_msp432p401x.aem4f : UARTMSP432.oem4f (.text:UARTMSP432_read)
                  0000aff8    00000040                               : UART.oem4f (.text:UART_open)
                  0000b038    00000040     msp432p4xx_driverlib.lib : spi.o (.text:is_A_Module)
                  0000b078    00000040     drivers_msp432p401x.aem4f : UARTMSP432.oem4f (.text:perfChangeNotifyFxn)
                  0000b0b8    00000040     rtsv7M4_T_le_v4SPD16_eabi.lib : u_divt2.asm.obj (.text)
                  0000b0f8    0000003e                                   : _printfi.c.obj (.text:_fcpy)
                  0000b136    00000002     --HOLE-- [fill = 0]
                  0000b138    0000003c     drivers_msp432p401x.aem4f : SDFatFS.oem4f (.text:SDFatFS_diskIOctrl)
                  0000b174    0000003c     nortos_msp432p401x.aem4f : TimerPMSP432_nortos.oem4f (.text:TimerP_initDevice)
                  0000b1b0    0000003a     fatfs.a : ff.obj (.text:dir_register)
                  0000b1ea    00000002     --HOLE-- [fill = 0]
                  0000b1ec    00000038     drivers_msp432p401x.aem4f : PowerMSP432.oem4f (.text:Power_setConstraint)
                  0000b224    00000038                               : SDFatFS.oem4f (.text:SDFatFS_close)
                  0000b25c    00000038     rtsv7M4_T_le_v4SPD16_eabi.lib : trgmsg.c.obj (.text:__TI_writemsg)
                  0000b294    00000038     drivers_msp432p401x.aem4f : PowerMSP432.oem4f (.text:notify)
                  0000b2cc    00000038     rtsv7M4_T_le_v4SPD16_eabi.lib : fs_tod_t2.asm.obj (.text)
                  0000b304    00000036     drivers_msp432p401x.aem4f : UARTMSP432.oem4f (.text:UARTMSP432_readCancel)
                  0000b33a    00000036     fatfs.a : ff.obj (.text:move_window)
                  0000b370    00000036     rtsv7M4_T_le_v4SPD16_eabi.lib : strncpy.c.obj (.text:strncpy)
                  0000b3a6    00000002     --HOLE-- [fill = 0]
                  0000b3a8    00000034                                   : fopen.c.obj (.text:__TI_cleanup)
                  0000b3dc    00000034                                   : trgmsg.c.obj (.text:__TI_readmsg)
                  0000b410    00000034                                   : boot_cortex_m.c.obj (.text:_c_int00_noargs:_c_int00_noargs)
                  0000b444    00000034     fatfs.a : ff.obj (.text:dbc_2nd)
                  0000b478    00000034             : ffcio.obj (.text:ffcio_lseek)
                  0000b4ac    00000030     rtsv7M4_T_le_v4SPD16_eabi.lib : getdevice.c.obj (.text:finddevice)
                  0000b4dc    00000030     drivers_msp432p401x.aem4f : I2CMSP432.oem4f (.text:mapPin)
                  0000b50c    00000030                               : SPIMSP432DMA.oem4f (.text:mapPin)
                  0000b53c    00000030                               : UARTMSP432.oem4f (.text:mapPin)
                  0000b56c    0000002e     rtsv7M4_T_le_v4SPD16_eabi.lib : i_tofd_t2.asm.obj (.text)
                  0000b59a    00000002     --HOLE-- [fill = 0]
                  0000b59c    0000002c     drivers_msp432p401x.aem4f : SDFatFS.oem4f (.text:SDFatFS_diskRead)
                  0000b5c8    0000002c                               : SDFatFS.oem4f (.text:SDFatFS_diskWrite)
                  0000b5f4    0000002c     fatfs.a : diskio.obj (.text:disk_register)
                  0000b620    0000002c     rtsv7M4_T_le_v4SPD16_eabi.lib : fclose.c.obj (.text:fclose)
                  0000b64c    0000002c                                   : unlink.c.obj (.text:unlink)
                  0000b678    0000002a     display.aem4f : Display.oem4f (.text:Display_doPrintf)
                  0000b6a2    0000002a     nortos_msp432p401x.aem4f : HwiPMSP432_nortos.oem4f (.text:HwiP_create)
                  0000b6cc    0000002a     drivers_msp432p401x.aem4f : SPIMSP432DMA.oem4f (.text:perfChangeNotifyFxn)
                  0000b6f6    00000002     --HOLE-- [fill = 0]
                  0000b6f8    00000028     nortos_msp432p401x.aem4f : ClockPTimer_nortos.oem4f (.text:ClockP_getSystemTicks)
                  0000b720    00000028     display.aem4f : Display.oem4f (.text:Display_doInit)
                  0000b748    00000028     drivers_msp432p401x.aem4f : PowerMSP432.oem4f (.text:Power_registerNotify)
                  0000b770    00000028     msp432p4xx_driverlib.lib : spi.o (.text:SPI_getInterruptStatus)
                  0000b798    00000028     fatfs.a : ff.obj (.text:dbc_1st)
                  0000b7c0    00000028     drivers_msp432p401x.aem4f : PowerMSP432.oem4f (.text:disableFaultCounter)
                  0000b7e8    00000028                               : PowerMSP432.oem4f (.text:disableHFXT)
                  0000b810    00000028     fatfs.a : diskio.obj (.text:disk_unregister)
                  0000b838    00000028     drivers_msp432p401x.aem4f : UARTMSP432.oem4f (.text:findBaudDividerIndex)
                  0000b860    00000028     rtsv7M4_T_le_v4SPD16_eabi.lib : memory.c.obj (.text:free_list_insert)
                  0000b888    00000028     fatfs.a : ff.obj (.text:ld_clust)
                  0000b8b0    00000028     rtsv7M4_T_le_v4SPD16_eabi.lib : lseek.c.obj (.text:lseek)
                  0000b8d8    00000028                                   : read.c.obj (.text:read)
                  0000b900    00000028                                   : write.c.obj (.text:write)
                  0000b928    00000026     drivers_msp432p401x.aem4f : List.oem4f (.text:List_put)
                  0000b94e    00000026                               : List.oem4f (.text:List_remove)
                  0000b974    00000026     fatfs.a : ff.obj (.text:f_close)
                  0000b99a    00000002     --HOLE-- [fill = 0]
                  0000b99c    00000024     nortos_msp432p401x.aem4f : ClockPTimer_nortos.oem4f (.text:ClockP_getTicks)
                  0000b9c0    00000024                              : ClockPTimer_nortos.oem4f (.text:ClockP_scheduleNextTick)
                  0000b9e4    00000024                              : HwiPMSP432_nortos.oem4f (.text:HwiP_dispatch)
                  0000ba08    00000024     drivers_msp432p401x.aem4f : SDFatFS.oem4f (.text:SDFatFS_diskInitialize)
                  0000ba2c    00000024                               : SDSPI.oem4f (.text:SDSPI_close)
                  0000ba50    00000024     fatfs.a : diskio.obj (.text:disk_ioctl)
                  0000ba74    00000024             : diskio.obj (.text:disk_read)
                  0000ba98    00000024     nortos_msp432p401x.aem4f : ClockPTimer_nortos.oem4f (.text:sleepTicks)
                  0000babc    00000024     fatfs.a : ff.obj (.text:st_clust)
                  0000bae0    00000022             : ff.obj (.text:mem_cmp)
                  0000bb02    00000002     --HOLE-- [fill = 0]
                  0000bb04    00000020     msp432p4xx_driverlib.lib : cs.o (.text:CS_setExternalClockSourceFrequency)
                  0000bb24    00000020     nortos_msp432p401x.aem4f : ClockPTimer_nortos.oem4f (.text:ClockP_add)
                  0000bb44    00000020     drivers_msp432p401x.aem4f : PowerMSP432.oem4f (.text:Power_unregisterNotify)
                  0000bb64    00000020     nortos_msp432p401x.aem4f : QueueP_nortos.oem4f (.text:QueueP_put)
                  0000bb84    00000020     drivers_msp432p401x.aem4f : RingBuf.oem4f (.text:RingBuf_peek)
                  0000bba4    00000020     fatfs.a : diskio.obj (.text:disk_write)
                  0000bbc4    00000020             : ffcio.obj (.text:ffcio_close)
                  0000bbe4    00000020             : ffcio.obj (.text:ffcio_read)
                  0000bc04    00000020             : ffcio.obj (.text:ffcio_write)
                  0000bc24    00000020     rtsv7M4_T_le_v4SPD16_eabi.lib : memchr.c.obj (.text:memchr)
                  0000bc44    00000020     drivers_msp432p401x.aem4f : SDSPI.oem4f (.text:spiTransfer)
                  0000bc64    0000001c     msp432p4xx_driverlib.lib : interrupt.o (.text:Interrupt_unregisterInterrupt)
                  0000bc80    0000001c     nortos_msp432p401x.aem4f : SwiP_nortos.oem4f (.text:SwiP_disable)
                  0000bc9c    0000001c     fatfs.a : ff.obj (.text:dir_remove)
                  0000bcb8    0000001c             : diskio.obj (.text:disk_initialize)
                  0000bcd4    0000001c             : diskio.obj (.text:disk_status)
                  0000bcf0    0000001c     ti_drivers_config.obj (.text:dmaErrorFxn)
                  0000bd0c    0000001c     rtsv7M4_T_le_v4SPD16_eabi.lib : memory.c.obj (.text:free_list_remove)
                  0000bd28    0000001c                                   : memccpy.c.obj (.text:memccpy)
                  0000bd44    0000001a     nortos_msp432p401x.aem4f : ClockPTimer_nortos.oem4f (.text:ClockP_create)
                  0000bd5e    0000001a                              : QueueP_nortos.oem4f (.text:QueueP_get)
                  0000bd78    0000001a                              : SemaphoreP_nortos.oem4f (.text:SemaphoreP_createBinary)
                  0000bd92    0000001a     rtsv7M4_T_le_v4SPD16_eabi.lib : s_copysign.c.obj (.text:copysign)
                  0000bdac    00000018     nortos_msp432p401x.aem4f : ClockPTimer_nortos.oem4f (.text:ClockP_destruct)
                  0000bdc4    00000018     msp432p4xx_driverlib.lib : spi.o (.text:EUSCI_A_SPI_getInterruptStatus)
                  0000bddc    00000018                              : spi.o (.text:EUSCI_B_SPI_getInterruptStatus)
                  0000bdf4    00000018     nortos_msp432p401x.aem4f : HwiPMSP432_nortos.oem4f (.text:HwiP_delete)
                  0000be0c    00000018                              : HwiPMSP432_nortos.oem4f (.text:HwiP_inISR)
                  0000be24    00000018     drivers_msp432p401x.aem4f : I2C.oem4f (.text:I2C_transfer)
                  0000be3c    00000018     msp432p4xx_driverlib.lib : sysctl_a.o (.text:SysCtl_A_disableNMISource)
                  0000be54    00000018                              : sysctl_a.o (.text:SysCtl_A_enableNMISource)
                  0000be6c    00000018     drivers_msp432p401x.aem4f : UART.oem4f (.text:UART_Params_init)
                  0000be84    00000018     fatfs.a : ff.obj (.text:clst2sect)
                  0000be9c    00000018             : ffsystem.obj (.text:ff_cre_syncobj)
                  0000beb4    00000018     nortos_msp432p401x.aem4f : startup_msp432_ccs.oem4f (.text:resetISR)
                  0000becc    00000018     rtsv7M4_T_le_v4SPD16_eabi.lib : strcmp.c.obj (.text:strcmp)
                  0000bee4    00000016     display.aem4f : DisplayUart.oem4f (.text:DisplayUartMin_close)
                  0000befa    00000016     nortos_msp432p401x.aem4f : SemaphoreP_nortos.oem4f (.text:SemaphoreP_create)
                  0000bf10    00000016     fatfs.a : ff.obj (.text:ld_dword)
                  0000bf26    00000016     nortos_msp432p401x.aem4f : SwiP_nortos.oem4f (.text:maxbit)
                  0000bf3c    00000016     fatfs.a : ff.obj (.text:mem_cpy)
                  0000bf52    00000016     nortos_msp432p401x.aem4f : SystemP_nortos.oem4f (.text:putChar)
                  0000bf68    00000016     fatfs.a : ff.obj (.text:st_dword)
                  0000bf7e    00000016     rtsv7M4_T_le_v4SPD16_eabi.lib : strchr.c.obj (.text:strchr)
                  0000bf94    00000016     fatfs.a : ff.obj (.text:unlock_fs)
                  0000bfaa    00000002     --HOLE-- [fill = 0]
                  0000bfac    00000014     drivers_msp432p401x.aem4f : PowerMSP432.oem4f (.text:Power_idleFunc)
                  0000bfc0    00000014                               : SPI.oem4f (.text:SPI_Params_init)
                  0000bfd4    00000014     nortos_msp432p401x.aem4f : SwiP_nortos.oem4f (.text:SwiP_handleHwi)
                  0000bfe8    00000014                              : TimerPMSP432_nortos.oem4f (.text:TimerP_getCount)
                  0000bffc    00000014     drivers_msp432p401x.aem4f : UARTMSP432.oem4f (.text:clearTXCPTIFG)
                  0000c010    00000014     fatfs.a : ffsystem.obj (.text:ff_req_grant)
                  0000c024    00000014     rtsv7M4_T_le_v4SPD16_eabi.lib : strcpy.c.obj (.text:strcpy)
                  0000c038    00000014                                   : strlen.c.obj (.text:strlen)
                  0000c04c    00000012     nortos_msp432p401x.aem4f : HwiPMSP432_nortos.oem4f (.text:HwiP_Params_init)
                  0000c05e    00000012     drivers_msp432p401x.aem4f : RingBuf.oem4f (.text:RingBuf_construct)
                  0000c070    00000012     fatfs.a : ff.obj (.text:chk_chr)
                  0000c082    00000012             : ffcio.obj (.text:ffcio_rename)
                  0000c094    00000012             : ffcio.obj (.text:ffcio_unlink)
                  0000c0a6    00000012     main_nortos.obj (.text:main)
                  0000c0b8    00000012     fatfs.a : ff.obj (.text:mem_set)
                  0000c0ca    00000012     rtsv7M4_T_le_v4SPD16_eabi.lib : wcslen.c.obj (.text:wcslen)
                  0000c0dc    00000010     nortos_msp432p401x.aem4f : ClockPTimer_nortos.oem4f (.text:ClockP_Params_init)
                  0000c0ec    00000010                              : ClockPTimer_nortos.oem4f (.text:ClockP_delete)
                  0000c0fc    00000010                              : HwiPMSP432_nortos.oem4f (.text:HwiP_disable)
                  0000c10c    00000010     drivers_msp432p401x.aem4f : I2C.oem4f (.text:I2C_Params_init)
                  0000c11c    00000010     msp432p4xx_driverlib.lib : interrupt.o (.text:Interrupt_disableMaster)
                  0000c12c    00000010                              : interrupt.o (.text:Interrupt_enableMaster)
                  0000c13c    00000010     drivers_msp432p401x.aem4f : PowerMSP432.oem4f (.text:PowerMSP432_getNumPerfLevels)
                  0000c14c    00000010                               : PowerMSP432.oem4f (.text:Power_disablePolicy)
                  0000c15c    00000010                               : PowerMSP432.oem4f (.text:Power_enablePolicy)
                  0000c16c    00000010                               : SDFatFS.oem4f (.text:SDFatFS_diskStatus)
                  0000c17c    00000010     nortos_msp432p401x.aem4f : SemaphoreP_nortos.oem4f (.text:SemaphoreP_Params_init)
                  0000c18c    00000010                              : SwiP_nortos.oem4f (.text:SwiP_Params_init)
                  0000c19c    00000010     msp432p4xx_driverlib.lib : sysctl_a.o (.text:SysCtl_A_getNMISourceStatus)
                  0000c1ac    00000010                              : sysctl.o (.text:SysCtl_getNMISourceStatus)
                  0000c1bc    00000010     nortos_msp432p401x.aem4f : TimerPMSP432_nortos.oem4f (.text:TimerP_Params_init)
                  0000c1cc    00000010     drivers_msp432p401x.aem4f : UARTMSP432.oem4f (.text:readBlockingTimeout)
                  0000c1dc    0000000e     nortos_msp432p401x.aem4f : QueueP_nortos.oem4f (.text:QueueP_empty)
                  0000c1ea    0000000e                              : QueueP_nortos.oem4f (.text:QueueP_remove)
                  0000c1f8    0000000e     rtsv7M4_T_le_v4SPD16_eabi.lib : copy_decompress_none.c.obj (.text:decompress:none:__TI_decompress_none)
                  0000c206    0000000c     ti_drivers_config.obj (.text:Board_init)
                  0000c212    0000000c     msp432p4xx_driverlib.lib : cpu.o (.text:CPU_cpsid)
                  0000c21e    0000000c                              : cpu.o (.text:CPU_cpsie)
                  0000c22a    00000002     --HOLE-- [fill = 0]
                  0000c22c    0000000c     nortos_msp432p401x.aem4f : ClockPTimer_nortos.oem4f (.text:ClockP_doTick)
                  0000c238    0000000c                              : ClockPTimer_nortos.oem4f (.text:ClockP_getSystemTickPeriod)
                  0000c244    0000000c     drivers_msp432p401x.aem4f : PowerMSP432.oem4f (.text:Power_getConstraintMask)
                  0000c250    0000000c                               : PowerMSP432.oem4f (.text:Power_getPerformanceLevel)
                  0000c25c    0000000c                               : SDSPI.oem4f (.text:SDSPI_init)
                  0000c268    0000000c     nortos_msp432p401x.aem4f : TimerPMSP432_nortos.oem4f (.text:TimerP_getFreq)
                  0000c274    0000000c                              : TimerPMSP432_nortos.oem4f (.text:TimerP_getMaxTicks)
                  0000c280    0000000c     rtsv7M4_T_le_v4SPD16_eabi.lib : copy_zero_init.c.obj (.text:decompress:ZI:__TI_zero_init)
                  0000c28c    0000000c     fatfs.a : ff.obj (.text:ld_word)
                  0000c298    0000000a     drivers_msp432p401x.aem4f : SD.oem4f (.text:SD_close)
                  0000c2a2    0000000a                               : SD.oem4f (.text:SD_getNumSectors)
                  0000c2ac    0000000a                               : SD.oem4f (.text:SD_getSectorSize)
                  0000c2b6    0000000a                               : SD.oem4f (.text:SD_initialize)
                  0000c2c0    0000000a                               : SD.oem4f (.text:SD_read)
                  0000c2ca    0000000a                               : SD.oem4f (.text:SD_write)
                  0000c2d4    0000000a                               : SPI.oem4f (.text:SPI_close)
                  0000c2de    0000000a                               : SPI.oem4f (.text:SPI_transfer)
                  0000c2e8    0000000a                               : UART.oem4f (.text:UART_close)
                  0000c2f2    0000000a                               : UART.oem4f (.text:UART_control)
                  0000c2fc    0000000a                               : UART.oem4f (.text:UART_write)
                  0000c306    0000000a     fatfs.a : ffsystem.obj (.text:ff_del_syncobj)
                  0000c310    0000000a             : ff.obj (.text:st_word)
                  0000c31a    00000008     nortos_msp432p401x.aem4f : HwiPMSP432_nortos.oem4f (.text:HwiP_restore)
                  0000c322    00000002     --HOLE-- [fill = 0]
                  0000c324    00000008     rtsv7M4_T_le_v4SPD16_eabi.lib : errno.c.obj (.text:__aeabi_errno_addr)
                  0000c32c    00000008     drivers_msp432p401x.aem4f : I2CMSP432.oem4f (.text:blockingTransferCallback)
                  0000c334    00000008                               : SPIMSP432DMA.oem4f (.text:blockingTransferCallback)
                  0000c33c    00000008     fatsd_nortos.obj (.text:fatfs_getFatTime)
                  0000c344    00000008     rtsv7M4_T_le_v4SPD16_eabi.lib : memory.c.obj (.text:malloc)
                  0000c34c    00000008     drivers_msp432p401x.aem4f : UARTMSP432.oem4f (.text:readSemCallback)
                  0000c354    00000008     rtsv7M4_T_le_v4SPD16_eabi.lib : rewind.c.obj (.text:rewind)
                  0000c35c    00000008     drivers_msp432p401x.aem4f : UARTMSP432.oem4f (.text:txcptEnabledStatus)
                  0000c364    00000008                               : UARTMSP432.oem4f (.text:writeSemCallback)
                  0000c36c    00000006     nortos_msp432p401x.aem4f : ClockPTimer_nortos.oem4f (.text:ClockP_stop)
                  0000c372    00000006     display.aem4f : DisplayUart.oem4f (.text:DisplayUartMin_control)
                  0000c378    00000006                   : DisplayUart.oem4f (.text:DisplayUartMin_getType)
                  0000c37e    00000006     drivers_msp432p401x.aem4f : I2CMSP432.oem4f (.text:I2CMSP432_control)
                  0000c384    00000006     nortos_msp432p401x.aem4f : QueueP_nortos.oem4f (.text:QueueP_init)
                  0000c38a    00000006     drivers_msp432p401x.aem4f : SDSPI.oem4f (.text:SDSPI_control)
                  0000c390    00000006                               : SDSPI.oem4f (.text:SDSPI_getSectorSize)
                  0000c396    00000006                               : SPIMSP432DMA.oem4f (.text:SPIMSP432DMA_control)
                  0000c39c    00000006     fatfs.a : ff.obj (.text:lock_fs)
                  0000c3a2    00000004     nortos_msp432p401x.aem4f : ClockPTimer_nortos.oem4f (.text:ClockP_isActive)
                  0000c3a6    00000004                              : ClockPTimer_nortos.oem4f (.text:ClockP_setTimeout)
                  0000c3aa    00000004                              : HwiPMSP432_nortos.oem4f (.text:HwiP_clearInterrupt)
                  0000c3ae    00000004                              : HwiPMSP432_nortos.oem4f (.text:HwiP_disableInterrupt)
                  0000c3b2    00000004                              : HwiPMSP432_nortos.oem4f (.text:HwiP_enable)
                  0000c3b6    00000004                              : HwiPMSP432_nortos.oem4f (.text:HwiP_enableInterrupt)
                  0000c3ba    00000004                              : HwiPMSP432_nortos.oem4f (.text:HwiP_post)
                  0000c3be    00000004                              : QueueP_nortos.oem4f (.text:QueueP_head)
                  0000c3c2    00000004                              : QueueP_nortos.oem4f (.text:QueueP_next)
                  0000c3c6    00000004     drivers_msp432p401x.aem4f : SPIMSP432DMA.oem4f (.text:SPIMSP432DMA_init)
                  0000c3ca    00000004     nortos_msp432p401x.aem4f : SemaphoreP_nortos.oem4f (.text:SemaphoreP_delete)
                  0000c3ce    00000004                              : SystemP_nortos.oem4f (.text:SystemP_vsnprintf)
                  0000c3d2    00000004                              : TimerPMSP432_nortos.oem4f (.text:TimerP_setPeriod)
                  0000c3d6    00000004     rtsv7M4_T_le_v4SPD16_eabi.lib : printf.c.obj (.text:_outc)
                  0000c3da    00000004                                   : printf.c.obj (.text:_outs)
                  0000c3de    00000004                                   : pre_init.c.obj (.text:_system_pre_init)
                  0000c3e2    00000004                                   : exit.c.obj (.text:abort:abort)
                  0000c3e6    00000004     fatfs.a : diskio.obj (.text:get_fattime)

.const     0    0000c3f0    000007be     
                  0000c3f0    00000207     fatsd_nortos.obj (.const:.string:textarray)
                  0000c5f7    00000001     display.aem4f : Display.oem4f (.const:Display_defaultParams)
                  0000c5f8    00000158     rtsv7M4_T_le_v4SPD16_eabi.lib : k_rem_pio2.c.obj (.const:$O1$$)
                  0000c750    00000101                                   : ctype.c.obj (.const:.string:_ctypes_)
                  0000c851    00000002     mpu.obj (.const:.string:$P$T0$1)
                  0000c853    00000001     --HOLE-- [fill = 0]
                  0000c854    00000050     msp432p4xx_driverlib.lib : interrupt.o (.const:g_pulRegs)
                  0000c8a4    00000040     ti_drivers_config.obj (.const:uartMSP432Baudrates)
                  0000c8e4    00000038     ti_drivers_config.obj (.const:PowerMSP432_config)
                  0000c91c    0000002c     ti_drivers_config.obj (.const:uartMSP432HWAttrs)
                  0000c948    00000028     drivers_msp432p401x.aem4f : UARTMSP432.oem4f (.const:UARTMSP432_fxnTable)
                  0000c970    00000024                               : SDSPI.oem4f (.const:SDSPI_fxnTable)
                  0000c994    00000024                               : UART.oem4f (.const:UART_defaultParams)
                  0000c9b8    00000024     ti_drivers_config.obj (.const:spiMSP432DMAHWAttrs)
                  0000c9dc    00000020     display.aem4f : DisplayUart.oem4f (.const:DisplayUartMin_fxnTable)
                  0000c9fc    00000020     drivers_msp432p401x.aem4f : SPI.oem4f (.const:SPI_defaultParams)
                  0000ca1c    00000020                               : UARTMSP432.oem4f (.const:staticFxnTable)
                  0000ca3c    00000018                               : I2CMSP432.oem4f (.const:I2CMSP432_fxnTable)
                  0000ca54    00000018                               : SPIMSP432DMA.oem4f (.const:SPIMSP432DMA_fxnTable)
                  0000ca6c    00000014     ti_drivers_config.obj (.const:GPIOMSP432_config)
                  0000ca80    00000014     ti_drivers_config.obj (.const:displayUartHWAttrs)
                  0000ca94    00000014     ti_drivers_config.obj (.const:i2cMSP432HWAttrs)
                  0000caa8    00000011     fatsd_nortos.obj (.const:.string:outputfile)
                  0000cab9    00000010     fatsd_nortos.obj (.const:.string:inputfile)
                  0000cac9    00000002     drivers_msp432p401x.aem4f : SDSPI.oem4f (.const:.string:$P$T1$2)
                  0000cacb    00000001     --HOLE-- [fill = 0]
                  0000cacc    00000010                               : I2C.oem4f (.const:I2C_defaultParams)
                  0000cadc    00000010     nortos_msp432p401x.aem4f : SwiP_nortos.oem4f (.const:SwiP_defaultParams)
                  0000caec    0000000c     ti_drivers_config.obj (.const:Display_config)
                  0000caf8    0000000c     ti_drivers_config.obj (.const:I2C_config)
                  0000cb04    0000000c     ti_drivers_config.obj (.const:SD_config)
                  0000cb10    0000000c     ti_drivers_config.obj (.const:SPI_config)
                  0000cb1c    0000000c     ti_drivers_config.obj (.const:UART_config)
                  0000cb28    0000000c     drivers_msp432p401x.aem4f : I2CMSP432.oem4f (.const:bitRates)
                  0000cb34    0000000c     ti_drivers_config.obj (.const:udmaMSP432HWAttrs)
                  0000cb40    0000000a     drivers_msp432p401x.aem4f : SDSPI.oem4f (.const:.string:$P$T0$1)
                  0000cb4a    0000000a     fatfs.a : ff.obj (.const:.string:DbcTbl)
                  0000cb54    00000008     ti_drivers_config.obj (.const:UDMAMSP432_config)
                  0000cb5c    00000008     drivers_msp432p401x.aem4f : SPIMSP432DMA.oem4f (.const:frameFormat)
                  0000cb64    00000008     msp432p4xx_driverlib.lib : interrupt.o (.const:g_pulDisRegs)
                  0000cb6c    00000008                              : interrupt.o (.const:g_pulEnRegs)
                  0000cb74    00000008                              : interrupt.o (.const:g_pulPendRegs)
                  0000cb7c    00000008                              : interrupt.o (.const:g_pulUnpendRegs)
                  0000cb84    00000006     drivers_msp432p401x.aem4f : GPIOMSP432.oem4f (.const:.string:interruptType)
                  0000cb8a    00000006                               : GPIOMSP432.oem4f (.const:.string:portInterruptIds)
                  0000cb90    00000006     ti_drivers_config.obj (.const)
                  0000cb96    00000005     drivers_msp432p401x.aem4f : UARTMSP432.oem4f (.const:.string:parityTypes)
                  0000cb9b    00000001     --HOLE-- [fill = 0]
                  0000cb9c    00000004     ti_drivers_config.obj (.const:SDFatFS_config)
                  0000cba0    00000004     drivers_msp432p401x.aem4f : SD.oem4f (.const:SD_defaultParams)
                  0000cba4    00000004     ti_drivers_config.obj (.const:sdspiHWAttrs)
                  0000cba8    00000004     drivers_msp432p401x.aem4f : UARTMSP432.oem4f (.const:stopBits)
                  0000cbac    00000002                               : SDSPI.oem4f (.const:.string:$P$T2$3)

.cinit     0    0000cbb0    00000120     
                  0000cbb0    000000e8     (.cinit..data.load) [load image, compression = lzss]
                  0000cc98    0000000c     (__TI_handler_table)
                  0000cca4    00000004     --HOLE-- [fill = 0]
                  0000cca8    00000008     (.cinit..bss.load) [load image, compression = zero_init]
                  0000ccb0    00000008     (.cinit..vtable.load) [load image, compression = zero_init]
                  0000ccb8    00000018     (__TI_cinit_table)

.init_array 
*          0    00000000    00000000     UNINITIALIZED

.intvecs   0    00000000    00000144     
                  00000000    00000144     nortos_msp432p401x.aem4f : startup_msp432_ccs.oem4f (.intvecs:retain)

.sysmem    0    20000000    00008000     UNINITIALIZED
                  20000000    00000010     rtsv7M4_T_le_v4SPD16_eabi.lib : memory.c.obj (.sysmem)
                  20000010    00007ff0     --HOLE--

.bss       0    20008000    000014b7     UNINITIALIZED
                  20008000    00000804     (.common:cpy_buff)
                  20008804    00000400     ti_drivers_config.obj (.bss:displayUARTBuffer)
                  20008c04    00000240     (.common:sdfatfsObjects)
                  20008e44    00000120     rtsv7M4_T_le_v4SPD16_eabi.lib : trgmsg.c.obj (.bss:_CIOBUF_)
                  20008f64    00000080     (.common:uartMSP432Objects)
                  20008fe4    0000001c     nortos_msp432p401x.aem4f : SwiP_nortos.oem4f (.bss:SwiP_hwiStruct)
                  20009000    00000100     ti_drivers_config.obj (.bss:dmaControlTable)
                  20009100    000000a0     nortos_msp432p401x.aem4f : ClockPTimer_nortos.oem4f (.bss:ClockP_module)
                  200091a0    000000a0     (.common:__TI_tmpnams)
                  20009240    00000050     (.common:i2cMSP432Objects)
                  20009290    00000048     (.common:spiMSP432DMAObjects)
                  200092d8    00000030     drivers_msp432p401x.aem4f : GPIOMSP432.oem4f (.bss:gpioCallbackInfo)
                  20009308    00000028     fatfs.a : ffcio.obj (.bss:filTable)
                  20009330    00000020     nortos_msp432p401x.aem4f : SwiP_nortos.oem4f (.bss:SwiP_readyList)
                  20009350    00000020     drivers_msp432p401x.aem4f : UDMAMSP432.oem4f (.bss:hwiFxnArgs)
                  20009370    00000020                               : UDMAMSP432.oem4f (.bss:hwiFxnHandlers)
                  20009390    00000020     ti_drivers_config.obj (.bss:uartMSP432RingBuffer0)
                  200093b0    0000001c     nortos_msp432p401x.aem4f : TimerPMSP432_nortos.oem4f (.bss:TimerP_hwiStruct)
                  200093cc    00000010     fatfs.a : ff.obj (.bss:FatFs)
                  200093dc    00000010     drivers_msp432p401x.aem4f : UDMAMSP432.oem4f (.bss:hwiHandles)
                  200093ec    00000010                               : SDFatFS.oem4f (.bss:sdFatFSHandles)
                  200093fc    00000010     (.common:mpu6050Params)
                  2000940c    0000000d     nortos_msp432p401x.aem4f : SwiP_nortos.oem4f (.bss)
                  20009419    00000001     (.common:set_gyro_angles)
                  2000941a    00000002     fatfs.a : ff.obj (.bss)
                  2000941c    0000000c     (.common:displayUartObject)
                  20009428    0000000c     (.common:sdspiObjects)
                  20009434    00000008     msp432p4xx_driverlib.lib : cs.o (.bss)
                  2000943c    00000008     nortos_msp432p401x.aem4f : ClockPTimer_nortos.oem4f (.bss:timerFreq)
                  20009444    00000008     (.common:accelerometer)
                  2000944c    00000008     (.common:gyro)
                  20009454    00000008     (.common:parmbuf)
                  2000945c    00000004     drivers_msp432p401x.aem4f : GPIOMSP432.oem4f (.bss)
                  20009460    00000004     nortos_msp432p401x.aem4f : ClockPTimer_nortos.oem4f (.bss)
                  20009464    00000004                              : TimerPMSP432_nortos.oem4f (.bss)
                  20009468    00000004     (.common:acc_total_vector)
                  2000946c    00000004     (.common:acc_x)
                  20009470    00000004     (.common:acc_y)
                  20009474    00000004     (.common:acc_z)
                  20009478    00000004     (.common:angle_pitch)
                  2000947c    00000004     (.common:angle_pitch_acc)
                  20009480    00000004     (.common:angle_pitch_output)
                  20009484    00000004     (.common:angle_roll)
                  20009488    00000004     (.common:angle_roll_acc)
                  2000948c    00000004     (.common:angle_roll_output)
                  20009490    00000004     (.common:angle_yaw)
                  20009494    00000004     (.common:display)
                  20009498    00000004     (.common:gyro_x)
                  2000949c    00000004     (.common:gyro_x_cal)
                  200094a0    00000004     (.common:gyro_y)
                  200094a4    00000004     (.common:gyro_y_cal)
                  200094a8    00000004     (.common:gyro_z)
                  200094ac    00000004     (.common:gyro_z_cal)
                  200094b0    00000004     (.common:mpu6050Handle)
                  200094b4    00000002     (.common:temp)
                  200094b6    00000001     (.common:udmaMSP432Object)

.data      0    200094b8    00000570     UNINITIALIZED
                  200094b8    00000140     nortos_msp432p401x.aem4f : HwiPMSP432_nortos.oem4f (.data:HwiP_dispatchTable)
                  200095f8    00000140     drivers_msp432p401x.aem4f : PowerMSP432.oem4f (.data:PowerMSP432_perfLevels)
                  20009738    000000f0     rtsv7M4_T_le_v4SPD16_eabi.lib : defs.c.obj (.data:_ftable)
                  20009828    00000078                                   : host_device.c.obj (.data:_device)
                  200098a0    00000050                                   : host_device.c.obj (.data:_stream)
                  200098f0    00000050     fatfs.a : diskio.obj (.data:drive_fxn_table)
                  20009940    0000002c     drivers_msp432p401x.aem4f : PowerMSP432.oem4f (.data:PowerMSP432_module)
                  2000996c    0000001c     mpu.obj (.data:i2cTranscation)
                  20009988    00000010     drivers_msp432p401x.aem4f : UDMAMSP432.oem4f (.data)
                  20009998    00000010     rtsv7M4_T_le_v4SPD16_eabi.lib : defs.c.obj (.data)
                  200099a8    0000000c                                   : exit.c.obj (.data:$O1$$)
                  200099b4    0000000c     nortos_msp432p401x.aem4f : ClockPTimer_nortos.oem4f (.data:ClockP_defaultParams)
                  200099c0    0000000c                              : TimerPMSP432_nortos.oem4f (.data:TimerP_defaultParams)
                  200099cc    00000008     rtsv7M4_T_le_v4SPD16_eabi.lib : _lock.c.obj (.data:$O1$$)
                  200099d4    00000008                                   : memory.c.obj (.data:$O1$$)
                  200099dc    00000008     nortos_msp432p401x.aem4f : SemaphoreP_nortos.oem4f (.data:SemaphoreP_defaultParams)
                  200099e4    00000008     ti_drivers_config.obj (.data:gpioCallbackFunctions)
                  200099ec    00000008     ti_drivers_config.obj (.data:gpioPinConfigs)
                  200099f4    00000008     nortos_msp432p401x.aem4f : ClockPTimer_nortos.oem4f (.data)
                  200099fc    00000008                              : HwiPMSP432_nortos.oem4f (.data)
                  20009a04    00000004     fatfs.a : ffcio.obj (.data)
                  20009a08    00000004     fatsd_nortos.obj (.data:fatfsPrefix)
                  20009a0c    00000004     rtsv7M4_T_le_v4SPD16_eabi.lib : add_device.c.obj (.data)
                  20009a10    00000004                                   : errno.c.obj (.data)
                  20009a14    00000004                                   : fopen.c.obj (.data)
                  20009a18    00000004                                   : open.c.obj (.data)
                  20009a1c    00000003     nortos_msp432p401x.aem4f : SemaphoreP_nortos.oem4f (.data)
                  20009a1f    00000002     drivers_msp432p401x.aem4f : GPIOMSP432.oem4f (.data)
                  20009a21    00000001                               : I2C.oem4f (.data)
                  20009a22    00000001                               : SD.oem4f (.data)
                  20009a23    00000001                               : SDFatFS.oem4f (.data)
                  20009a24    00000001                               : SPI.oem4f (.data)
                  20009a25    00000001                               : UART.oem4f (.data)
                  20009a26    00000001     nortos_msp432p401x.aem4f : SwiP_nortos.oem4f (.data)
                  20009a27    00000001                              : TimerPMSP432_nortos.oem4f (.data)

.vtable    0    20009c00    000000e8     UNINITIALIZED
                  20009c00    000000e8     msp432p4xx_driverlib.lib : interrupt.o (.vtable)

.stack     0    2000f000    00001000     UNINITIALIZED
                  2000f000    00000004     rtsv7M4_T_le_v4SPD16_eabi.lib : boot_cortex_m.c.obj (.stack)
                  2000f004    00000ffc     --HOLE--

__llvm_prf_cnts 
*          0    20000000    00000000     UNINITIALIZED

.binit     0    00000000    00000000     

MODULE SUMMARY

       Module                       code    ro data   rw data
       ------                       ----    -------   -------
    .\
       fatsd_nortos.obj             1268    552       4120   
       mpu.obj                      2012    2         270    
       main_nortos.obj              18      0         0      
    +--+----------------------------+-------+---------+---------+
       Total:                       3298    554       4390   
                                                             
    .\syscfg\
       ti_drivers_config.obj        42      354       4418   
    +--+----------------------------+-------+---------+---------+
       Total:                       42      354       4418   
                                                             
    C:/ti/simplelink_msp432p4_sdk_3_40_01_02/kernel/nortos/lib/nortos_msp432p401x.aem4f
       ClockPTimer_nortos.oem4f     1076    0         384    
       HwiPMSP432_nortos.oem4f      300     0         656    
       SystemP_nortos.oem4f         863     0         0      
       TimerPMSP432_nortos.oem4f    760     0         90     
       SwiP_nortos.oem4f            630     16        148    
       SemaphoreP_nortos.oem4f      380     0         22     
       startup_msp432_ccs.oem4f     32      324       0      
       QueueP_nortos.oem4f          100     0         0      
       PowerMSP432_nortos.oem4f     76      0         0      
    +--+----------------------------+-------+---------+---------+
       Total:                       4217    340       1300   
                                                             
    C:/ti/simplelink_msp432p4_sdk_3_40_01_02/source/third_party/fatfs/lib/ccs/m4f/fatfs.a
       ff.obj                       5633    10        36     
       ffcio.obj                    352     0         88     
       diskio.obj                   248     0         160    
       ffsystem.obj                 54      0         0      
    +--+----------------------------+-------+---------+---------+
       Total:                       6287    10        284    
                                                             
    C:/ti/simplelink_msp432p4_sdk_3_40_01_02/source/ti/devices/msp432p4xx/driverlib/ccs/msp432p4xx_driverlib.lib
       interrupt.o                  686     112       464    
       cs.o                         704     0         16     
       spi.o                        328     0         0      
       uart.o                       284     0         0      
       dma.o                        240     0         0      
       i2c.o                        108     0         0      
       sysctl_a.o                   64      0         0      
       cpu.o                        24      0         0      
       sysctl.o                     16      0         0      
    +--+----------------------------+-------+---------+---------+
       Total:                       2454    112       480    
                                                             
    C:/ti/simplelink_msp432p4_sdk_3_40_01_02/source/ti/display/lib/display.aem4f
       DisplayUart.oem4f            184     32        0      
       Display.oem4f                174     1         0      
    +--+----------------------------+-------+---------+---------+
       Total:                       358     33        0      
                                                             
    C:/ti/simplelink_msp432p4_sdk_3_40_01_02/source/ti/drivers/lib/drivers_msp432p401x.aem4f
       UARTMSP432.oem4f             3406    81        0      
       PowerMSP432.oem4f            2228    0         728    
       I2CMSP432.oem4f              2028    36        0      
       SPIMSP432DMA.oem4f           1894    32        0      
       SDSPI.oem4f                  1706    50        0      
       UDMAMSP432.oem4f             900     0         192    
       GPIOMSP432.oem4f             828     12        108    
       SDFatFS.oem4f                532     0         34     
       UART.oem4f                   186     36        2      
       SPI.oem4f                    172     32        2      
       SD.oem4f                     192     4         2      
       I2C.oem4f                    172     16        2      
       RingBuf.oem4f                184     0         0      
       List.oem4f                   76      0         0      
    +--+----------------------------+-------+---------+---------+
       Total:                       14504   299       1070   
                                                             
    C:\ti\ccs1040\ccs\tools\compiler\ti-cgt-arm_20.2.5.LTS\lib\rtsv7M4_T_le_v4SPD16_eabi.lib
       _printfi.c.obj               4851    0         0      
       k_rem_pio2.c.obj             1848    344       0      
       s_sin.c.obj                  1504    0         0      
       e_asin.c.obj                 980     0         0      
       defs.c.obj                   0       0         832    
       memory.c.obj                 672     0         16     
       trgmsg.c.obj                 108     0         576    
       fopen.c.obj                  480     0         8      
       fd_add_t2.asm.obj            438     0         0      
       host_device.c.obj            0       0         400    
       fwrite.c.obj                 384     0         0      
       k_sin.c.obj                  372     0         0      
       k_cos.c.obj                  368     0         0      
       e_sqrt.c.obj                 344     0         0      
       fd_div_t2.asm.obj            310     0         0      
       fputs.c.obj                  276     0         0      
       s_scalbn.c.obj               272     0         0      
       fd_cmp_t2.asm.obj            268     0         0      
       ctype.c.obj                  0       257       0      
       fd_mul_t2.asm.obj            252     0         0      
       fread.c.obj                  248     0         0      
       s_floor.c.obj                248     0         0      
       setvbuf.c.obj                220     0         0      
       fflush.c.obj                 200     0         0      
       open.c.obj                   188     0         8      
       add_device.c.obj             184     0         8      
       _io_perm.c.obj               172     0         0      
       fclose.c.obj                 160     0         0      
       _bufread.c.obj               156     0         0      
       memcpy_t2.asm.obj            156     0         0      
       ull_div_t2.asm.obj           150     0         0      
       fputc.c.obj                  140     0         0      
       memset_t2.asm.obj            122     0         0      
       getdevice.c.obj              116     0         0      
       hostopen.c.obj               96      0         16     
       printf.c.obj                 112     0         0      
       fd_tos_t2.asm.obj            110     0         0      
       hostrename.c.obj             108     0         0      
       copy_decompress_lzss.c.obj   104     0         0      
       hostlseek.c.obj              104     0         0      
       exit.c.obj                   76      0         24     
       fseek.c.obj                  100     0         0      
       ftell.c.obj                  100     0         0      
       s_frexp.c.obj                100     0         0      
       close.c.obj                  92      0         0      
       hostread.c.obj               88      0         0      
       hostwrite.c.obj              88      0         0      
       _ltoa.c.obj                  84      0         0      
       atoi.c.obj                   76      0         0      
       fd_toi_t2.asm.obj            72      0         0      
       autoinit.c.obj               68      0         0      
       fd_tou_t2.asm.obj            68      0         0      
       hostclose.c.obj              68      0         0      
       hostunlink.c.obj             68      0         0      
       u_divt2.asm.obj              64      0         0      
       fs_tod_t2.asm.obj            56      0         0      
       strncpy.c.obj                54      0         0      
       boot_cortex_m.c.obj          52      0         0      
       i_tofd_t2.asm.obj            46      0         0      
       unlink.c.obj                 44      0         0      
       lseek.c.obj                  40      0         0      
       read.c.obj                   40      0         0      
       write.c.obj                  40      0         0      
       memchr.c.obj                 32      0         0      
       memccpy.c.obj                28      0         0      
       s_copysign.c.obj             26      0         0      
       strcmp.c.obj                 24      0         0      
       strchr.c.obj                 22      0         0      
       strcpy.c.obj                 20      0         0      
       strlen.c.obj                 20      0         0      
       _lock.c.obj                  2       0         16     
       wcslen.c.obj                 18      0         0      
       errno.c.obj                  8       0         8      
       copy_decompress_none.c.obj   14      0         0      
       copy_zero_init.c.obj         12      0         0      
       rewind.c.obj                 8       0         0      
       pre_init.c.obj               4       0         0      
       div0.asm.obj                 2       0         0      
    +--+----------------------------+-------+---------+---------+
       Total:                       18645   601       1912   
                                                             
       Heap:                        0       0         65536  
       Stack:                       0       0         8192   
       Linker Generated:            0       284       0      
    +--+----------------------------+-------+---------+---------+
       Grand Total:                 49805   2587      87582  


LINKER GENERATED COPY TABLES

__TI_cinit_table @ 0000ccb8 records: 3, size/record: 8, table size: 24
	.data: load addr=0000cbb0, load size=000000e8 bytes, run addr=200094b8, run size=00000570 bytes, compression=lzss
	.bss: load addr=0000cca8, load size=00000008 bytes, run addr=20008000, run size=000014b7 bytes, compression=zero_init
	.vtable: load addr=0000ccb0, load size=00000008 bytes, run addr=20009c00, run size=000000e8 bytes, compression=zero_init


LINKER GENERATED HANDLER TABLE

__TI_handler_table @ 0000cc98 records: 3, size/record: 4, table size: 12
	index: 0, handler: __TI_decompress_lzss
	index: 1, handler: __TI_decompress_none
	index: 2, handler: __TI_zero_init


GLOBAL SYMBOLS: SORTED ALPHABETICALLY BY Name 

address   name                              
-------   ----                              
0000c207  Board_init                        
00000b93  Board_initHook                    
0000c3e3  C$$EXIT                           
0000b28b  C$$IO$$                           
0000c213  CPU_cpsid                         
0000c21f  CPU_cpsie                         
0000bb05  CS_setExternalClockSourceFrequency
00006739  CS_startHFXTWithTimeout           
00006901  CS_startLFXTWithTimeout           
0000c0dd  ClockP_Params_init                
0000bb25  ClockP_add                        
0000a7fd  ClockP_construct                  
0000bd45  ClockP_create                     
0000c0ed  ClockP_delete                     
0000bdad  ClockP_destruct                   
0000c22d  ClockP_doTick                     
0000c239  ClockP_getSystemTickPeriod        
0000b6f9  ClockP_getSystemTicks             
0000b99d  ClockP_getTicks                   
0000c3a3  ClockP_isActive                   
0000b9c1  ClockP_scheduleNextTick           
0000c3a7  ClockP_setTimeout                 
00008d79  ClockP_start                      
00007761  ClockP_startup                    
0000c36d  ClockP_stop                       
200099f8  ClockP_tickPeriod                 
00009871  ClockP_usleep                     
000090ed  ClockP_walkQueueDynamic           
00007b8d  ClockP_workFuncDynamic            
00006469  DMA_setChannelTransfer            
00004633  DisplayUartMin_clear              
00004ff7  DisplayUartMin_clearLines         
0000bee5  DisplayUartMin_close              
0000c373  DisplayUartMin_control            
0000c9dc  DisplayUartMin_fxnTable           
0000c379  DisplayUartMin_getType            
0000526b  DisplayUartMin_init               
0000a71d  DisplayUartMin_open               
0000a965  DisplayUartMin_vprintf            
0000caec  Display_config                    
0000cb90  Display_count                     
0000c5f7  Display_defaultParams             
0000b721  Display_doInit                    
00009ecd  Display_doOpen                    
0000b679  Display_doPrintf                  
0000bdc5  EUSCI_A_SPI_getInterruptStatus    
0000bddd  EUSCI_B_SPI_getInterruptStatus    
0000ca6c  GPIOMSP432_config                 
000098d9  GPIO_hwiIntFxn                    
00007c39  GPIO_init                         
00009e0d  GPIO_setCallback                  
00004929  GPIO_setConfig                    
0000a03d  GPIO_write                        
0000aa39  HOSTclose                         
00009941  HOSTlseek                         
00009e6d  HOSTopen                          
0000a095  HOSTread                          
0000972d  HOSTrename                        
0000aa7d  HOSTunlink                        
0000a0ed  HOSTwrite                         
0000c04d  HwiP_Params_init                  
0000c3ab  HwiP_clearInterrupt               
000093b1  HwiP_construct                    
0000b6a3  HwiP_create                       
0000bdf5  HwiP_delete                       
0000c0fd  HwiP_disable                      
0000c3af  HwiP_disableInterrupt             
0000b9e5  HwiP_dispatch                     
0000c3b3  HwiP_enable                       
0000c3b7  HwiP_enableInterrupt              
0000be0d  HwiP_inISR                        
200099fc  HwiP_key                          
0000c3bb  HwiP_post                         
0000c31b  HwiP_restore                      
20009a00  HwiP_swiPIntNum                   
00007ce5  I2CMSP432_cancel                  
000091dd  I2CMSP432_close                   
0000c37f  I2CMSP432_control                 
0000ca3c  I2CMSP432_fxnTable                
000044af  I2CMSP432_hwiIntFxn               
00006467  I2CMSP432_init                    
00003859  I2CMSP432_open                    
00006559  I2CMSP432_transfer                
0000c10d  I2C_Params_init                   
0000caf8  I2C_config                        
0000cb91  I2C_count                         
0000cacc  I2C_defaultParams                 
0000aac1  I2C_init                          
00009799  I2C_masterSendMultiByteFinish     
0000ae79  I2C_open                          
0000be25  I2C_transfer                      
00008df9  Interrupt_disableInterrupt        
0000c11d  Interrupt_disableMaster           
00008e79  Interrupt_enableInterrupt         
0000c12d  Interrupt_enableMaster            
000099a9  Interrupt_pendInterrupt           
00009f29  Interrupt_registerInterrupt       
0000a351  Interrupt_setPriority             
0000a145  Interrupt_unpendInterrupt         
0000bc65  Interrupt_unregisterInterrupt     
0000b929  List_put                          
0000b94f  List_remove                       
000054c9  MPU6050_ReadData                  
00003dfd  MPU6050_Reset                     
0000c3b3  NoRTOS_start                      
0000c8e4  PowerMSP432_config                
00009a11  PowerMSP432_getFreqs              
0000c13d  PowerMSP432_getNumPerfLevels      
000080d3  PowerMSP432_initPolicy            
20009940  PowerMSP432_module                
200095f8  PowerMSP432_perfLevels            
0000a845  PowerMSP432_sleepPolicy           
00008653  PowerMSP432_updateFreqs           
0000c14d  Power_disablePolicy               
0000c15d  Power_enablePolicy                
0000c245  Power_getConstraintMask           
0000c251  Power_getPerformanceLevel         
0000bfad  Power_idleFunc                    
00008215  Power_init                        
0000b749  Power_registerNotify              
0000a88d  Power_releaseConstraint           
0000b1ed  Power_setConstraint               
0000259d  Power_sleep                       
0000bb45  Power_unregisterNotify            
0000c1dd  QueueP_empty                      
0000bd5f  QueueP_get                        
0000c3bf  QueueP_head                       
0000c385  QueueP_init                       
0000c3c3  QueueP_next                       
0000bb65  QueueP_put                        
0000c1eb  QueueP_remove                     
0000c05f  RingBuf_construct                 
0000aeb9  RingBuf_get                       
0000bb85  RingBuf_peek                      
0000a9ab  RingBuf_put                       
0000b225  SDFatFS_close                     
0000cb9c  SDFatFS_config                    
0000cb92  SDFatFS_count                     
0000b139  SDFatFS_diskIOctrl                
0000ba09  SDFatFS_diskInitialize            
0000b59d  SDFatFS_diskRead                  
0000c16d  SDFatFS_diskStatus                
0000b5c9  SDFatFS_diskWrite                 
0000ab05  SDFatFS_init                      
00006fdd  SDFatFS_open                      
0000ba2d  SDSPI_close                       
0000c38b  SDSPI_control                     
0000c970  SDSPI_fxnTable                    
00007d91  SDSPI_getNumSectors               
0000c391  SDSPI_getSectorSize               
0000c25d  SDSPI_init                        
00003a51  SDSPI_initialize                  
00009255  SDSPI_open                        
00007adf  SDSPI_read                        
000070ad  SDSPI_write                       
0000c299  SD_close                          
0000cb04  SD_config                         
[...]
00004173  __aeabi_dsub                      
0000417d  __aeabi_dadd                      
00004329  f_write                           
000044af  I2CMSP432_hwiIntFxn               
00004633  DisplayUartMin_clear              
00004635  fwrite                            
000047b5  __kernel_sin                      
00004929  GPIO_setConfig                    
00004a99  __kernel_cos                      
00004c09  sqrt                              
00004c09  sqrtl                             
00004d61  f_read                            
00004eb7  f_lseek                           
00004ff7  DisplayUartMin_clearLines         
00005135  __aeabi_ddiv                      
0000526b  DisplayUartMin_init               
0000539d  SPIMSP432DMA_transfer             
000054c9  MPU6050_ReadData                  
00005711  UART_initModule                   
00005949  fputs                             
00005b6d  ldexp                             
00005b6d  ldexpl                            
00005b6d  scalbn                            
00005b6d  scalbnl                           
00005c7d  f_rename                          
00005d89  SPIMSP432DMA_transferCancel       
00005e8d  aligned_alloc                     
00005e8d  memalign                          
00006089  __aeabi_dmul                      
00006185  floor                             
00006185  floorl                            
0000627d  fread                             
00006467  I2CMSP432_init                    
00006469  DMA_setChannelTransfer            
00006559  I2CMSP432_transfer                
00006739  CS_startHFXTWithTimeout           
0000681d  free                              
00006901  CS_startLFXTWithTimeout           
000069e1  TimerP_construct                  
00006ac1  UARTMSP432_readPolling            
00006b9d  UDMAMSP432_close                  
00006d55  setvbuf                           
00006e31  SwiP_construct                    
00006fdd  SDFatFS_open                      
000070ad  SDSPI_write                       
00007177  UARTMSP432_hwiIntFxn              
00007241  mpu6050                           
000073c5  open                              
00007481  add_device                        
00007761  ClockP_startup                    
00007815  UARTMSP432_control                
000078c9  UARTMSP432_writePolling           
00007a2f  SPI_initMaster                    
00007adf  SDSPI_read                        
00007b8d  ClockP_workFuncDynamic            
00007c39  GPIO_init                         
00007ce5  I2CMSP432_cancel                  
00007d91  SDSPI_getNumSectors               
00007e39  UARTMSP432_write                  
00007ee1  ffcio_open                        
00008000  __SYSMEM_SIZE                     
00008031  f_unlink                          
000080d3  PowerMSP432_initPolicy            
000080d5  SemaphoreP_pend                   
00008215  Power_init                        
000082b1  SwiP_dispatch                     
0000834d  __TI_buff_read                    
000083e9  f_sync                            
00008485  fopen                             
00008521  __aeabi_memcpy                    
00008521  __aeabi_memcpy4                   
00008521  __aeabi_memcpy8                   
00008521  memcpy                            
000085bd  __aeabi_uldivmod                  
00008653  PowerMSP432_updateFreqs           
00008655  UDMAMSP432_init                   
000086e9  UDMAMSP432_open                   
0000877d  UARTMSP432_close                  
00008933  SemaphoreP_destruct               
00008935  fputc                             
00008935  putc                              
00008b61  __aeabi_cdcmpeq                   
00008b61  __aeabi_cdcmple                   
00008be7  __aeabi_cdrcmple                  
00008cf3  UARTMSP432_init                   
00008d79  ClockP_start                      
00008df9  Interrupt_disableInterrupt        
00008e79  Interrupt_enableInterrupt         
00008f79  f_mount                           
00008ff5  fflush                            
00009071  __aeabi_memclr                    
00009071  __aeabi_memclr4                   
00009071  __aeabi_memclr8                   
00009073  __aeabi_memset                    
00009073  __aeabi_memset4                   
00009073  __aeabi_memset8                   
00009079  memset                            
000090eb  _nop                              
000090ed  ClockP_walkQueueDynamic           
000091dd  I2CMSP432_close                   
00009255  SDSPI_open                        
000092c9  __TI_closefile                    
000093b1  HwiP_construct                    
00009421  UARTMSP432_writeCancel            
000095df  clkFxn                            
0000964f  __aeabi_d2f                       
0000972d  HOSTrename                        
00009799  I2C_masterSendMultiByteFinish     
00009805  TimerP_getCurrentTick             
00009871  ClockP_usleep                     
00009871  usleep                            
000098d9  GPIO_hwiIntFxn                    
00009941  HOSTlseek                         
000099a9  Interrupt_pendInterrupt           
00009a11  PowerMSP432_getFreqs              
00009a79  SwiP_post                         
00009ae1  __TI_decompress_lzss              
00009bb1  printf                            
00009c19  SPIMSP432DMA_close                
00009c7d  frexp                             
00009c7d  frexpl                            
00009ce1  fseek                             
00009d45  ftell                             
00009da9  __TI_wrt_ok                       
00009e0d  GPIO_setCallback                  
00009e6d  HOSTopen                          
00009ecd  Display_doOpen                    
00009f29  Interrupt_registerInterrupt       
00009f85  close                             
0000a03d  GPIO_write                        
0000a095  HOSTread                          
0000a0ed  HOSTwrite                         
0000a145  Interrupt_unpendInterrupt         
0000a19d  TimerP_dynamicStub                
0000a351  Interrupt_setPriority             
0000a3a5  TimerP_getCount64                 
0000a3f9  __TI_ltoa                         
0000a599  SemaphoreP_construct              
0000a639  __TI_doflush                      
0000a685  atoi                              
0000a71d  DisplayUartMin_open               
0000a767  __TI_rd_ok                        
0000a7fb  __aeabi_idiv0                     
0000a7fb  __aeabi_ldiv0                     
0000a7fd  ClockP_construct                  
0000a845  PowerMSP432_sleepPolicy           
0000a88d  Power_releaseConstraint           
0000a8d5  exit                              
0000a91d  __aeabi_d2iz                      
0000a965  DisplayUartMin_vprintf            
0000a9ab  RingBuf_put                       
0000aa39  HOSTclose                         
0000aa7d  HOSTunlink                        
0000aac1  I2C_init                          
0000ab05  SDFatFS_init                      
0000ab49  SD_init                           
0000ab8d  SPI_init                          
0000abd1  SemaphoreP_post                   
0000abd1  ff_rel_grant                      
0000ac15  SwiP_restore                      
0000ac59  TimerP_start                      
0000ac9d  UART_init                         
0000ace1  __TI_auto_init_nobinit_nopinit    
0000ad69  getdevice                         
0000adf1  __aeabi_d2uiz                     
0000ae79  I2C_open                          
0000aeb9  RingBuf_get                       
0000aef9  SD_open                           
0000af39  SPI_open                          
0000af79  TimerP_setNextTick                
0000afb9  UARTMSP432_read                   
0000aff9  UART_open                         
0000b0b9  __aeabi_uidiv                     
0000b0b9  __aeabi_uidivmod                  
0000b139  SDFatFS_diskIOctrl                
0000b175  TimerP_initDevice                 
0000b1ed  Power_setConstraint               
0000b225  SDFatFS_close                     
0000b25d  __TI_writemsg                     
0000b28b  C$$IO$$                           
0000b2cd  __aeabi_f2d                       
0000b305  UARTMSP432_readCancel             
0000b371  strncpy                           
0000b3a9  __TI_cleanup                      
0000b3dd  __TI_readmsg                      
0000b411  _c_int00_noargs                   
0000b479  ffcio_lseek                       
0000b4ad  finddevice                        
0000b56d  __aeabi_i2d                       
0000b59d  SDFatFS_diskRead                  
0000b5c9  SDFatFS_diskWrite                 
0000b5f5  disk_register                     
0000b621  fclose                            
0000b64d  remove                            
0000b64d  unlink                            
0000b679  Display_doPrintf                  
0000b6a3  HwiP_create                       
0000b6f9  ClockP_getSystemTicks             
0000b721  Display_doInit                    
0000b749  Power_registerNotify              
0000b771  SPI_getInterruptStatus            
0000b811  disk_unregister                   
0000b8b1  lseek                             
0000b8d9  read                              
0000b901  write                             
0000b929  List_put                          
0000b94f  List_remove                       
0000b975  f_close                           
0000b99d  ClockP_getTicks                   
0000b9c1  ClockP_scheduleNextTick           
0000b9e5  HwiP_dispatch                     
0000ba09  SDFatFS_diskInitialize            
0000ba2d  SDSPI_close                       
0000ba51  disk_ioctl                        
0000ba75  disk_read                         
0000bb05  CS_setExternalClockSourceFrequency
0000bb25  ClockP_add                        
0000bb45  Power_unregisterNotify            
0000bb65  QueueP_put                        
0000bb85  RingBuf_peek                      
0000bba5  disk_write                        
0000bbc5  ffcio_close                       
0000bbe5  ffcio_read                        
0000bc05  ffcio_write                       
0000bc25  memchr                            
0000bc65  Interrupt_unregisterInterrupt     
0000bc81  SwiP_disable                      
0000bcb9  disk_initialize                   
0000bcd5  disk_status                       
0000bd29  memccpy                           
0000bd45  ClockP_create                     
0000bd5f  QueueP_get                        
0000bd79  SemaphoreP_createBinary           
0000bd93  copysign                          
0000bd93  copysignl                         
0000bdad  ClockP_destruct                   
0000bdc5  EUSCI_A_SPI_getInterruptStatus    
0000bddd  EUSCI_B_SPI_getInterruptStatus    
0000bdf5  HwiP_delete                       
0000be0d  HwiP_inISR                        
0000be25  I2C_transfer                      
0000be3d  SysCtl_A_disableNMISource         
0000be55  SysCtl_A_enableNMISource          
0000be6d  UART_Params_init                  
0000be9d  ff_cre_syncobj                    
0000beb5  resetISR                          
0000becd  strcmp                            
0000bee5  DisplayUartMin_close              
0000befb  SemaphoreP_create                 
0000bf7f  strchr                            
0000bfad  Power_idleFunc                    
0000bfc1  SPI_Params_init                   
0000c011  ff_req_grant                      
0000c025  strcpy                            
0000c039  strlen                            
0000c04d  HwiP_Params_init                  
0000c05f  RingBuf_construct                 
0000c083  ffcio_rename                      
0000c095  ffcio_unlink                      
0000c0a7  main                              
0000c0cb  wcslen                            
0000c0dd  ClockP_Params_init                
0000c0ed  ClockP_delete                     
0000c0fd  HwiP_disable                      
0000c10d  I2C_Params_init                   
0000c11d  Interrupt_disableMaster           
0000c12d  Interrupt_enableMaster            
0000c13d  PowerMSP432_getNumPerfLevels      
0000c14d  Power_disablePolicy               
0000c15d  Power_enablePolicy                
0000c16d  SDFatFS_diskStatus                
0000c17d  SemaphoreP_Params_init            
0000c18d  SwiP_Params_init                  
0000c19d  SysCtl_A_getNMISourceStatus       
0000c1ad  SysCtl_getNMISourceStatus         
0000c1bd  TimerP_Params_init                
0000c1dd  QueueP_empty                      
0000c1eb  QueueP_remove                     
0000c1f9  __TI_decompress_none              
0000c207  Board_init                        
0000c213  CPU_cpsid                         
0000c21f  CPU_cpsie                         
0000c22d  ClockP_doTick                     
0000c239  ClockP_getSystemTickPeriod        
0000c245  Power_getConstraintMask           
0000c251  Power_getPerformanceLevel         
0000c25d  SDSPI_init                        
0000c269  TimerP_getFreq                    
0000c275  TimerP_getMaxTicks                
0000c281  __TI_zero_init                    
0000c299  SD_close                          
0000c2a3  SD_getNumSectors                  
0000c2ad  SD_getSectorSize                  
0000c2b7  SD_initialize                     
0000c2c1  SD_read                           
0000c2cb  SD_write                          
0000c2d5  SPI_close                         
0000c2df  SPI_transfer                      
0000c2e9  UART_close                        
0000c2f3  UART_control                      
0000c2fd  UART_write                        
0000c307  ff_del_syncobj                    
0000c31b  HwiP_restore                      
0000c325  __aeabi_errno_addr                
0000c33d  fatfs_getFatTime                  
0000c345  malloc                            
0000c355  rewind                            
0000c36d  ClockP_stop                       
0000c373  DisplayUartMin_control            
0000c379  DisplayUartMin_getType            
0000c37f  I2CMSP432_control                 
0000c385  QueueP_init                       
0000c38b  SDSPI_control                     
0000c391  SDSPI_getSectorSize               
0000c397  SPIMSP432DMA_control              
0000c3a3  ClockP_isActive                   
0000c3a7  ClockP_setTimeout                 
0000c3ab  HwiP_clearInterrupt               
0000c3af  HwiP_disableInterrupt             
0000c3b3  HwiP_enable                       
0000c3b3  NoRTOS_start                      
0000c3b7  HwiP_enableInterrupt              
0000c3bb  HwiP_post                         
0000c3bf  QueueP_head                       
0000c3c3  QueueP_next                       
0000c3c7  SPIMSP432DMA_init                 
0000c3cb  SemaphoreP_delete                 
0000c3cf  SystemP_vsnprintf                 
0000c3d3  TimerP_setPeriod                  
0000c3df  _system_pre_init                  
0000c3e3  C$$EXIT                           
0000c3e3  abort                             
0000c3e7  get_fattime                       
0000c3f0  textarray                         
0000c5f7  Display_defaultParams             
0000c750  _ctypes_                          
0000c8e4  PowerMSP432_config                
0000c948  UARTMSP432_fxnTable               
0000c970  SDSPI_fxnTable                    
0000c994  UART_defaultParams                
0000c9b8  spiMSP432DMAHWAttrs               
0000c9dc  DisplayUartMin_fxnTable           
0000c9fc  SPI_defaultParams                 
0000ca3c  I2CMSP432_fxnTable                
0000ca54  SPIMSP432DMA_fxnTable             
0000ca6c  GPIOMSP432_config                 
0000ca80  displayUartHWAttrs                
0000ca94  i2cMSP432HWAttrs                  
0000caa8  outputfile                        
0000cab9  inputfile                         
0000cacc  I2C_defaultParams                 
0000caec  Display_config                    
0000caf8  I2C_config                        
0000cb04  SD_config                         
0000cb10  SPI_config                        
0000cb1c  UART_config                       
0000cb34  udmaMSP432HWAttrs                 
0000cb54  UDMAMSP432_config                 
0000cb90  Display_count                     
0000cb91  I2C_count                         
0000cb92  SDFatFS_count                     
0000cb93  SD_count                          
0000cb94  SPI_count                         
0000cb95  UART_count                        
0000cb9c  SDFatFS_config                    
0000cba0  SD_defaultParams                  
0000cbb0  __TI_static_base__                
0000cc98  __TI_Handler_Table_Base           
0000cca4  __TI_Handler_Table_Limit          
0000ccb8  __TI_CINIT_Base                   
0000ccd0  __TI_CINIT_Limit                  
20000000  __start___llvm_prf_cnts           
20000000  __stop___llvm_prf_cnts            
20000000  _sys_memory                       
20008000  cpy_buff                          
20008c04  sdfatfsObjects                    
20008e44  __CIOBUF_                         
20008f64  uartMSP432Objects                 
200091a0  __TI_tmpnams                      
20009240  i2cMSP432Objects                  
20009290  spiMSP432DMAObjects               
200093fc  mpu6050Params                     
20009419  set_gyro_angles                   
2000941c  displayUartObject                 
20009428  sdspiObjects                      
20009444  accelerometer                     
2000944c  gyro                              
20009454  parmbuf                           
20009468  acc_total_vector                  
2000946c  acc_x                             
20009470  acc_y                             
20009474  acc_z                             
20009478  angle_pitch                       
2000947c  angle_pitch_acc                   
20009480  angle_pitch_output                
20009484  angle_roll                        
20009488  angle_roll_acc                    
2000948c  angle_roll_output                 
20009490  angle_yaw                         
20009494  display                           
20009498  gyro_x                            
2000949c  gyro_x_cal                        
200094a0  gyro_y                            
200094a4  gyro_y_cal                        
200094a8  gyro_z                            
200094ac  gyro_z_cal                        
200094b0  mpu6050Handle                     
200094b4  temp                              
200094b6  udmaMSP432Object                  
200095f8  PowerMSP432_perfLevels            
20009738  _ftable                           
20009828  _device                           
200098a0  _stream                           
20009940  PowerMSP432_module                
2000996c  i2cTranscation                    
20009998  __TI_ft_end                       
2000999c  __aeabi_stdin                     
200099a0  __aeabi_stdout                    
200099a4  __aeabi_stderr                    
200099a8  __TI_cleanup_ptr                  
200099ac  __TI_dtors_ptr                    
200099b0  __TI_enable_exit_profile_output   
200099cc  _lock                             
200099d0  _unlock                           
200099dc  SemaphoreP_defaultParams          
200099e4  gpioCallbackFunctions             
200099ec  gpioPinConfigs                    
200099f8  ClockP_tickPeriod                 
200099fc  HwiP_key                          
20009a00  HwiP_swiPIntNum                   
20009a08  fatfsPrefix                       
20009a10  errno                             
20009c00  g_pfnRAMVectors                   
2000f000  __stack                           
20010000  __STACK_END                       
4000480c  WDTCTL_SYM                        
ffffffff  __TI_pprof_out_hndl               
ffffffff  __TI_prof_data_size               
ffffffff  __TI_prof_data_start              
ffffffff  __binit__                         
ffffffff  __c_args__                        
ffffffff  binit                             
UNDEFED   __mpu_init                        
UNDEFED   _system_post_cinit                

[462 symbols]
