******************************************************************************
                  TI ARM Linker PC v20.2.5                     
******************************************************************************
>> Linked Thu Dec  2 11:06:10 2021

OUTPUT FILE NAME:   <fatsd_MSP_EXP432P401R_nortos_ccs.out>
ENTRY POINT SYMBOL: "resetISR"  address: 00008785


MEMORY CONFIGURATION

         name            origin    length      used     unused   attr    fill
----------------------  --------  ---------  --------  --------  ----  --------
  MAIN                  00000000   00040000  0000914e  00036eb2  R  X
  INFO                  00200000   00004000  00000000  00004000  R  X
  SRAM_CODE             01000000   00010000  00009efa  00006106  RW X
  SRAM_DATA             20000000   00010000  00009efa  00006106  RW  


SEGMENT ALLOCATION MAP

run origin  load origin   length   init length attrs members
----------  ----------- ---------- ----------- ----- -------
00000000    00000000    00009158   00009158    r-x
  00000000    00000000    00000144   00000144    r-- .intvecs
  00000144    00000144    00008a0e   00008a0e    r-x .text
  00008b58    00008b58    000004e4   000004e4    r-- .const
  00009040    00009040    00000118   00000118    r-- .cinit
20000000    20000000    00008e15   00000000    rw-
  20000000    20000000    00008000   00000000    rw- .sysmem
  20008000    20008000    000008fd   00000000    rw- .bss
  20008900    20008900    00000515   00000000    rw- .data
20009000    20009000    000000e8   00000000    rw-
  20009000    20009000    000000e8   00000000    rw- .vtable
2000f000    2000f000    00001000   00000000    rw-
  2000f000    2000f000    00001000   00000000    rw- .stack


SECTION ALLOCATION MAP

 output                                  attributes/
section   page    origin      length       input sections
--------  ----  ----------  ----------   ----------------
.text      0    00000144    00008a0e     
                  00000144    00000a4e     rtsv7M4_T_le_v4SPD16_eabi.lib : _printfi.c.obj (.text:__TI_printfi)
                  00000b92    00000002     ti_drivers_config.obj (.text:Board_initHook)
                  00000b94    00000738     rtsv7M4_T_le_v4SPD16_eabi.lib : k_rem_pio2.c.obj (.text:__kernel_rem_pio2)
                  000012cc    000005e0                                   : s_sin.c.obj (.text:sin)
                  000018ac    00000528     mpu.obj (.text:process_raw_values)
                  00001dd4    000003d4     rtsv7M4_T_le_v4SPD16_eabi.lib : e_asin.c.obj (.text:asin)
                  000021a8    000002f8     drivers_msp432p401x.aem4f : PowerMSP432.oem4f (.text:Power_sleep)
                  000024a0    000002d8     nortos_msp432p401x.aem4f : SystemP_nortos.oem4f (.text:doPrint)
                  00002778    000002d0     drivers_msp432p401x.aem4f : UARTMSP432.oem4f (.text:UARTMSP432_open)
                  00002a48    00000288                               : PowerMSP432.oem4f (.text:initPerfControl)
                  00002cd0    00000270     rtsv7M4_T_le_v4SPD16_eabi.lib : _printfi.c.obj (.text:_pconv_a)
                  00002f40    000001f8     drivers_msp432p401x.aem4f : I2CMSP432.oem4f (.text:I2CMSP432_open)
                  00003138    000001d0     rtsv7M4_T_le_v4SPD16_eabi.lib : _printfi.c.obj (.text:_pconv_g)
                  00003308    000001c0     mpu.obj (.text:MPU6050_Reset)
                  000034c8    000001b6     rtsv7M4_T_le_v4SPD16_eabi.lib : fd_add_t2.asm.obj (.text)
                  0000367e    00000184     drivers_msp432p401x.aem4f : I2CMSP432.oem4f (.text:I2CMSP432_hwiIntFxn)
                  00003802    00000002     display.aem4f : DisplayUart.oem4f (.text:DisplayUartMin_clear)
                  00003804    00000178     mpu.obj (.text:mpu6050)
                  0000397c    00000174     rtsv7M4_T_le_v4SPD16_eabi.lib : k_sin.c.obj (.text:__kernel_sin)
                  00003af0    00000170     drivers_msp432p401x.aem4f : GPIOMSP432.oem4f (.text:GPIO_setConfig)
                  00003c60    00000170     rtsv7M4_T_le_v4SPD16_eabi.lib : k_cos.c.obj (.text:__kernel_cos)
                  00003dd0    00000158                                   : e_sqrt.c.obj (.text:sqrt)
                  00003f28    0000013c                                   : _printfi.c.obj (.text:_pconv_e)
                  00004064    00000136                                   : fd_div_t2.asm.obj (.text)
                  0000419a    00000002     display.aem4f : DisplayUart.oem4f (.text:DisplayUartMin_clearLines)
                  0000419c    00000124     mpu.obj (.text:MPU6050_ReadData)
                  000042c0    00000124     rtsv7M4_T_le_v4SPD16_eabi.lib : _printfi.c.obj (.text:fcvt)
                  000043e4    0000011c     msp432p4xx_driverlib.lib : uart.o (.text:UART_initModule)
                  00004500    0000011c     drivers_msp432p401x.aem4f : I2CMSP432.oem4f (.text:primeTransfer)
                  0000461c    00000114     rtsv7M4_T_le_v4SPD16_eabi.lib : fputs.c.obj (.text:fputs)
                  00004730    00000110                                   : s_scalbn.c.obj (.text:scalbn)
                  00004840    00000100                                   : memory.c.obj (.text:aligned_alloc)
                  00004940    000000fc                                   : fd_mul_t2.asm.obj (.text)
                  00004a3c    000000f8                                   : s_floor.c.obj (.text:floor)
                  00004b34    000000f0     drivers_msp432p401x.aem4f : I2CMSP432.oem4f (.text:I2CMSP432_transfer)
                  00004c24    000000e4     msp432p4xx_driverlib.lib : cs.o (.text:CS_startHFXTWithTimeout)
                  00004d08    000000e4     rtsv7M4_T_le_v4SPD16_eabi.lib : memory.c.obj (.text:free)
                  00004dec    000000e0     msp432p4xx_driverlib.lib : cs.o (.text:CS_startLFXTWithTimeout)
                  00004ecc    000000e0     nortos_msp432p401x.aem4f : TimerPMSP432_nortos.oem4f (.text:TimerP_construct)
                  00004fac    000000dc     drivers_msp432p401x.aem4f : UARTMSP432.oem4f (.text:UARTMSP432_readPolling)
                  00005088    000000dc     msp432p4xx_driverlib.lib : cs.o (.text:_CSGetHFXTFrequency)
                  00005164    000000dc     rtsv7M4_T_le_v4SPD16_eabi.lib : setvbuf.c.obj (.text:setvbuf)
                  00005240    000000d8     nortos_msp432p401x.aem4f : SwiP_nortos.oem4f (.text:SwiP_construct)
                  00005318    000000ca     drivers_msp432p401x.aem4f : UARTMSP432.oem4f (.text:UARTMSP432_hwiIntFxn)
                  000053e2    00000002     display.aem4f : DisplayUart.oem4f (.text:DisplayUartMin_init)
                  000053e4    000000b8     drivers_msp432p401x.aem4f : UARTMSP432.oem4f (.text:initHw)
                  0000549c    000000b8                               : UARTMSP432.oem4f (.text:readTaskCallback)
                  00005554    000000b4     nortos_msp432p401x.aem4f : ClockPTimer_nortos.oem4f (.text:ClockP_startup)
                  00005608    000000b4     drivers_msp432p401x.aem4f : UARTMSP432.oem4f (.text:UARTMSP432_control)
                  000056bc    000000b4                               : UARTMSP432.oem4f (.text:UARTMSP432_writePolling)
                  00005770    000000b1     rtsv7M4_T_le_v4SPD16_eabi.lib : _printfi.c.obj (.text:_ltostr)
                  00005821    00000001     --HOLE-- [fill = 0]
                  00005822    00000002     drivers_msp432p401x.aem4f : I2CMSP432.oem4f (.text:I2CMSP432_init)
                  00005824    000000ac     nortos_msp432p401x.aem4f : ClockPTimer_nortos.oem4f (.text:ClockP_workFuncDynamic)
                  000058d0    000000ac     drivers_msp432p401x.aem4f : GPIOMSP432.oem4f (.text:GPIO_init)
                  0000597c    000000ac                               : I2CMSP432.oem4f (.text:I2CMSP432_cancel)
                  00005a28    000000a8                               : UARTMSP432.oem4f (.text:UARTMSP432_write)
                  00005ad0    000000a8                               : UARTMSP432.oem4f (.text:readTaskBlocking)
                  00005b78    000000a4     lcd.obj (.text:lcd_init)
                  00005c1c    000000a0     nortos_msp432p401x.aem4f : SemaphoreP_nortos.oem4f (.text:SemaphoreP_pend)
                  00005cbc    000000a0     drivers_msp432p401x.aem4f : UARTMSP432.oem4f (.text:readIsrTextCallback)
                  00005d5c    0000009c                               : PowerMSP432.oem4f (.text:Power_init)
                  00005df8    0000009c     nortos_msp432p401x.aem4f : SwiP_nortos.oem4f (.text:SwiP_dispatch)
                  00005e94    0000009c     rtsv7M4_T_le_v4SPD16_eabi.lib : memcpy_t2.asm.obj (.text)
                  00005f30    00000096                                   : ull_div_t2.asm.obj (.text)
                  00005fc6    00000092     drivers_msp432p401x.aem4f : UARTMSP432.oem4f (.text:UARTMSP432_close)
                  00006058    00000092                               : UARTMSP432.oem4f (.text:writeData)
                  000060ea    00000002     msp432p4xx_driverlib.lib : interrupt.o (.text:IntDefaultHandler)
                  000060ec    0000008c     rtsv7M4_T_le_v4SPD16_eabi.lib : fputc.c.obj (.text:fputc)
                  00006178    0000008c     drivers_msp432p401x.aem4f : UARTMSP432.oem4f (.text:readIsrTextBlocking)
                  00006204    00000086     rtsv7M4_T_le_v4SPD16_eabi.lib : fd_cmp_t2.asm.obj (.text:__aeabi_cdcmple)
                  0000628a    00000086                                   : fd_cmp_t2.asm.obj (.text:__aeabi_cdrcmple)
                  00006310    00000084     lcd.obj (.text:lcd_i2c_init)
                  00006394    00000084     drivers_msp432p401x.aem4f : PowerMSP432.oem4f (.text:restartHFXT)
                  00006418    00000080     nortos_msp432p401x.aem4f : ClockPTimer_nortos.oem4f (.text:ClockP_start)
                  00006498    00000080     msp432p4xx_driverlib.lib : interrupt.o (.text:Interrupt_disableInterrupt)
                  00006518    00000080                              : interrupt.o (.text:Interrupt_enableInterrupt)
                  00006598    0000007a     rtsv7M4_T_le_v4SPD16_eabi.lib : memset_t2.asm.obj (.text)
                  00006612    00000002     nortos_msp432p401x.aem4f : PowerMSP432_nortos.oem4f (.text:PowerMSP432_initPolicy)
                  00006614    00000078                              : ClockPTimer_nortos.oem4f (.text:ClockP_walkQueueDynamic)
                  0000668c    00000076     drivers_msp432p401x.aem4f : I2CMSP432.oem4f (.text:I2CMSP432_close)
                  00006702    00000002     nortos_msp432p401x.aem4f : PowerMSP432_nortos.oem4f (.text:PowerMSP432_updateFreqs)
                  00006704    00000074     rtsv7M4_T_le_v4SPD16_eabi.lib : fclose.c.obj (.text:__TI_closefile)
                  00006778    00000070     nortos_msp432p401x.aem4f : HwiPMSP432_nortos.oem4f (.text:HwiP_construct)
                  000067e8    00000070     drivers_msp432p401x.aem4f : UARTMSP432.oem4f (.text:UARTMSP432_writeCancel)
                  00006858    00000070     rtsv7M4_T_le_v4SPD16_eabi.lib : memory.c.obj (.text:split)
                  000068c8    0000006e                                   : _printfi.c.obj (.text:_mcpy)
                  00006936    0000006e                                   : fd_tos_t2.asm.obj (.text)
                  000069a4    0000006d     nortos_msp432p401x.aem4f : SystemP_nortos.oem4f (.text:formatNum)
                  00006a11    00000001     --HOLE-- [fill = 0]
                  00006a12    00000002                              : SemaphoreP_nortos.oem4f (.text:SemaphoreP_destruct)
                  00006a14    0000006c     rtsv7M4_T_le_v4SPD16_eabi.lib : hostrename.c.obj (.text:HOSTrename)
                  00006a80    0000006c     msp432p4xx_driverlib.lib : i2c.o (.text:I2C_masterSendMultiByteFinish)
                  00006aec    0000006c     nortos_msp432p401x.aem4f : TimerPMSP432_nortos.oem4f (.text:TimerP_getCurrentTick)
                  00006b58    00000068                              : ClockPTimer_nortos.oem4f (.text:ClockP_usleep)
                  00006bc0    00000068     drivers_msp432p401x.aem4f : GPIOMSP432.oem4f (.text:GPIO_hwiIntFxn)
                  00006c28    00000068     rtsv7M4_T_le_v4SPD16_eabi.lib : hostlseek.c.obj (.text:HOSTlseek)
                  00006c90    00000068     msp432p4xx_driverlib.lib : interrupt.o (.text:Interrupt_pendInterrupt)
                  00006cf8    00000068     drivers_msp432p401x.aem4f : PowerMSP432.oem4f (.text:PowerMSP432_getFreqs)
                  00006d60    00000068     nortos_msp432p401x.aem4f : SwiP_nortos.oem4f (.text:SwiP_post)
                  00006dc8    00000068     rtsv7M4_T_le_v4SPD16_eabi.lib : copy_decompress_lzss.c.obj (.text:decompress:lzss:__TI_decompress_lzss)
                  00006e30    00000068     drivers_msp432p401x.aem4f : I2CMSP432.oem4f (.text:initHw)
                  00006e98    00000068     rtsv7M4_T_le_v4SPD16_eabi.lib : printf.c.obj (.text:printf)
                  00006f00    00000064                                   : s_frexp.c.obj (.text:frexp)
                  00006f64    00000064                                   : fseek.c.obj (.text:fseek)
                  00006fc8    00000062                                   : _io_perm.c.obj (.text:__TI_wrt_ok)
                  0000702a    00000002     drivers_msp432p401x.aem4f : UARTMSP432.oem4f (.text:UARTMSP432_init)
                  0000702c    00000060                               : GPIOMSP432.oem4f (.text:GPIO_setCallback)
                  0000708c    00000060     rtsv7M4_T_le_v4SPD16_eabi.lib : hostopen.c.obj (.text:HOSTopen)
                  000070ec    0000005c     display.aem4f : Display.oem4f (.text:Display_doOpen)
                  00007148    0000005c     msp432p4xx_driverlib.lib : interrupt.o (.text:Interrupt_registerInterrupt)
                  000071a4    0000005c     rtsv7M4_T_le_v4SPD16_eabi.lib : close.c.obj (.text:close)
                  00007200    00000058                                   : hostread.c.obj (.text:HOSTread)
                  00007258    00000058                                   : hostwrite.c.obj (.text:HOSTwrite)
                  000072b0    00000058     nortos_msp432p401x.aem4f : TimerPMSP432_nortos.oem4f (.text:TimerP_dynamicStub)
                  00007308    00000058     drivers_msp432p401x.aem4f : UARTMSP432.oem4f (.text:readIsrBinaryBlocking)
                  00007360    00000056     rtsv7M4_T_le_v4SPD16_eabi.lib : _printfi.c.obj (.text:_pconv_f)
                  000073b6    00000056     drivers_msp432p401x.aem4f : I2CMSP432.oem4f (.text:completeTransfer)
                  0000740c    00000054     msp432p4xx_driverlib.lib : interrupt.o (.text:Interrupt_setPriority)
                  00007460    00000054     nortos_msp432p401x.aem4f : TimerPMSP432_nortos.oem4f (.text:TimerP_getCount64)
                  000074b4    00000054     rtsv7M4_T_le_v4SPD16_eabi.lib : _ltoa.c.obj (.text:__TI_ltoa)
                  00007508    00000052                                   : _printfi.c.obj (.text:_ecpy)
                  0000755a    00000002                                   : _lock.c.obj (.text:_nop)
                  0000755c    00000050     nortos_msp432p401x.aem4f : SemaphoreP_nortos.oem4f (.text:SemaphoreP_construct)
                  000075ac    0000004c     rtsv7M4_T_le_v4SPD16_eabi.lib : fflush.c.obj (.text:__TI_doflush)
                  000075f8    0000004c                                   : atoi.c.obj (.text:atoi)
                  00007644    0000004c     drivers_msp432p401x.aem4f : UARTMSP432.oem4f (.text:readIsrBinaryCallback)
                  00007690    0000004a     display.aem4f : DisplayUart.oem4f (.text:DisplayUartMin_open)
                  000076da    00000002     nortos_msp432p401x.aem4f : startup_msp432_ccs.oem4f (.text:busFaultISR)
                  000076dc    00000048                              : ClockPTimer_nortos.oem4f (.text:ClockP_construct)
                  00007724    00000048                              : PowerMSP432_nortos.oem4f (.text:PowerMSP432_sleepPolicy)
                  0000776c    00000048     drivers_msp432p401x.aem4f : PowerMSP432.oem4f (.text:Power_releaseConstraint)
                  000077b4    00000048     rtsv7M4_T_le_v4SPD16_eabi.lib : exit.c.obj (.text:exit)
                  000077fc    00000048     lcd.obj (.text:i2c_write)
                  00007844    00000048     rtsv7M4_T_le_v4SPD16_eabi.lib : fd_toi_t2.asm.obj (.text)
                  0000788c    00000046     display.aem4f : DisplayUart.oem4f (.text:DisplayUartMin_vprintf)
                  000078d2    00000046     drivers_msp432p401x.aem4f : RingBuf.oem4f (.text:RingBuf_put)
                  00007918    00000044     rtsv7M4_T_le_v4SPD16_eabi.lib : hostclose.c.obj (.text:HOSTclose)
                  0000795c    00000044                                   : hostunlink.c.obj (.text:HOSTunlink)
                  000079a0    00000044     drivers_msp432p401x.aem4f : I2C.oem4f (.text:I2C_init)
                  000079e4    00000044     nortos_msp432p401x.aem4f : SemaphoreP_nortos.oem4f (.text:SemaphoreP_post)
                  00007a28    00000044                              : SwiP_nortos.oem4f (.text:SwiP_restore)
                  00007a6c    00000044                              : TimerPMSP432_nortos.oem4f (.text:TimerP_start)
                  00007ab0    00000044     drivers_msp432p401x.aem4f : UART.oem4f (.text:UART_init)
                  00007af4    00000044     rtsv7M4_T_le_v4SPD16_eabi.lib : autoinit.c.obj (.text:__TI_auto_init_nobinit_nopinit:__TI_auto_init_nobinit_nopinit)
                  00007b38    00000044                                   : getdevice.c.obj (.text:getdevice)
                  00007b7c    00000044     drivers_msp432p401x.aem4f : I2CMSP432.oem4f (.text:perfChangeNotifyFxn)
                  00007bc0    00000044     rtsv7M4_T_le_v4SPD16_eabi.lib : fd_tou_t2.asm.obj (.text)
                  00007c04    00000042     lcd.obj (.text:lcd_send)
                  00007c46    00000002     nortos_msp432p401x.aem4f : SemaphoreP_nortos.oem4f (.text:clkFxn)
                  00007c48    00000040     drivers_msp432p401x.aem4f : I2C.oem4f (.text:I2C_open)
                  00007c88    00000040                               : RingBuf.oem4f (.text:RingBuf_get)
                  00007cc8    00000040     nortos_msp432p401x.aem4f : TimerPMSP432_nortos.oem4f (.text:TimerP_setNextTick)
                  00007d08    00000040     drivers_msp432p401x.aem4f : UARTMSP432.oem4f (.text:UARTMSP432_read)
                  00007d48    00000040                               : UART.oem4f (.text:UART_open)
                  00007d88    00000040                               : UARTMSP432.oem4f (.text:perfChangeNotifyFxn)
                  00007dc8    00000040     rtsv7M4_T_le_v4SPD16_eabi.lib : u_divt2.asm.obj (.text)
                  00007e08    00000040                                   : sprintf.c.obj (.text:sprintf)
                  00007e48    0000003e                                   : _printfi.c.obj (.text:_fcpy)
                  00007e86    00000002     nortos_msp432p401x.aem4f : startup_msp432_ccs.oem4f (.text:defaultISR)
                  00007e88    0000003c                              : TimerPMSP432_nortos.oem4f (.text:TimerP_initDevice)
                  00007ec4    00000038     drivers_msp432p401x.aem4f : PowerMSP432.oem4f (.text:Power_setConstraint)
                  00007efc    00000038     rtsv7M4_T_le_v4SPD16_eabi.lib : trgmsg.c.obj (.text:__TI_writemsg)
                  00007f34    00000038     lcd.obj (.text:lcd_set_cursor)
                  00007f6c    00000038     drivers_msp432p401x.aem4f : PowerMSP432.oem4f (.text:notify)
                  00007fa4    00000038     rtsv7M4_T_le_v4SPD16_eabi.lib : fs_tod_t2.asm.obj (.text)
                  00007fdc    00000036     drivers_msp432p401x.aem4f : UARTMSP432.oem4f (.text:UARTMSP432_readCancel)
                  00008012    00000036     rtsv7M4_T_le_v4SPD16_eabi.lib : strncpy.c.obj (.text:strncpy)
                  00008048    00000034                                   : fopen.c.obj (.text:__TI_cleanup)
                  0000807c    00000034                                   : trgmsg.c.obj (.text:__TI_readmsg)
                  000080b0    00000034                                   : boot_cortex_m.c.obj (.text:_c_int00_noargs:_c_int00_noargs)
                  000080e4    00000034     fatsd_nortos.obj (.text:mainThread)
                  00008118    00000030     lcd.obj (.text:delay_ms)
                  00008148    00000030     rtsv7M4_T_le_v4SPD16_eabi.lib : getdevice.c.obj (.text:finddevice)
                  00008178    00000030     drivers_msp432p401x.aem4f : I2CMSP432.oem4f (.text:mapPin)
                  000081a8    00000030                               : UARTMSP432.oem4f (.text:mapPin)
                  000081d8    0000002e     rtsv7M4_T_le_v4SPD16_eabi.lib : i_tofd_t2.asm.obj (.text)
                  00008206    0000002c     lcd.obj (.text:pulse_enable)
                  00008232    00000002     nortos_msp432p401x.aem4f : startup_msp432_ccs.oem4f (.text:faultISR)
                  00008234    0000002c     rtsv7M4_T_le_v4SPD16_eabi.lib : unlink.c.obj (.text:unlink)
                  00008260    0000002a     display.aem4f : Display.oem4f (.text:Display_doPrintf)
                  0000828a    0000002a     nortos_msp432p401x.aem4f : HwiPMSP432_nortos.oem4f (.text:HwiP_create)
                  000082b4    00000028     display.aem4f : Display.oem4f (.text:Display_doInit)
                  000082dc    00000028     drivers_msp432p401x.aem4f : PowerMSP432.oem4f (.text:Power_registerNotify)
                  00008304    00000028                               : PowerMSP432.oem4f (.text:disableFaultCounter)
                  0000832c    00000028                               : PowerMSP432.oem4f (.text:disableHFXT)
                  00008354    00000028                               : UARTMSP432.oem4f (.text:findBaudDividerIndex)
                  0000837c    00000028     rtsv7M4_T_le_v4SPD16_eabi.lib : memory.c.obj (.text:free_list_insert)
                  000083a4    00000028                                   : lseek.c.obj (.text:lseek)
                  000083cc    00000028                                   : write.c.obj (.text:write)
                  000083f4    00000026     drivers_msp432p401x.aem4f : List.oem4f (.text:List_put)
                  0000841a    00000026                               : List.oem4f (.text:List_remove)
                  00008440    00000024     nortos_msp432p401x.aem4f : ClockPTimer_nortos.oem4f (.text:ClockP_getTicks)
                  00008464    00000024                              : ClockPTimer_nortos.oem4f (.text:ClockP_scheduleNextTick)
                  00008488    00000024                              : HwiPMSP432_nortos.oem4f (.text:HwiP_dispatch)
                  000084ac    00000024                              : ClockPTimer_nortos.oem4f (.text:sleepTicks)
                  000084d0    00000022     lcd.obj (.text:lcd_print)
                  000084f2    00000002     nortos_msp432p401x.aem4f : startup_msp432_ccs.oem4f (.text:nmiISR)
                  000084f4    00000020     msp432p4xx_driverlib.lib : cs.o (.text:CS_setExternalClockSourceFrequency)
                  00008514    00000020     nortos_msp432p401x.aem4f : ClockPTimer_nortos.oem4f (.text:ClockP_add)
                  00008534    00000020     drivers_msp432p401x.aem4f : PowerMSP432.oem4f (.text:Power_unregisterNotify)
                  00008554    00000020     nortos_msp432p401x.aem4f : QueueP_nortos.oem4f (.text:QueueP_put)
                  00008574    00000020     drivers_msp432p401x.aem4f : RingBuf.oem4f (.text:RingBuf_peek)
                  00008594    00000020     lcd.obj (.text:lcd_display)
                  000085b4    00000020     rtsv7M4_T_le_v4SPD16_eabi.lib : memchr.c.obj (.text:memchr)
                  000085d4    0000001c     msp432p4xx_driverlib.lib : interrupt.o (.text:Interrupt_unregisterInterrupt)
                  000085f0    0000001c     nortos_msp432p401x.aem4f : SwiP_nortos.oem4f (.text:SwiP_disable)
                  0000860c    0000001c     rtsv7M4_T_le_v4SPD16_eabi.lib : memory.c.obj (.text:free_list_remove)
                  00008628    0000001c                                   : memccpy.c.obj (.text:memccpy)
                  00008644    0000001a     nortos_msp432p401x.aem4f : ClockPTimer_nortos.oem4f (.text:ClockP_create)
                  0000865e    0000001a                              : QueueP_nortos.oem4f (.text:QueueP_get)
                  00008678    0000001a                              : SemaphoreP_nortos.oem4f (.text:SemaphoreP_createBinary)
                  00008692    0000001a     rtsv7M4_T_le_v4SPD16_eabi.lib : s_copysign.c.obj (.text:copysign)
                  000086ac    00000018     nortos_msp432p401x.aem4f : ClockPTimer_nortos.oem4f (.text:ClockP_destruct)
                  000086c4    00000018                              : HwiPMSP432_nortos.oem4f (.text:HwiP_delete)
                  000086dc    00000018                              : HwiPMSP432_nortos.oem4f (.text:HwiP_inISR)
                  000086f4    00000018     drivers_msp432p401x.aem4f : I2C.oem4f (.text:I2C_transfer)
                  0000870c    00000018     msp432p4xx_driverlib.lib : sysctl_a.o (.text:SysCtl_A_disableNMISource)
                  00008724    00000018                              : sysctl_a.o (.text:SysCtl_A_enableNMISource)
                  0000873c    00000018     drivers_msp432p401x.aem4f : UART.oem4f (.text:UART_Params_init)
                  00008754    00000018     rtsv7M4_T_le_v4SPD16_eabi.lib : sprintf.c.obj (.text:_outs)
                  0000876c    00000018     lcd.obj (.text:lcd_4bit_write)
                  00008784    00000018     nortos_msp432p401x.aem4f : startup_msp432_ccs.oem4f (.text:resetISR)
                  0000879c    00000018     rtsv7M4_T_le_v4SPD16_eabi.lib : strcmp.c.obj (.text:strcmp)
                  000087b4    00000016     display.aem4f : DisplayUart.oem4f (.text:DisplayUartMin_close)
                  000087ca    00000016     nortos_msp432p401x.aem4f : SemaphoreP_nortos.oem4f (.text:SemaphoreP_create)
                  000087e0    00000016                              : SwiP_nortos.oem4f (.text:maxbit)
                  000087f6    00000016                              : SystemP_nortos.oem4f (.text:putChar)
                  0000880c    00000016     rtsv7M4_T_le_v4SPD16_eabi.lib : strchr.c.obj (.text:strchr)
                  00008822    00000002                                   : div0.asm.obj (.text)
                  00008824    00000014     drivers_msp432p401x.aem4f : PowerMSP432.oem4f (.text:Power_idleFunc)
                  00008838    00000014     nortos_msp432p401x.aem4f : SwiP_nortos.oem4f (.text:SwiP_handleHwi)
                  0000884c    00000014                              : TimerPMSP432_nortos.oem4f (.text:TimerP_getCount)
                  00008860    00000014     drivers_msp432p401x.aem4f : UARTMSP432.oem4f (.text:clearTXCPTIFG)
                  00008874    00000014     rtsv7M4_T_le_v4SPD16_eabi.lib : strcpy.c.obj (.text:strcpy)
                  00008888    00000014                                   : strlen.c.obj (.text:strlen)
                  0000889c    00000012     nortos_msp432p401x.aem4f : HwiPMSP432_nortos.oem4f (.text:HwiP_Params_init)
                  000088ae    00000012     drivers_msp432p401x.aem4f : RingBuf.oem4f (.text:RingBuf_construct)
                  000088c0    00000012     lcd.obj (.text:lcd_cmd)
                  000088d2    00000012     main_nortos.obj (.text:main)
                  000088e4    00000012     rtsv7M4_T_le_v4SPD16_eabi.lib : wcslen.c.obj (.text:wcslen)
                  000088f6    00000002     --HOLE-- [fill = 0]
                  000088f8    00000010     nortos_msp432p401x.aem4f : ClockPTimer_nortos.oem4f (.text:ClockP_Params_init)
                  00008908    00000010                              : ClockPTimer_nortos.oem4f (.text:ClockP_delete)
                  00008918    00000010                              : HwiPMSP432_nortos.oem4f (.text:HwiP_disable)
                  00008928    00000010     drivers_msp432p401x.aem4f : I2C.oem4f (.text:I2C_Params_init)
                  00008938    00000010     msp432p4xx_driverlib.lib : interrupt.o (.text:Interrupt_disableMaster)
                  00008948    00000010                              : interrupt.o (.text:Interrupt_enableMaster)
                  00008958    00000010     drivers_msp432p401x.aem4f : PowerMSP432.oem4f (.text:PowerMSP432_getNumPerfLevels)
                  00008968    00000010                               : PowerMSP432.oem4f (.text:Power_disablePolicy)
                  00008978    00000010                               : PowerMSP432.oem4f (.text:Power_enablePolicy)
                  00008988    00000010     nortos_msp432p401x.aem4f : SemaphoreP_nortos.oem4f (.text:SemaphoreP_Params_init)
                  00008998    00000010                              : SwiP_nortos.oem4f (.text:SwiP_Params_init)
                  000089a8    00000010     msp432p4xx_driverlib.lib : sysctl_a.o (.text:SysCtl_A_getNMISourceStatus)
                  000089b8    00000010                              : sysctl.o (.text:SysCtl_getNMISourceStatus)
                  000089c8    00000010     nortos_msp432p401x.aem4f : TimerPMSP432_nortos.oem4f (.text:TimerP_Params_init)
                  000089d8    00000010     lcd.obj (.text:lcd_clear)
                  000089e8    00000010     lcd.obj (.text:lcd_home)
                  000089f8    00000010     drivers_msp432p401x.aem4f : UARTMSP432.oem4f (.text:readBlockingTimeout)
                  00008a08    0000000e     nortos_msp432p401x.aem4f : QueueP_nortos.oem4f (.text:QueueP_empty)
                  00008a16    0000000e                              : QueueP_nortos.oem4f (.text:QueueP_remove)
                  00008a24    0000000e     rtsv7M4_T_le_v4SPD16_eabi.lib : copy_decompress_none.c.obj (.text:decompress:none:__TI_decompress_none)
                  00008a32    0000000c     ti_drivers_config.obj (.text:Board_init)
                  00008a3e    0000000c     msp432p4xx_driverlib.lib : cpu.o (.text:CPU_cpsid)
                  00008a4a    0000000c                              : cpu.o (.text:CPU_cpsie)
                  00008a56    00000002     --HOLE-- [fill = 0]
                  00008a58    0000000c     nortos_msp432p401x.aem4f : ClockPTimer_nortos.oem4f (.text:ClockP_doTick)
                  00008a64    0000000c     drivers_msp432p401x.aem4f : PowerMSP432.oem4f (.text:Power_getConstraintMask)
                  00008a70    0000000c                               : PowerMSP432.oem4f (.text:Power_getPerformanceLevel)
                  00008a7c    0000000c     nortos_msp432p401x.aem4f : TimerPMSP432_nortos.oem4f (.text:TimerP_getFreq)
                  00008a88    0000000c                              : TimerPMSP432_nortos.oem4f (.text:TimerP_getMaxTicks)
                  00008a94    0000000c     rtsv7M4_T_le_v4SPD16_eabi.lib : copy_zero_init.c.obj (.text:decompress:ZI:__TI_zero_init)
                  00008aa0    0000000a     drivers_msp432p401x.aem4f : UART.oem4f (.text:UART_close)
                  00008aaa    0000000a                               : UART.oem4f (.text:UART_control)
                  00008ab4    0000000a                               : UART.oem4f (.text:UART_write)
                  00008abe    0000000a     rtsv7M4_T_le_v4SPD16_eabi.lib : sprintf.c.obj (.text:_outc)
                  00008ac8    00000008     nortos_msp432p401x.aem4f : HwiPMSP432_nortos.oem4f (.text:HwiP_restore)
                  00008ad0    00000008     rtsv7M4_T_le_v4SPD16_eabi.lib : errno.c.obj (.text:__aeabi_errno_addr)
                  00008ad8    00000008     drivers_msp432p401x.aem4f : I2CMSP432.oem4f (.text:blockingTransferCallback)
                  00008ae0    00000008     rtsv7M4_T_le_v4SPD16_eabi.lib : memory.c.obj (.text:malloc)
                  00008ae8    00000008     drivers_msp432p401x.aem4f : UARTMSP432.oem4f (.text:readSemCallback)
                  00008af0    00000008                               : UARTMSP432.oem4f (.text:txcptEnabledStatus)
                  00008af8    00000008                               : UARTMSP432.oem4f (.text:writeSemCallback)
                  00008b00    00000006     nortos_msp432p401x.aem4f : ClockPTimer_nortos.oem4f (.text:ClockP_stop)
                  00008b06    00000006     display.aem4f : DisplayUart.oem4f (.text:DisplayUartMin_control)
                  00008b0c    00000006                   : DisplayUart.oem4f (.text:DisplayUartMin_getType)
                  00008b12    00000006     drivers_msp432p401x.aem4f : I2CMSP432.oem4f (.text:I2CMSP432_control)
                  00008b18    00000006     nortos_msp432p401x.aem4f : QueueP_nortos.oem4f (.text:QueueP_init)
                  00008b1e    00000004                              : ClockPTimer_nortos.oem4f (.text:ClockP_isActive)
                  00008b22    00000004                              : ClockPTimer_nortos.oem4f (.text:ClockP_setTimeout)
                  00008b26    00000004                              : HwiPMSP432_nortos.oem4f (.text:HwiP_enable)
                  00008b2a    00000004                              : HwiPMSP432_nortos.oem4f (.text:HwiP_post)
                  00008b2e    00000004                              : QueueP_nortos.oem4f (.text:QueueP_head)
                  00008b32    00000004                              : QueueP_nortos.oem4f (.text:QueueP_next)
                  00008b36    00000004                              : SemaphoreP_nortos.oem4f (.text:SemaphoreP_delete)
                  00008b3a    00000004                              : SystemP_nortos.oem4f (.text:SystemP_vsnprintf)
                  00008b3e    00000004                              : TimerPMSP432_nortos.oem4f (.text:TimerP_setPeriod)
                  00008b42    00000004     rtsv7M4_T_le_v4SPD16_eabi.lib : printf.c.obj (.text:_outc)
                  00008b46    00000004                                   : printf.c.obj (.text:_outs)
                  00008b4a    00000004                                   : pre_init.c.obj (.text:_system_pre_init)
                  00008b4e    00000004                                   : exit.c.obj (.text:abort:abort)

.const     0    00008b58    000004e4     
                  00008b58    00000158     rtsv7M4_T_le_v4SPD16_eabi.lib : k_rem_pio2.c.obj (.const:$O1$$)
                  00008cb0    00000101                                   : ctype.c.obj (.const:.string:_ctypes_)
                  00008db1    00000002     mpu.obj (.const:.string:$P$T0$1)
                  00008db3    00000001     display.aem4f : Display.oem4f (.const:Display_defaultParams)
                  00008db4    00000050     msp432p4xx_driverlib.lib : interrupt.o (.const:g_pulRegs)
                  00008e04    00000040     ti_drivers_config.obj (.const:uartMSP432Baudrates)
                  00008e44    00000038     ti_drivers_config.obj (.const:PowerMSP432_config)
                  00008e7c    0000002c     ti_drivers_config.obj (.const:uartMSP432HWAttrs)
                  00008ea8    00000028     drivers_msp432p401x.aem4f : UARTMSP432.oem4f (.const:UARTMSP432_fxnTable)
                  00008ed0    00000028     ti_drivers_config.obj (.const:i2cMSP432HWAttrs)
                  00008ef8    00000024     drivers_msp432p401x.aem4f : UART.oem4f (.const:UART_defaultParams)
                  00008f1c    00000020     display.aem4f : DisplayUart.oem4f (.const:DisplayUartMin_fxnTable)
                  00008f3c    00000020     drivers_msp432p401x.aem4f : UARTMSP432.oem4f (.const:staticFxnTable)
                  00008f5c    00000018                               : I2CMSP432.oem4f (.const:I2CMSP432_fxnTable)
                  00008f74    00000018     ti_drivers_config.obj (.const:I2C_config)
                  00008f8c    00000014     ti_drivers_config.obj (.const:GPIOMSP432_config)
                  00008fa0    00000014     ti_drivers_config.obj (.const:displayUartHWAttrs)
                  00008fb4    00000010     lcd.obj (.const:$P$T0$1)
                  00008fc4    00000010     drivers_msp432p401x.aem4f : I2C.oem4f (.const:I2C_defaultParams)
                  00008fd4    00000010     nortos_msp432p401x.aem4f : SwiP_nortos.oem4f (.const:SwiP_defaultParams)
                  00008fe4    0000000c     ti_drivers_config.obj (.const:Display_config)
                  00008ff0    0000000c     ti_drivers_config.obj (.const:UART_config)
                  00008ffc    0000000c     drivers_msp432p401x.aem4f : I2CMSP432.oem4f (.const:bitRates)
                  00009008    00000008     msp432p4xx_driverlib.lib : interrupt.o (.const:g_pulDisRegs)
                  00009010    00000008                              : interrupt.o (.const:g_pulEnRegs)
                  00009018    00000008                              : interrupt.o (.const:g_pulPendRegs)
                  00009020    00000006     drivers_msp432p401x.aem4f : GPIOMSP432.oem4f (.const:.string:interruptType)
                  00009026    00000006                               : GPIOMSP432.oem4f (.const:.string:portInterruptIds)
                  0000902c    00000006     ti_drivers_config.obj (.const)
                  00009032    00000005     drivers_msp432p401x.aem4f : UARTMSP432.oem4f (.const:.string:parityTypes)
                  00009037    00000001     --HOLE-- [fill = 0]
                  00009038    00000004                               : UARTMSP432.oem4f (.const:stopBits)

.cinit     0    00009040    00000118     
                  00009040    000000e0     (.cinit..data.load) [load image, compression = lzss]
                  00009120    0000000c     (__TI_handler_table)
                  0000912c    00000004     --HOLE-- [fill = 0]
                  00009130    00000008     (.cinit..bss.load) [load image, compression = zero_init]
                  00009138    00000008     (.cinit..vtable.load) [load image, compression = zero_init]
                  00009140    00000018     (__TI_cinit_table)

.init_array 
*          0    00000000    00000000     UNINITIALIZED

.intvecs   0    00000000    00000144     
                  00000000    00000144     nortos_msp432p401x.aem4f : startup_msp432_ccs.oem4f (.intvecs:retain)

.sysmem    0    20000000    00008000     UNINITIALIZED
                  20000000    00000010     rtsv7M4_T_le_v4SPD16_eabi.lib : memory.c.obj (.sysmem)
                  20000010    00007ff0     --HOLE--

.bss       0    20008000    000008fd     UNINITIALIZED
                  20008000    00000400     ti_drivers_config.obj (.bss:displayUARTBuffer)
                  20008400    00000120     rtsv7M4_T_le_v4SPD16_eabi.lib : trgmsg.c.obj (.bss:_CIOBUF_)
                  20008520    000000a0     nortos_msp432p401x.aem4f : ClockPTimer_nortos.oem4f (.bss:ClockP_module)
                  200085c0    000000a0     (.common:__TI_tmpnams)
                  20008660    000000a0     (.common:i2cMSP432Objects)
                  20008700    00000080     (.common:uartMSP432Objects)
                  20008780    00000030     drivers_msp432p401x.aem4f : GPIOMSP432.oem4f (.bss:gpioCallbackInfo)
                  200087b0    00000020     nortos_msp432p401x.aem4f : SwiP_nortos.oem4f (.bss:SwiP_readyList)
                  200087d0    00000020     ti_drivers_config.obj (.bss:uartMSP432RingBuffer0)
                  200087f0    0000001c     nortos_msp432p401x.aem4f : SwiP_nortos.oem4f (.bss:SwiP_hwiStruct)
                  2000880c    0000001c                              : TimerPMSP432_nortos.oem4f (.bss:TimerP_hwiStruct)
                  20008828    00000010     (.common:lcd_i2c_params)
                  20008838    00000010     (.common:mpu6050Params)
                  20008848    0000000d                              : SwiP_nortos.oem4f (.bss)
                  20008855    00000001     (.common:angle_pitch_int)
                  20008856    0000000c     mpu.obj (.bss:gAccelero_t)
                  20008862    00000002     (.common:temp)
                  20008864    0000000c     (.common:displayUartObject)
                  20008870    00000008     msp432p4xx_driverlib.lib : cs.o (.bss)
                  20008878    00000008     nortos_msp432p401x.aem4f : ClockPTimer_nortos.oem4f (.bss:timerFreq)
                  20008880    00000008     (.common:accelerometer)
                  20008888    00000008     (.common:gyro)
                  20008890    00000008     (.common:parmbuf)
                  20008898    00000004     drivers_msp432p401x.aem4f : GPIOMSP432.oem4f (.bss)
                  2000889c    00000004     nortos_msp432p401x.aem4f : ClockPTimer_nortos.oem4f (.bss)
                  200088a0    00000004                              : TimerPMSP432_nortos.oem4f (.bss)
                  200088a4    00000004     (.common:acc_total_vector)
                  200088a8    00000004     (.common:acc_x)
                  200088ac    00000004     (.common:acc_y)
                  200088b0    00000004     (.common:acc_z)
                  200088b4    00000004     (.common:angle_pitch)
                  200088b8    00000004     (.common:angle_pitch_acc)
                  200088bc    00000004     (.common:angle_pitch_output)
                  200088c0    00000004     (.common:angle_roll)
                  200088c4    00000004     (.common:angle_roll_acc)
                  200088c8    00000004     (.common:angle_roll_output)
                  200088cc    00000004     (.common:angle_yaw)
                  200088d0    00000004     (.common:angle_yaw_acc)
                  200088d4    00000004     (.common:display)
                  200088d8    00000004     (.common:gyro_x)
                  200088dc    00000004     (.common:gyro_x_cal)
                  200088e0    00000004     (.common:gyro_y)
                  200088e4    00000004     (.common:gyro_y_cal)
                  200088e8    00000004     (.common:gyro_z)
                  200088ec    00000004     (.common:gyro_z_cal)
                  200088f0    00000004     (.common:lcd_i2c_handle)
                  200088f4    00000004     (.common:mpu6050Handle)
                  200088f8    00000001     (.common:backlight_val)
                  200088f9    00000001     (.common:display_control)
                  200088fa    00000001     (.common:display_func)
                  200088fb    00000001     (.common:display_mode)
                  200088fc    00000001     (.common:set_gyro_angles)

.data      0    20008900    00000515     UNINITIALIZED
                  20008900    00000140     nortos_msp432p401x.aem4f : HwiPMSP432_nortos.oem4f (.data:HwiP_dispatchTable)
                  20008a40    00000140     drivers_msp432p401x.aem4f : PowerMSP432.oem4f (.data:PowerMSP432_perfLevels)
                  20008b80    000000f0     rtsv7M4_T_le_v4SPD16_eabi.lib : defs.c.obj (.data:_ftable)
                  20008c70    00000078                                   : host_device.c.obj (.data:_device)
                  20008ce8    00000050                                   : host_device.c.obj (.data:_stream)
                  20008d38    0000002c     drivers_msp432p401x.aem4f : PowerMSP432.oem4f (.data:PowerMSP432_module)
                  20008d64    0000001c     mpu.obj (.data:i2cTranscation)
                  20008d80    0000001c     lcd.obj (.data:lcd_i2cTranscation)
                  20008d9c    00000010     rtsv7M4_T_le_v4SPD16_eabi.lib : defs.c.obj (.data)
                  20008dac    0000000c                                   : exit.c.obj (.data:$O1$$)
                  20008db8    0000000c     nortos_msp432p401x.aem4f : ClockPTimer_nortos.oem4f (.data:ClockP_defaultParams)
                  20008dc4    0000000c                              : TimerPMSP432_nortos.oem4f (.data:TimerP_defaultParams)
                  20008dd0    00000008     rtsv7M4_T_le_v4SPD16_eabi.lib : _lock.c.obj (.data:$O1$$)
                  20008dd8    00000008                                   : memory.c.obj (.data:$O1$$)
                  20008de0    00000008     nortos_msp432p401x.aem4f : SemaphoreP_nortos.oem4f (.data:SemaphoreP_defaultParams)
                  20008de8    00000008     ti_drivers_config.obj (.data:gpioCallbackFunctions)
                  20008df0    00000008     ti_drivers_config.obj (.data:gpioPinConfigs)
                  20008df8    00000008     nortos_msp432p401x.aem4f : ClockPTimer_nortos.oem4f (.data)
                  20008e00    00000008                              : HwiPMSP432_nortos.oem4f (.data)
                  20008e08    00000004     rtsv7M4_T_le_v4SPD16_eabi.lib : errno.c.obj (.data)
                  20008e0c    00000003     nortos_msp432p401x.aem4f : SemaphoreP_nortos.oem4f (.data)
                  20008e0f    00000002     drivers_msp432p401x.aem4f : GPIOMSP432.oem4f (.data)
                  20008e11    00000001                               : I2C.oem4f (.data)
                  20008e12    00000001                               : UART.oem4f (.data)
                  20008e13    00000001     nortos_msp432p401x.aem4f : SwiP_nortos.oem4f (.data)
                  20008e14    00000001                              : TimerPMSP432_nortos.oem4f (.data)

.vtable    0    20009000    000000e8     UNINITIALIZED
                  20009000    000000e8     msp432p4xx_driverlib.lib : interrupt.o (.vtable)

.stack     0    2000f000    00001000     UNINITIALIZED
                  2000f000    00000004     rtsv7M4_T_le_v4SPD16_eabi.lib : boot_cortex_m.c.obj (.stack)
                  2000f004    00000ffc     --HOLE--

__llvm_prf_cnts 
*          0    20000000    00000000     UNINITIALIZED

.binit     0    00000000    00000000     

MODULE SUMMARY

       Module                       code    ro data   rw data
       ------                       ----    -------   -------
    .\
       mpu.obj                      2436    2         304    
       lcd.obj                      722     16        104    
       fatsd_nortos.obj             52      0         8      
       main_nortos.obj              18      0         0      
    +--+----------------------------+-------+---------+---------+
       Total:                       3228    18        416    
                                                             
    .\syscfg\
       ti_drivers_config.obj        14      298       2744   
    +--+----------------------------+-------+---------+---------+
       Total:                       14      298       2744   
                                                             
    C:/ti/simplelink_msp432p4_sdk_3_40_01_02/kernel/nortos/lib/nortos_msp432p401x.aem4f
       ClockPTimer_nortos.oem4f     1024    0         384    
       HwiPMSP432_nortos.oem4f      288     0         656    
       SystemP_nortos.oem4f         863     0         0      
       TimerPMSP432_nortos.oem4f    760     0         90     
       SwiP_nortos.oem4f            630     16        148    
       SemaphoreP_nortos.oem4f      380     0         22     
       startup_msp432_ccs.oem4f     32      324       0      
       QueueP_nortos.oem4f          100     0         0      
       PowerMSP432_nortos.oem4f     76      0         0      
    +--+----------------------------+-------+---------+---------+
       Total:                       4153    340       1300   
                                                             
    C:/ti/simplelink_msp432p4_sdk_3_40_01_02/source/ti/devices/msp432p4xx/driverlib/ccs/msp432p4xx_driverlib.lib
       interrupt.o                  598     104       464    
       cs.o                         704     0         16     
       uart.o                       284     0         0      
       i2c.o                        108     0         0      
       sysctl_a.o                   64      0         0      
       cpu.o                        24      0         0      
       sysctl.o                     16      0         0      
    +--+----------------------------+-------+---------+---------+
       Total:                       1798    104       480    
                                                             
    C:/ti/simplelink_msp432p4_sdk_3_40_01_02/source/ti/display/lib/display.aem4f
       DisplayUart.oem4f            184     32        0      
       Display.oem4f                174     1         0      
    +--+----------------------------+-------+---------+---------+
       Total:                       358     33        0      
                                                             
    C:/ti/simplelink_msp432p4_sdk_3_40_01_02/source/ti/drivers/lib/drivers_msp432p401x.aem4f
       UARTMSP432.oem4f             3406    81        0      
       PowerMSP432.oem4f            2228    0         728    
       I2CMSP432.oem4f              2028    36        0      
       GPIOMSP432.oem4f             740     12        108    
       UART.oem4f                   186     36        2      
       I2C.oem4f                    172     16        2      
       RingBuf.oem4f                184     0         0      
       List.oem4f                   76      0         0      
    +--+----------------------------+-------+---------+---------+
       Total:                       9020    181       840    
                                                             
    C:\ti\ccs1040\ccs\tools\compiler\ti-cgt-arm_20.2.5.LTS\lib\rtsv7M4_T_le_v4SPD16_eabi.lib
       _printfi.c.obj               4851    0         0      
       k_rem_pio2.c.obj             1848    344       0      
       s_sin.c.obj                  1504    0         0      
       e_asin.c.obj                 980     0         0      
       defs.c.obj                   0       0         832    
       memory.c.obj                 672     0         16     
       trgmsg.c.obj                 108     0         576    
       fd_add_t2.asm.obj            438     0         0      
       host_device.c.obj            0       0         400    
       k_sin.c.obj                  372     0         0      
       k_cos.c.obj                  368     0         0      
       e_sqrt.c.obj                 344     0         0      
       fd_div_t2.asm.obj            310     0         0      
       fputs.c.obj                  276     0         0      
       s_scalbn.c.obj               272     0         0      
       fd_cmp_t2.asm.obj            268     0         0      
       ctype.c.obj                  0       257       0      
       fd_mul_t2.asm.obj            252     0         0      
       s_floor.c.obj                248     0         0      
       setvbuf.c.obj                220     0         0      
       memcpy_t2.asm.obj            156     0         0      
       ull_div_t2.asm.obj           150     0         0      
       fputc.c.obj                  140     0         0      
       memset_t2.asm.obj            122     0         0      
       fclose.c.obj                 116     0         0      
       getdevice.c.obj              116     0         0      
       hostopen.c.obj               96      0         16     
       printf.c.obj                 112     0         0      
       fd_tos_t2.asm.obj            110     0         0      
       hostrename.c.obj             108     0         0      
       copy_decompress_lzss.c.obj   104     0         0      
       hostlseek.c.obj              104     0         0      
       exit.c.obj                   76      0         24     
       fseek.c.obj                  100     0         0      
       s_frexp.c.obj                100     0         0      
       _io_perm.c.obj               98      0         0      
       sprintf.c.obj                98      0         0      
       close.c.obj                  92      0         0      
       hostread.c.obj               88      0         0      
       hostwrite.c.obj              88      0         0      
       _ltoa.c.obj                  84      0         0      
       atoi.c.obj                   76      0         0      
       fflush.c.obj                 76      0         0      
       fd_toi_t2.asm.obj            72      0         0      
       autoinit.c.obj               68      0         0      
       fd_tou_t2.asm.obj            68      0         0      
       hostclose.c.obj              68      0         0      
       hostunlink.c.obj             68      0         0      
       u_divt2.asm.obj              64      0         0      
       fs_tod_t2.asm.obj            56      0         0      
       strncpy.c.obj                54      0         0      
       boot_cortex_m.c.obj          52      0         0      
       fopen.c.obj                  52      0         0      
       i_tofd_t2.asm.obj            46      0         0      
       unlink.c.obj                 44      0         0      
       lseek.c.obj                  40      0         0      
       write.c.obj                  40      0         0      
       memchr.c.obj                 32      0         0      
       memccpy.c.obj                28      0         0      
       s_copysign.c.obj             26      0         0      
       strcmp.c.obj                 24      0         0      
       strchr.c.obj                 22      0         0      
       strcpy.c.obj                 20      0         0      
       strlen.c.obj                 20      0         0      
       _lock.c.obj                  2       0         16     
       wcslen.c.obj                 18      0         0      
       errno.c.obj                  8       0         8      
       copy_decompress_none.c.obj   14      0         0      
       copy_zero_init.c.obj         12      0         0      
       pre_init.c.obj               4       0         0      
       div0.asm.obj                 2       0         0      
    +--+----------------------------+-------+---------+---------+
       Total:                       16765   601       1888   
                                                             
       Heap:                        0       0         65536  
       Stack:                       0       0         8192   
       Linker Generated:            0       276       0      
    +--+----------------------------+-------+---------+---------+
       Grand Total:                 35336   1851      81396  


LINKER GENERATED COPY TABLES

__TI_cinit_table @ 00009140 records: 3, size/record: 8, table size: 24
	.data: load addr=00009040, load size=000000e0 bytes, run addr=20008900, run size=00000515 bytes, compression=lzss
	.bss: load addr=00009130, load size=00000008 bytes, run addr=20008000, run size=000008fd bytes, compression=zero_init
	.vtable: load addr=00009138, load size=00000008 bytes, run addr=20009000, run size=000000e8 bytes, compression=zero_init


LINKER GENERATED HANDLER TABLE

__TI_handler_table @ 00009120 records: 3, size/record: 4, table size: 12
	index: 0, handler: __TI_decompress_lzss
	index: 1, handler: __TI_decompress_none
	index: 2, handler: __TI_zero_init


GLOBAL SYMBOLS: SORTED ALPHABETICALLY BY Name 

address   name                              
-------   ----                              
00008a33  Board_init                        
00000b93  Board_initHook                    
00008b4f  C$$EXIT                           
00007f2b  C$$IO$$                           
00008a3f  CPU_cpsid                         
00008a4b  CPU_cpsie                         
000084f5  CS_setExternalClockSourceFrequency
00004c25  CS_startHFXTWithTimeout           
00004ded  CS_startLFXTWithTimeout           
000088f9  ClockP_Params_init                
00008515  ClockP_add                        
000076dd  ClockP_construct                  
00008645  ClockP_create                     
00008909  ClockP_delete                     
000086ad  ClockP_destruct                   
00008a59  ClockP_doTick                     
00008441  ClockP_getTicks                   
00008b1f  ClockP_isActive                   
00008465  ClockP_scheduleNextTick           
00008b23  ClockP_setTimeout                 
00006419  ClockP_start                      
00005555  ClockP_startup                    
00008b01  ClockP_stop                       
20008dfc  ClockP_tickPeriod                 
00006b59  ClockP_usleep                     
00006615  ClockP_walkQueueDynamic           
00005825  ClockP_workFuncDynamic            
00003803  DisplayUartMin_clear              
0000419b  DisplayUartMin_clearLines         
000087b5  DisplayUartMin_close              
00008b07  DisplayUartMin_control            
00008f1c  DisplayUartMin_fxnTable           
00008b0d  DisplayUartMin_getType            
000053e3  DisplayUartMin_init               
00007691  DisplayUartMin_open               
0000788d  DisplayUartMin_vprintf            
00008fe4  Display_config                    
0000902c  Display_count                     
00008db3  Display_defaultParams             
000082b5  Display_doInit                    
000070ed  Display_doOpen                    
00008261  Display_doPrintf                  
00008f8c  GPIOMSP432_config                 
00006bc1  GPIO_hwiIntFxn                    
000058d1  GPIO_init                         
0000702d  GPIO_setCallback                  
00003af1  GPIO_setConfig                    
00007919  HOSTclose                         
00006c29  HOSTlseek                         
0000708d  HOSTopen                          
00007201  HOSTread                          
00006a15  HOSTrename                        
0000795d  HOSTunlink                        
00007259  HOSTwrite                         
0000889d  HwiP_Params_init                  
00006779  HwiP_construct                    
0000828b  HwiP_create                       
000086c5  HwiP_delete                       
00008919  HwiP_disable                      
00008489  HwiP_dispatch                     
00008b27  HwiP_enable                       
000086dd  HwiP_inISR                        
20008e00  HwiP_key                          
00008b2b  HwiP_post                         
00008ac9  HwiP_restore                      
20008e04  HwiP_swiPIntNum                   
0000597d  I2CMSP432_cancel                  
0000668d  I2CMSP432_close                   
00008b13  I2CMSP432_control                 
00008f5c  I2CMSP432_fxnTable                
0000367f  I2CMSP432_hwiIntFxn               
00005823  I2CMSP432_init                    
00002f41  I2CMSP432_open                    
00004b35  I2CMSP432_transfer                
00008929  I2C_Params_init                   
00008f74  I2C_config                        
0000902d  I2C_count                         
00008fc4  I2C_defaultParams                 
000079a1  I2C_init                          
00006a81  I2C_masterSendMultiByteFinish     
00007c49  I2C_open                          
000086f5  I2C_transfer                      
00006499  Interrupt_disableInterrupt        
00008939  Interrupt_disableMaster           
00006519  Interrupt_enableInterrupt         
00008949  Interrupt_enableMaster            
00006c91  Interrupt_pendInterrupt           
00007149  Interrupt_registerInterrupt       
0000740d  Interrupt_setPriority             
000085d5  Interrupt_unregisterInterrupt     
000083f5  List_put                          
0000841b  List_remove                       
0000419d  MPU6050_ReadData                  
00003309  MPU6050_Reset                     
00008b27  NoRTOS_start                      
00008e44  PowerMSP432_config                
00006cf9  PowerMSP432_getFreqs              
00008959  PowerMSP432_getNumPerfLevels      
00006613  PowerMSP432_initPolicy            
20008d38  PowerMSP432_module                
20008a40  PowerMSP432_perfLevels            
00007725  PowerMSP432_sleepPolicy           
00006703  PowerMSP432_updateFreqs           
00008969  Power_disablePolicy               
00008979  Power_enablePolicy                
00008a65  Power_getConstraintMask           
00008a71  Power_getPerformanceLevel         
00008825  Power_idleFunc                    
00005d5d  Power_init                        
000082dd  Power_registerNotify              
0000776d  Power_releaseConstraint           
00007ec5  Power_setConstraint               
000021a9  Power_sleep                       
00008535  Power_unregisterNotify            
00008a09  QueueP_empty                      
0000865f  QueueP_get                        
00008b2f  QueueP_head                       
00008b19  QueueP_init                       
00008b33  QueueP_next                       
00008555  QueueP_put                        
00008a17  QueueP_remove                     
000088af  RingBuf_construct                 
00007c89  RingBuf_get                       
00008575  RingBuf_peek                      
000078d3  RingBuf_put                       
0000902e  SDFatFS_count                     
0000902f  SD_count                          
00009030  SPI_count                         
00008989  SemaphoreP_Params_init            
0000755d  SemaphoreP_construct              
000087cb  SemaphoreP_create                 
00008679  SemaphoreP_createBinary           
20008de0  SemaphoreP_defaultParams          
00008b37  SemaphoreP_delete                 
00006a13  SemaphoreP_destruct               
00005c1d  SemaphoreP_pend                   
000079e5  SemaphoreP_post                   
00008999  SwiP_Params_init                  
00005241  SwiP_construct                    
000085f1  SwiP_disable                      
00005df9  SwiP_dispatch                     
00006d61  SwiP_post                         
00007a29  SwiP_restore                      
0000870d  SysCtl_A_disableNMISource         
00008725  SysCtl_A_enableNMISource          
000089a9  SysCtl_A_getNMISourceStatus       
000089b9  SysCtl_getNMISourceStatus         
00008b3b  SystemP_vsnprintf                 
000089c9  TimerP_Params_init                
00004ecd  TimerP_construct                  
000072b1  TimerP_dynamicStub                
00007461  TimerP_getCount64                 
00006aed  TimerP_getCurrentTick             
00008a7d  TimerP_getFreq                    
00008a89  TimerP_getMaxTicks                
00007e89  TimerP_initDevice                 
00007cc9  TimerP_setNextTick                
00008b3f  TimerP_setPeriod                  
00007a6d  TimerP_start                      
00005fc7  UARTMSP432_close                  
00005609  UARTMSP432_control                
00008ea8  UARTMSP432_fxnTable               
00005319  UARTMSP432_hwiIntFxn              
0000702b  UARTMSP432_init                   
00002779  UARTMSP432_open                   
00007d09  UARTMSP432_read                   
00007fdd  UARTMSP432_readCancel             
00004fad  UARTMSP432_readPolling            
00005a29  UARTMSP432_write                  
000067e9  UARTMSP432_writeCancel            
000056bd  UARTMSP432_writePolling           
0000873d  UART_Params_init                  
00008aa1  UART_close                        
00008ff0  UART_config                       
00008aab  UART_control                      
00009031  UART_count                        
00008ef8  UART_defaultParams                
00007ab1  UART_init                         
000043e5  UART_initModule                   
00007d49  UART_open                         
00008ab5  UART_write                        
4000480c  WDTCTL_SYM                        
20008400  __CIOBUF_                         
20010000  __STACK_END                       
00001000  __STACK_SIZE                      
00008000  __SYSMEM_SIZE                     
00009140  __TI_CINIT_Base                   
00009158  __TI_CINIT_Limit                  
00009120  __TI_Handler_Table_Base           
0000912c  __TI_Handler_Table_Limit          
00007af5  __TI_auto_init_nobinit_nopinit    
00008049  __TI_cleanup                      
20008dac  __TI_cleanup_ptr                  
00006705  __TI_closefile                    
00006dc9  __TI_decompress_lzss              
00008a25  __TI_decompress_none              
000075ad  __TI_doflush                      
20008db0  __TI_dtors_ptr                    
20008db4  __TI_enable_exit_profile_output   
20008d9c  __TI_ft_end                       
000074b5  __TI_ltoa                         
ffffffff  __TI_pprof_out_hndl               
00000145  __TI_printfi                      
ffffffff  __TI_prof_data_size               
ffffffff  __TI_prof_data_start              
0000807d  __TI_readmsg                      
00009040  __TI_static_base__                
200085c0  __TI_tmpnams                      
00007efd  __TI_writemsg                     
00006fc9  __TI_wrt_ok                       
00008a95  __TI_zero_init                    
00006205  __aeabi_cdcmpeq                   
00006205  __aeabi_cdcmple                   
0000628b  __aeabi_cdrcmple                  
00006937  __aeabi_d2f                       
00007845  __aeabi_d2iz                      
00007bc1  __aeabi_d2uiz                     
000034d3  __aeabi_dadd                      
00004065  __aeabi_ddiv                      
00004941  __aeabi_dmul                      
000034c9  __aeabi_dsub                      
00008ad1  __aeabi_errno_addr                
00007fa5  __aeabi_f2d                       
000081d9  __aeabi_i2d                       
00008823  __aeabi_idiv0                     
00008823  __aeabi_ldiv0                     
00006599  __aeabi_memclr                    
00006599  __aeabi_memclr4                   
00006599  __aeabi_memclr8                   
00005e95  __aeabi_memcpy                    
00005e95  __aeabi_memcpy4                   
00005e95  __aeabi_memcpy8                   
0000659b  __aeabi_memset                    
0000659b  __aeabi_memset4                   
0000659b  __aeabi_memset8                   
20008da8  __aeabi_stderr                    
20008da0  __aeabi_stdin                     
20008da4  __aeabi_stdout                    
00007dc9  __aeabi_uidiv                     
00007dc9  __aeabi_uidivmod                  
00005f31  __aeabi_uldivmod                  
ffffffff  __binit__                         
ffffffff  __c_args__                        
00003c61  __kernel_cos                      
00000b95  __kernel_rem_pio2                 
0000397d  __kernel_sin                      
UNDEFED   __mpu_init                        
2000f000  __stack                           
20000000  __start___llvm_prf_cnts           
20000000  __stop___llvm_prf_cnts            
000080b1  _c_int00_noargs                   
00008cb0  _ctypes_                          
20008c70  _device                           
20008b80  _ftable                           
20008dd0  _lock                             
0000755b  _nop                              
20008ce8  _stream                           
20000000  _sys_memory                       
UNDEFED   _system_post_cinit                
00008b4b  _system_pre_init                  
20008dd4  _unlock                           
00008b4f  abort                             
200088a4  acc_total_vector                  
200088a8  acc_x                             
200088ac  acc_y                             
200088b0  acc_z                             
20008880  accelerometer                     
00004841  aligned_alloc                     
200088b4  angle_pitch                       
200088b8  angle_pitch_acc                   
20008855  angle_pitch_int                   
200088bc  angle_pitch_output                
200088c0  angle_roll                        
200088c4  angle_roll_acc                    
200088c8  angle_roll_output                 
200088cc  angle_yaw                         
200088d0  angle_yaw_acc                     
00001dd5  asin                              
00001dd5  asinl                             
000075f9  atoi                              
200088f8  backlight_val                     
ffffffff  binit                             
00007c47  clkFxn                            
000071a5  close                             
00008693  copysign                          
00008693  copysignl                         
00008119  delay_ms                          
200088d4  display                           
00008fa0  displayUartHWAttrs                
20008864  displayUartObject                 
200088f9  display_control                   
200088fa  display_func                      
200088fb  display_mode                      
20008e08  errno                             
000077b5  exit                              
00008149  finddevice                        
00004a3d  floor                             
00004a3d  floorl                            
000060ed  fputc                             
0000461d  fputs                             
00004d09  free                              
00006f01  frexp                             
00006f01  frexpl                            
00006f65  fseek                             
20009000  g_pfnRAMVectors                   
00007b39  getdevice                         
20008de8  gpioCallbackFunctions             
20008df0  gpioPinConfigs                    
20008888  gyro                              
200088d8  gyro_x                            
200088dc  gyro_x_cal                        
200088e0  gyro_y                            
200088e4  gyro_y_cal                        
200088e8  gyro_z                            
200088ec  gyro_z_cal                        
00008ed0  i2cMSP432HWAttrs                  
20008660  i2cMSP432Objects                  
20008d64  i2cTranscation                    
000077fd  i2c_write                         
00000000  interruptVectors                  
0000876d  lcd_4bit_write                    
000089d9  lcd_clear                         
000088c1  lcd_cmd                           
00008595  lcd_display                       
000089e9  lcd_home                          
20008d80  lcd_i2cTranscation                
200088f0  lcd_i2c_handle                    
00006311  lcd_i2c_init                      
20008828  lcd_i2c_params                    
00005b79  lcd_init                          
000084d1  lcd_print                         
00007c05  lcd_send                          
00007f35  lcd_set_cursor                    
00004731  ldexp                             
00004731  ldexpl                            
000083a5  lseek                             
000088d3  main                              
000080e5  mainThread                        
00008ae1  malloc                            
00004841  memalign                          
00008629  memccpy                           
000085b5  memchr                            
00005e95  memcpy                            
000065a1  memset                            
00003805  mpu6050                           
200088f4  mpu6050Handle                     
20008838  mpu6050Params                     
20008890  parmbuf                           
00006e99  printf                            
000018ad  process_raw_values                
00008207  pulse_enable                      
000060ed  putc                              
00008235  remove                            
00008785  resetISR                          
00004731  scalbn                            
00004731  scalbnl                           
200088fc  set_gyro_angles                   
00005165  setvbuf                           
000012cd  sin                               
000012cd  sinl                              
00007e09  sprintf                           
00003dd1  sqrt                              
00003dd1  sqrtl                             
0000880d  strchr                            
0000879d  strcmp                            
00008875  strcpy                            
00008889  strlen                            
00008013  strncpy                           
20008862  temp                              
20008700  uartMSP432Objects                 
00008235  unlink                            
00006b59  usleep                            
000088e5  wcslen                            
000083cd  write                             


GLOBAL SYMBOLS: SORTED BY Symbol Address 

address   name                              
-------   ----                              
00000000  interruptVectors                  
00000145  __TI_printfi                      
00000b93  Board_initHook                    
00000b95  __kernel_rem_pio2                 
00001000  __STACK_SIZE                      
000012cd  sin                               
000012cd  sinl                              
000018ad  process_raw_values                
00001dd5  asin                              
00001dd5  asinl                             
000021a9  Power_sleep                       
00002779  UARTMSP432_open                   
00002f41  I2CMSP432_open                    
00003309  MPU6050_Reset                     
000034c9  __aeabi_dsub                      
000034d3  __aeabi_dadd                      
0000367f  I2CMSP432_hwiIntFxn               
00003803  DisplayUartMin_clear              
00003805  mpu6050                           
0000397d  __kernel_sin                      
00003af1  GPIO_setConfig                    
00003c61  __kernel_cos                      
00003dd1  sqrt                              
00003dd1  sqrtl                             
00004065  __aeabi_ddiv                      
0000419b  DisplayUartMin_clearLines         
0000419d  MPU6050_ReadData                  
000043e5  UART_initModule                   
0000461d  fputs                             
00004731  ldexp                             
00004731  ldexpl                            
00004731  scalbn                            
00004731  scalbnl                           
00004841  aligned_alloc                     
00004841  memalign                          
00004941  __aeabi_dmul                      
00004a3d  floor                             
00004a3d  floorl                            
00004b35  I2CMSP432_transfer                
00004c25  CS_startHFXTWithTimeout           
00004d09  free                              
00004ded  CS_startLFXTWithTimeout           
00004ecd  TimerP_construct                  
00004fad  UARTMSP432_readPolling            
00005165  setvbuf                           
00005241  SwiP_construct                    
00005319  UARTMSP432_hwiIntFxn              
000053e3  DisplayUartMin_init               
00005555  ClockP_startup                    
00005609  UARTMSP432_control                
000056bd  UARTMSP432_writePolling           
00005823  I2CMSP432_init                    
00005825  ClockP_workFuncDynamic            
000058d1  GPIO_init                         
0000597d  I2CMSP432_cancel                  
00005a29  UARTMSP432_write                  
00005b79  lcd_init                          
00005c1d  SemaphoreP_pend                   
00005d5d  Power_init                        
00005df9  SwiP_dispatch                     
00005e95  __aeabi_memcpy                    
00005e95  __aeabi_memcpy4                   
00005e95  __aeabi_memcpy8                   
00005e95  memcpy                            
00005f31  __aeabi_uldivmod                  
00005fc7  UARTMSP432_close                  
000060ed  fputc                             
000060ed  putc                              
00006205  __aeabi_cdcmpeq                   
00006205  __aeabi_cdcmple                   
0000628b  __aeabi_cdrcmple                  
00006311  lcd_i2c_init                      
00006419  ClockP_start                      
00006499  Interrupt_disableInterrupt        
00006519  Interrupt_enableInterrupt         
00006599  __aeabi_memclr                    
00006599  __aeabi_memclr4                   
00006599  __aeabi_memclr8                   
0000659b  __aeabi_memset                    
0000659b  __aeabi_memset4                   
0000659b  __aeabi_memset8                   
000065a1  memset                            
00006613  PowerMSP432_initPolicy            
00006615  ClockP_walkQueueDynamic           
0000668d  I2CMSP432_close                   
00006703  PowerMSP432_updateFreqs           
00006705  __TI_closefile                    
00006779  HwiP_construct                    
000067e9  UARTMSP432_writeCancel            
00006937  __aeabi_d2f                       
00006a13  SemaphoreP_destruct               
00006a15  HOSTrename                        
00006a81  I2C_masterSendMultiByteFinish     
00006aed  TimerP_getCurrentTick             
00006b59  ClockP_usleep                     
00006b59  usleep                            
00006bc1  GPIO_hwiIntFxn                    
00006c29  HOSTlseek                         
00006c91  Interrupt_pendInterrupt           
00006cf9  PowerMSP432_getFreqs              
00006d61  SwiP_post                         
00006dc9  __TI_decompress_lzss              
00006e99  printf                            
00006f01  frexp                             
00006f01  frexpl                            
00006f65  fseek                             
00006fc9  __TI_wrt_ok                       
0000702b  UARTMSP432_init                   
0000702d  GPIO_setCallback                  
0000708d  HOSTopen                          
000070ed  Display_doOpen                    
00007149  Interrupt_registerInterrupt       
000071a5  close                             
00007201  HOSTread                          
00007259  HOSTwrite                         
000072b1  TimerP_dynamicStub                
0000740d  Interrupt_setPriority             
00007461  TimerP_getCount64                 
000074b5  __TI_ltoa                         
0000755b  _nop                              
0000755d  SemaphoreP_construct              
000075ad  __TI_doflush                      
000075f9  atoi                              
00007691  DisplayUartMin_open               
000076dd  ClockP_construct                  
00007725  PowerMSP432_sleepPolicy           
0000776d  Power_releaseConstraint           
000077b5  exit                              
000077fd  i2c_write                         
00007845  __aeabi_d2iz                      
0000788d  DisplayUartMin_vprintf            
000078d3  RingBuf_put                       
00007919  HOSTclose                         
0000795d  HOSTunlink                        
000079a1  I2C_init                          
000079e5  SemaphoreP_post                   
00007a29  SwiP_restore                      
00007a6d  TimerP_start                      
00007ab1  UART_init                         
00007af5  __TI_auto_init_nobinit_nopinit    
00007b39  getdevice                         
00007bc1  __aeabi_d2uiz                     
00007c05  lcd_send                          
00007c47  clkFxn                            
00007c49  I2C_open                          
00007c89  RingBuf_get                       
00007cc9  TimerP_setNextTick                
00007d09  UARTMSP432_read                   
00007d49  UART_open                         
00007dc9  __aeabi_uidiv                     
00007dc9  __aeabi_uidivmod                  
00007e09  sprintf                           
00007e89  TimerP_initDevice                 
00007ec5  Power_setConstraint               
00007efd  __TI_writemsg                     
00007f2b  C$$IO$$                           
00007f35  lcd_set_cursor                    
00007fa5  __aeabi_f2d                       
00007fdd  UARTMSP432_readCancel             
00008000  __SYSMEM_SIZE                     
00008013  strncpy                           
00008049  __TI_cleanup                      
0000807d  __TI_readmsg                      
000080b1  _c_int00_noargs                   
000080e5  mainThread                        
00008119  delay_ms                          
00008149  finddevice                        
000081d9  __aeabi_i2d                       
00008207  pulse_enable                      
00008235  remove                            
00008235  unlink                            
00008261  Display_doPrintf                  
0000828b  HwiP_create                       
000082b5  Display_doInit                    
000082dd  Power_registerNotify              
000083a5  lseek                             
000083cd  write                             
000083f5  List_put                          
0000841b  List_remove                       
00008441  ClockP_getTicks                   
00008465  ClockP_scheduleNextTick           
00008489  HwiP_dispatch                     
000084d1  lcd_print                         
000084f5  CS_setExternalClockSourceFrequency
00008515  ClockP_add                        
00008535  Power_unregisterNotify            
00008555  QueueP_put                        
00008575  RingBuf_peek                      
00008595  lcd_display                       
000085b5  memchr                            
000085d5  Interrupt_unregisterInterrupt     
000085f1  SwiP_disable                      
00008629  memccpy                           
00008645  ClockP_create                     
0000865f  QueueP_get                        
00008679  SemaphoreP_createBinary           
00008693  copysign                          
00008693  copysignl                         
000086ad  ClockP_destruct                   
000086c5  HwiP_delete                       
000086dd  HwiP_inISR                        
000086f5  I2C_transfer                      
0000870d  SysCtl_A_disableNMISource         
00008725  SysCtl_A_enableNMISource          
0000873d  UART_Params_init                  
0000876d  lcd_4bit_write                    
00008785  resetISR                          
0000879d  strcmp                            
000087b5  DisplayUartMin_close              
000087cb  SemaphoreP_create                 
0000880d  strchr                            
00008823  __aeabi_idiv0                     
00008823  __aeabi_ldiv0                     
00008825  Power_idleFunc                    
00008875  strcpy                            
00008889  strlen                            
0000889d  HwiP_Params_init                  
000088af  RingBuf_construct                 
000088c1  lcd_cmd                           
000088d3  main                              
000088e5  wcslen                            
000088f9  ClockP_Params_init                
00008909  ClockP_delete                     
00008919  HwiP_disable                      
00008929  I2C_Params_init                   
00008939  Interrupt_disableMaster           
00008949  Interrupt_enableMaster            
00008959  PowerMSP432_getNumPerfLevels      
00008969  Power_disablePolicy               
00008979  Power_enablePolicy                
00008989  SemaphoreP_Params_init            
00008999  SwiP_Params_init                  
000089a9  SysCtl_A_getNMISourceStatus       
000089b9  SysCtl_getNMISourceStatus         
000089c9  TimerP_Params_init                
000089d9  lcd_clear                         
000089e9  lcd_home                          
00008a09  QueueP_empty                      
00008a17  QueueP_remove                     
00008a25  __TI_decompress_none              
00008a33  Board_init                        
00008a3f  CPU_cpsid                         
00008a4b  CPU_cpsie                         
00008a59  ClockP_doTick                     
00008a65  Power_getConstraintMask           
00008a71  Power_getPerformanceLevel         
00008a7d  TimerP_getFreq                    
00008a89  TimerP_getMaxTicks                
00008a95  __TI_zero_init                    
00008aa1  UART_close                        
00008aab  UART_control                      
00008ab5  UART_write                        
00008ac9  HwiP_restore                      
00008ad1  __aeabi_errno_addr                
00008ae1  malloc                            
00008b01  ClockP_stop                       
00008b07  DisplayUartMin_control            
00008b0d  DisplayUartMin_getType            
00008b13  I2CMSP432_control                 
00008b19  QueueP_init                       
00008b1f  ClockP_isActive                   
00008b23  ClockP_setTimeout                 
00008b27  HwiP_enable                       
00008b27  NoRTOS_start                      
00008b2b  HwiP_post                         
00008b2f  QueueP_head                       
00008b33  QueueP_next                       
00008b37  SemaphoreP_delete                 
00008b3b  SystemP_vsnprintf                 
00008b3f  TimerP_setPeriod                  
00008b4b  _system_pre_init                  
00008b4f  C$$EXIT                           
00008b4f  abort                             
00008cb0  _ctypes_                          
00008db3  Display_defaultParams             
00008e44  PowerMSP432_config                
00008ea8  UARTMSP432_fxnTable               
00008ed0  i2cMSP432HWAttrs                  
00008ef8  UART_defaultParams                
00008f1c  DisplayUartMin_fxnTable           
00008f5c  I2CMSP432_fxnTable                
00008f74  I2C_config                        
00008f8c  GPIOMSP432_config                 
00008fa0  displayUartHWAttrs                
00008fc4  I2C_defaultParams                 
00008fe4  Display_config                    
00008ff0  UART_config                       
0000902c  Display_count                     
0000902d  I2C_count                         
0000902e  SDFatFS_count                     
0000902f  SD_count                          
00009030  SPI_count                         
00009031  UART_count                        
00009040  __TI_static_base__                
00009120  __TI_Handler_Table_Base           
0000912c  __TI_Handler_Table_Limit          
00009140  __TI_CINIT_Base                   
00009158  __TI_CINIT_Limit                  
20000000  __start___llvm_prf_cnts           
20000000  __stop___llvm_prf_cnts            
20000000  _sys_memory                       
20008400  __CIOBUF_                         
200085c0  __TI_tmpnams                      
20008660  i2cMSP432Objects                  
20008700  uartMSP432Objects                 
20008828  lcd_i2c_params                    
20008838  mpu6050Params                     
20008855  angle_pitch_int                   
20008862  temp                              
20008864  displayUartObject                 
20008880  accelerometer                     
20008888  gyro                              
20008890  parmbuf                           
200088a4  acc_total_vector                  
200088a8  acc_x                             
200088ac  acc_y                             
200088b0  acc_z                             
200088b4  angle_pitch                       
200088b8  angle_pitch_acc                   
200088bc  angle_pitch_output                
200088c0  angle_roll                        
200088c4  angle_roll_acc                    
200088c8  angle_roll_output                 
200088cc  angle_yaw                         
200088d0  angle_yaw_acc                     
200088d4  display                           
200088d8  gyro_x                            
200088dc  gyro_x_cal                        
200088e0  gyro_y                            
200088e4  gyro_y_cal                        
200088e8  gyro_z                            
200088ec  gyro_z_cal                        
200088f0  lcd_i2c_handle                    
200088f4  mpu6050Handle                     
200088f8  backlight_val                     
200088f9  display_control                   
200088fa  display_func                      
200088fb  display_mode                      
200088fc  set_gyro_angles                   
20008a40  PowerMSP432_perfLevels            
20008b80  _ftable                           
20008c70  _device                           
20008ce8  _stream                           
20008d38  PowerMSP432_module                
20008d64  i2cTranscation                    
20008d80  lcd_i2cTranscation                
20008d9c  __TI_ft_end                       
20008da0  __aeabi_stdin                     
20008da4  __aeabi_stdout                    
20008da8  __aeabi_stderr                    
20008dac  __TI_cleanup_ptr                  
20008db0  __TI_dtors_ptr                    
20008db4  __TI_enable_exit_profile_output   
20008dd0  _lock                             
20008dd4  _unlock                           
20008de0  SemaphoreP_defaultParams          
20008de8  gpioCallbackFunctions             
20008df0  gpioPinConfigs                    
20008dfc  ClockP_tickPeriod                 
20008e00  HwiP_key                          
20008e04  HwiP_swiPIntNum                   
20008e08  errno                             
20009000  g_pfnRAMVectors                   
2000f000  __stack                           
20010000  __STACK_END                       
4000480c  WDTCTL_SYM                        
ffffffff  __TI_pprof_out_hndl               
ffffffff  __TI_prof_data_size               
ffffffff  __TI_prof_data_start              
ffffffff  __binit__                         
ffffffff  __c_args__                        
ffffffff  binit                             
UNDEFED   __mpu_init                        
UNDEFED   _system_post_cinit                

[374 symbols]
