******************************************************************************
                  TI ARM Linker PC v20.2.5                     
******************************************************************************
>> Linked Mon Nov 29 11:33:41 2021

OUTPUT FILE NAME:   <fatsd_MSP_EXP432P401R_nortos_ccs.out>
ENTRY POINT SYMBOL: "resetISR"  address: 00005119


MEMORY CONFIGURATION

         name            origin    length      used     unused   attr    fill
----------------------  --------  ---------  --------  --------  ----  --------
  MAIN                  00000000   00040000  0000574a  0003a8b6  R  X
  INFO                  00200000   00004000  00000000  00004000  R  X
  SRAM_CODE             01000000   00010000  000099a4  0000665c  RW X
  SRAM_DATA             20000000   00010000  000099a4  0000665c  RW  


SEGMENT ALLOCATION MAP

run origin  load origin   length   init length attrs members
----------  ----------- ---------- ----------- ----- -------
00000000    00000000    00005750   00005750    r-x
  00000000    00000000    00000144   00000144    r-- .intvecs
  00000144    00000144    000052a0   000052a0    r-x .text
  000053e4    000053e4    0000024e   0000024e    r-- .const
  00005638    00005638    00000118   00000118    r-- .cinit
20000000    20000000    000088c0   00000000    rw-
  20000000    20000000    00008000   00000000    rw- .sysmem
  20008000    20008000    000004ec   00000000    rw- .data
  200084f0    200084f0    000003d0   00000000    rw- .bss
20008c00    20008c00    000000e8   00000000    rw-
  20008c00    20008c00    000000e8   00000000    rw- .vtable
2000f000    2000f000    00001000   00000000    rw-
  2000f000    2000f000    00001000   00000000    rw- .stack


SECTION ALLOCATION MAP

 output                                  attributes/
section   page    origin      length       input sections
--------  ----  ----------  ----------   ----------------
.text      0    00000144    000052a0     
                  00000144    00000a4e     rtsv7M4_T_le_v4SPD16_eabi.lib : _printfi.c.obj (.text:__TI_printfi)
                  00000b92    00000002     ti_drivers_config.obj (.text:Board_initHook)
                  00000b94    000002f8     drivers_msp432p401x.aem4f : PowerMSP432.oem4f (.text:Power_sleep)
                  00000e8c    00000288                               : PowerMSP432.oem4f (.text:initPerfControl)
                  00001114    00000270     rtsv7M4_T_le_v4SPD16_eabi.lib : _printfi.c.obj (.text:_pconv_a)
                  00001384    000001f8     drivers_msp432p401x.aem4f : I2CMSP432.oem4f (.text:I2CMSP432_open)
                  0000157c    000001d0     rtsv7M4_T_le_v4SPD16_eabi.lib : _printfi.c.obj (.text:_pconv_g)
                  0000174c    000001b6                                   : fd_add_t2.asm.obj (.text)
                  00001902    00000184     drivers_msp432p401x.aem4f : I2CMSP432.oem4f (.text:I2CMSP432_hwiIntFxn)
                  00001a86    00000002                               : I2CMSP432.oem4f (.text:I2CMSP432_init)
                  00001a88    00000170                               : GPIOMSP432.oem4f (.text:GPIO_setConfig)
                  00001bf8    0000013c     rtsv7M4_T_le_v4SPD16_eabi.lib : _printfi.c.obj (.text:_pconv_e)
                  00001d34    00000136                                   : fd_div_t2.asm.obj (.text)
                  00001e6a    00000002     msp432p4xx_driverlib.lib : interrupt.o (.text:IntDefaultHandler)
                  00001e6c    00000124     rtsv7M4_T_le_v4SPD16_eabi.lib : _printfi.c.obj (.text:fcvt)
                  00001f90    0000011c     lcd.obj (.text:lcd_init)
                  000020ac    0000011c     drivers_msp432p401x.aem4f : I2CMSP432.oem4f (.text:primeTransfer)
                  000021c8    00000114     rtsv7M4_T_le_v4SPD16_eabi.lib : fputs.c.obj (.text:fputs)
                  000022dc    00000110                                   : s_scalbn.c.obj (.text:scalbn)
                  000023ec    00000100                                   : memory.c.obj (.text:aligned_alloc)
                  000024ec    000000fc                                   : fd_mul_t2.asm.obj (.text)
                  000025e8    000000f0     drivers_msp432p401x.aem4f : I2CMSP432.oem4f (.text:I2CMSP432_transfer)
                  000026d8    000000e4     msp432p4xx_driverlib.lib : cs.o (.text:CS_startHFXTWithTimeout)
                  000027bc    000000e4     rtsv7M4_T_le_v4SPD16_eabi.lib : memory.c.obj (.text:free)
                  000028a0    000000e0     msp432p4xx_driverlib.lib : cs.o (.text:CS_startLFXTWithTimeout)
                  00002980    000000e0     nortos_msp432p401x.aem4f : TimerPMSP432_nortos.oem4f (.text:TimerP_construct)
                  00002a60    000000dc     msp432p4xx_driverlib.lib : cs.o (.text:_CSGetHFXTFrequency)
                  00002b3c    000000dc     rtsv7M4_T_le_v4SPD16_eabi.lib : setvbuf.c.obj (.text:setvbuf)
                  00002c18    000000d8     nortos_msp432p401x.aem4f : SwiP_nortos.oem4f (.text:SwiP_construct)
                  00002cf0    000000d0     lcd.obj (.text:lcd_4bit_write)
                  00002dc0    000000b4     nortos_msp432p401x.aem4f : ClockPTimer_nortos.oem4f (.text:ClockP_startup)
                  00002e74    000000b1     rtsv7M4_T_le_v4SPD16_eabi.lib : _printfi.c.obj (.text:_ltostr)
                  00002f25    00000001     --HOLE-- [fill = 0]
                  00002f26    00000002     nortos_msp432p401x.aem4f : PowerMSP432_nortos.oem4f (.text:PowerMSP432_initPolicy)
                  00002f28    000000ac                              : ClockPTimer_nortos.oem4f (.text:ClockP_workFuncDynamic)
                  00002fd4    000000ac     drivers_msp432p401x.aem4f : GPIOMSP432.oem4f (.text:GPIO_init)
                  00003080    000000ac                               : I2CMSP432.oem4f (.text:I2CMSP432_cancel)
                  0000312c    000000a0     nortos_msp432p401x.aem4f : SemaphoreP_nortos.oem4f (.text:SemaphoreP_pend)
                  000031cc    0000009c     drivers_msp432p401x.aem4f : PowerMSP432.oem4f (.text:Power_init)
                  00003268    0000009c     nortos_msp432p401x.aem4f : SwiP_nortos.oem4f (.text:SwiP_dispatch)
                  00003304    0000009c     rtsv7M4_T_le_v4SPD16_eabi.lib : memcpy_t2.asm.obj (.text)
                  000033a0    00000096                                   : ull_div_t2.asm.obj (.text)
                  00003436    00000002     nortos_msp432p401x.aem4f : PowerMSP432_nortos.oem4f (.text:PowerMSP432_updateFreqs)
                  00003438    0000008c     rtsv7M4_T_le_v4SPD16_eabi.lib : fputc.c.obj (.text:fputc)
                  000034c4    00000086                                   : fd_cmp_t2.asm.obj (.text:__aeabi_cdcmple)
                  0000354a    00000086                                   : fd_cmp_t2.asm.obj (.text:__aeabi_cdrcmple)
                  000035d0    00000084     drivers_msp432p401x.aem4f : PowerMSP432.oem4f (.text:restartHFXT)
                  00003654    00000080     nortos_msp432p401x.aem4f : ClockPTimer_nortos.oem4f (.text:ClockP_start)
                  000036d4    00000080     msp432p4xx_driverlib.lib : interrupt.o (.text:Interrupt_disableInterrupt)
                  00003754    00000080                              : interrupt.o (.text:Interrupt_enableInterrupt)
                  000037d4    0000007a     rtsv7M4_T_le_v4SPD16_eabi.lib : memset_t2.asm.obj (.text)
                  0000384e    00000002                                   : _lock.c.obj (.text:_nop)
                  00003850    00000078     nortos_msp432p401x.aem4f : ClockPTimer_nortos.oem4f (.text:ClockP_walkQueueDynamic)
                  000038c8    00000076     drivers_msp432p401x.aem4f : I2CMSP432.oem4f (.text:I2CMSP432_close)
                  0000393e    00000002     nortos_msp432p401x.aem4f : startup_msp432_ccs.oem4f (.text:busFaultISR)
                  00003940    00000074     rtsv7M4_T_le_v4SPD16_eabi.lib : fclose.c.obj (.text:__TI_closefile)
                  000039b4    00000070     nortos_msp432p401x.aem4f : HwiPMSP432_nortos.oem4f (.text:HwiP_construct)
                  00003a24    00000070     rtsv7M4_T_le_v4SPD16_eabi.lib : memory.c.obj (.text:split)
                  00003a94    0000006e                                   : _printfi.c.obj (.text:_mcpy)
                  00003b02    00000002     nortos_msp432p401x.aem4f : SemaphoreP_nortos.oem4f (.text:clkFxn)
                  00003b04    0000006c     rtsv7M4_T_le_v4SPD16_eabi.lib : hostrename.c.obj (.text:HOSTrename)
                  00003b70    0000006c     msp432p4xx_driverlib.lib : i2c.o (.text:I2C_masterSendMultiByteFinish)
                  00003bdc    0000006c     nortos_msp432p401x.aem4f : TimerPMSP432_nortos.oem4f (.text:TimerP_getCurrentTick)
                  00003c48    00000068     drivers_msp432p401x.aem4f : GPIOMSP432.oem4f (.text:GPIO_hwiIntFxn)
                  00003cb0    00000068     rtsv7M4_T_le_v4SPD16_eabi.lib : hostlseek.c.obj (.text:HOSTlseek)
                  00003d18    00000068     msp432p4xx_driverlib.lib : interrupt.o (.text:Interrupt_pendInterrupt)
                  00003d80    00000068     drivers_msp432p401x.aem4f : PowerMSP432.oem4f (.text:PowerMSP432_getFreqs)
                  00003de8    00000068     nortos_msp432p401x.aem4f : SwiP_nortos.oem4f (.text:SwiP_post)
                  00003e50    00000068     rtsv7M4_T_le_v4SPD16_eabi.lib : copy_decompress_lzss.c.obj (.text:decompress:lzss:__TI_decompress_lzss)
                  00003eb8    00000068     drivers_msp432p401x.aem4f : I2CMSP432.oem4f (.text:initHw)
                  00003f20    00000068     rtsv7M4_T_le_v4SPD16_eabi.lib : printf.c.obj (.text:printf)
                  00003f88    00000064                                   : s_frexp.c.obj (.text:frexp)
                  00003fec    00000064                                   : fseek.c.obj (.text:fseek)
                  00004050    00000062                                   : _io_perm.c.obj (.text:__TI_wrt_ok)
                  000040b2    00000002     nortos_msp432p401x.aem4f : startup_msp432_ccs.oem4f (.text:defaultISR)
                  000040b4    00000060     drivers_msp432p401x.aem4f : GPIOMSP432.oem4f (.text:GPIO_setCallback)
                  00004114    00000060     rtsv7M4_T_le_v4SPD16_eabi.lib : hostopen.c.obj (.text:HOSTopen)
                  00004174    0000005c     msp432p4xx_driverlib.lib : interrupt.o (.text:Interrupt_registerInterrupt)
                  000041d0    0000005c     rtsv7M4_T_le_v4SPD16_eabi.lib : close.c.obj (.text:close)
                  0000422c    00000058                                   : hostread.c.obj (.text:HOSTread)
                  00004284    00000058                                   : hostwrite.c.obj (.text:HOSTwrite)
                  000042dc    00000058     nortos_msp432p401x.aem4f : TimerPMSP432_nortos.oem4f (.text:TimerP_dynamicStub)
                  00004334    00000056     rtsv7M4_T_le_v4SPD16_eabi.lib : _printfi.c.obj (.text:_pconv_f)
                  0000438a    00000056     drivers_msp432p401x.aem4f : I2CMSP432.oem4f (.text:completeTransfer)
                  000043e0    00000054     msp432p4xx_driverlib.lib : interrupt.o (.text:Interrupt_setPriority)
                  00004434    00000054     rtsv7M4_T_le_v4SPD16_eabi.lib : _ltoa.c.obj (.text:__TI_ltoa)
                  00004488    00000052                                   : _printfi.c.obj (.text:_ecpy)
                  000044da    00000002     nortos_msp432p401x.aem4f : startup_msp432_ccs.oem4f (.text:faultISR)
                  000044dc    00000050                              : SemaphoreP_nortos.oem4f (.text:SemaphoreP_construct)
                  0000452c    0000004c     rtsv7M4_T_le_v4SPD16_eabi.lib : fflush.c.obj (.text:__TI_doflush)
                  00004578    0000004c                                   : atoi.c.obj (.text:atoi)
                  000045c4    0000004c     lcd.obj (.text:lcd_i2c_init)
                  00004610    00000048     nortos_msp432p401x.aem4f : PowerMSP432_nortos.oem4f (.text:PowerMSP432_sleepPolicy)
                  00004658    00000048     drivers_msp432p401x.aem4f : PowerMSP432.oem4f (.text:Power_releaseConstraint)
                  000046a0    00000048     rtsv7M4_T_le_v4SPD16_eabi.lib : exit.c.obj (.text:exit)
                  000046e8    00000048                                   : fd_toi_t2.asm.obj (.text)
                  00004730    00000044                                   : hostclose.c.obj (.text:HOSTclose)
                  00004774    00000044                                   : hostunlink.c.obj (.text:HOSTunlink)
                  000047b8    00000044     drivers_msp432p401x.aem4f : I2C.oem4f (.text:I2C_init)
                  000047fc    00000044     nortos_msp432p401x.aem4f : SemaphoreP_nortos.oem4f (.text:SemaphoreP_post)
                  00004840    00000044                              : SwiP_nortos.oem4f (.text:SwiP_restore)
                  00004884    00000044                              : TimerPMSP432_nortos.oem4f (.text:TimerP_start)
                  000048c8    00000044     rtsv7M4_T_le_v4SPD16_eabi.lib : autoinit.c.obj (.text:__TI_auto_init_nobinit_nopinit:__TI_auto_init_nobinit_nopinit)
                  0000490c    00000044                                   : getdevice.c.obj (.text:getdevice)
                  00004950    00000044     drivers_msp432p401x.aem4f : I2CMSP432.oem4f (.text:perfChangeNotifyFxn)
                  00004994    00000040                               : I2C.oem4f (.text:I2C_open)
                  000049d4    00000040     nortos_msp432p401x.aem4f : TimerPMSP432_nortos.oem4f (.text:TimerP_setNextTick)
                  00004a14    0000003e     rtsv7M4_T_le_v4SPD16_eabi.lib : _printfi.c.obj (.text:_fcpy)
                  00004a52    00000002     nortos_msp432p401x.aem4f : startup_msp432_ccs.oem4f (.text:nmiISR)
                  00004a54    0000003c                              : TimerPMSP432_nortos.oem4f (.text:TimerP_initDevice)
                  00004a90    00000038     drivers_msp432p401x.aem4f : PowerMSP432.oem4f (.text:Power_setConstraint)
                  00004ac8    00000038     rtsv7M4_T_le_v4SPD16_eabi.lib : trgmsg.c.obj (.text:__TI_writemsg)
                  00004b00    00000038     drivers_msp432p401x.aem4f : PowerMSP432.oem4f (.text:notify)
                  00004b38    00000036     rtsv7M4_T_le_v4SPD16_eabi.lib : strncpy.c.obj (.text:strncpy)
                  00004b6e    00000002                                   : div0.asm.obj (.text)
                  00004b70    00000034                                   : fopen.c.obj (.text:__TI_cleanup)
                  00004ba4    00000034                                   : trgmsg.c.obj (.text:__TI_readmsg)
                  00004bd8    00000034                                   : boot_cortex_m.c.obj (.text:_c_int00_noargs:_c_int00_noargs)
                  00004c0c    00000034     lcd.obj (.text:i2c_write)
                  00004c40    00000030     lcd.obj (.text:delay_ms)
                  00004c70    00000030     rtsv7M4_T_le_v4SPD16_eabi.lib : getdevice.c.obj (.text:finddevice)
                  00004ca0    00000030     drivers_msp432p401x.aem4f : I2CMSP432.oem4f (.text:mapPin)
                  00004cd0    0000002e     rtsv7M4_T_le_v4SPD16_eabi.lib : i_tofd_t2.asm.obj (.text)
                  00004cfe    00000002     --HOLE-- [fill = 0]
                  00004d00    0000002c                                   : unlink.c.obj (.text:unlink)
                  00004d2c    0000002a     nortos_msp432p401x.aem4f : HwiPMSP432_nortos.oem4f (.text:HwiP_create)
                  00004d56    00000002     --HOLE-- [fill = 0]
                  00004d58    00000028     drivers_msp432p401x.aem4f : PowerMSP432.oem4f (.text:Power_registerNotify)
                  00004d80    00000028                               : PowerMSP432.oem4f (.text:disableFaultCounter)
                  00004da8    00000028                               : PowerMSP432.oem4f (.text:disableHFXT)
                  00004dd0    00000028     rtsv7M4_T_le_v4SPD16_eabi.lib : memory.c.obj (.text:free_list_insert)
                  00004df8    00000028     lcd.obj (.text:lcd_cmd)
                  00004e20    00000028     rtsv7M4_T_le_v4SPD16_eabi.lib : lseek.c.obj (.text:lseek)
                  00004e48    00000028                                   : write.c.obj (.text:write)
                  00004e70    00000026     drivers_msp432p401x.aem4f : List.oem4f (.text:List_put)
                  00004e96    00000026                               : List.oem4f (.text:List_remove)
                  00004ebc    00000024     nortos_msp432p401x.aem4f : ClockPTimer_nortos.oem4f (.text:ClockP_getTicks)
                  00004ee0    00000024                              : ClockPTimer_nortos.oem4f (.text:ClockP_scheduleNextTick)
                  00004f04    00000024                              : HwiPMSP432_nortos.oem4f (.text:HwiP_dispatch)
                  00004f28    00000020     msp432p4xx_driverlib.lib : cs.o (.text:CS_setExternalClockSourceFrequency)
                  00004f48    00000020     nortos_msp432p401x.aem4f : ClockPTimer_nortos.oem4f (.text:ClockP_add)
                  00004f68    00000020     drivers_msp432p401x.aem4f : PowerMSP432.oem4f (.text:Power_unregisterNotify)
                  00004f88    00000020     nortos_msp432p401x.aem4f : QueueP_nortos.oem4f (.text:QueueP_put)
                  00004fa8    00000020     rtsv7M4_T_le_v4SPD16_eabi.lib : memchr.c.obj (.text:memchr)
                  00004fc8    0000001c     msp432p4xx_driverlib.lib : interrupt.o (.text:Interrupt_unregisterInterrupt)
                  00004fe4    0000001c     nortos_msp432p401x.aem4f : SwiP_nortos.oem4f (.text:SwiP_disable)
                  00005000    0000001c     rtsv7M4_T_le_v4SPD16_eabi.lib : memory.c.obj (.text:free_list_remove)
                  0000501c    0000001c                                   : memccpy.c.obj (.text:memccpy)
                  00005038    0000001a     nortos_msp432p401x.aem4f : QueueP_nortos.oem4f (.text:QueueP_get)
                  00005052    0000001a                              : SemaphoreP_nortos.oem4f (.text:SemaphoreP_createBinary)
                  0000506c    0000001a     rtsv7M4_T_le_v4SPD16_eabi.lib : s_copysign.c.obj (.text:copysign)
                  00005086    00000018     nortos_msp432p401x.aem4f : ClockPTimer_nortos.oem4f (.text:ClockP_destruct)
                  0000509e    00000018                              : HwiPMSP432_nortos.oem4f (.text:HwiP_delete)
                  000050b6    00000002     --HOLE-- [fill = 0]
                  000050b8    00000018                              : HwiPMSP432_nortos.oem4f (.text:HwiP_inISR)
                  000050d0    00000018     drivers_msp432p401x.aem4f : I2C.oem4f (.text:I2C_transfer)
                  000050e8    00000018     msp432p4xx_driverlib.lib : sysctl_a.o (.text:SysCtl_A_disableNMISource)
                  00005100    00000018                              : sysctl_a.o (.text:SysCtl_A_enableNMISource)
                  00005118    00000018     nortos_msp432p401x.aem4f : startup_msp432_ccs.oem4f (.text:resetISR)
                  00005130    00000018     rtsv7M4_T_le_v4SPD16_eabi.lib : strcmp.c.obj (.text:strcmp)
                  00005148    00000016     nortos_msp432p401x.aem4f : SemaphoreP_nortos.oem4f (.text:SemaphoreP_create)
                  0000515e    00000016                              : SwiP_nortos.oem4f (.text:maxbit)
                  00005174    00000016     rtsv7M4_T_le_v4SPD16_eabi.lib : strchr.c.obj (.text:strchr)
                  0000518a    00000002     --HOLE-- [fill = 0]
                  0000518c    00000014     drivers_msp432p401x.aem4f : PowerMSP432.oem4f (.text:Power_idleFunc)
                  000051a0    00000014     nortos_msp432p401x.aem4f : SwiP_nortos.oem4f (.text:SwiP_handleHwi)
                  000051b4    00000014                              : TimerPMSP432_nortos.oem4f (.text:TimerP_getCount)
                  000051c8    00000014     rtsv7M4_T_le_v4SPD16_eabi.lib : strcpy.c.obj (.text:strcpy)
                  000051dc    00000014                                   : strlen.c.obj (.text:strlen)
                  000051f0    00000012     nortos_msp432p401x.aem4f : HwiPMSP432_nortos.oem4f (.text:HwiP_Params_init)
                  00005202    00000012     main_nortos.obj (.text:main)
                  00005214    00000012     rtsv7M4_T_le_v4SPD16_eabi.lib : wcslen.c.obj (.text:wcslen)
                  00005226    00000010     nortos_msp432p401x.aem4f : HwiPMSP432_nortos.oem4f (.text:HwiP_disable)
                  00005236    00000002     --HOLE-- [fill = 0]
                  00005238    00000010     drivers_msp432p401x.aem4f : I2C.oem4f (.text:I2C_Params_init)
                  00005248    00000010     msp432p4xx_driverlib.lib : interrupt.o (.text:Interrupt_disableMaster)
                  00005258    00000010                              : interrupt.o (.text:Interrupt_enableMaster)
                  00005268    00000010     drivers_msp432p401x.aem4f : PowerMSP432.oem4f (.text:PowerMSP432_getNumPerfLevels)
                  00005278    00000010                               : PowerMSP432.oem4f (.text:Power_disablePolicy)
                  00005288    00000010                               : PowerMSP432.oem4f (.text:Power_enablePolicy)
                  00005298    00000010     nortos_msp432p401x.aem4f : SemaphoreP_nortos.oem4f (.text:SemaphoreP_Params_init)
                  000052a8    00000010                              : SwiP_nortos.oem4f (.text:SwiP_Params_init)
                  000052b8    00000010     msp432p4xx_driverlib.lib : sysctl_a.o (.text:SysCtl_A_getNMISourceStatus)
                  000052c8    00000010                              : sysctl.o (.text:SysCtl_getNMISourceStatus)
                  000052d8    00000010     nortos_msp432p401x.aem4f : TimerPMSP432_nortos.oem4f (.text:TimerP_Params_init)
                  000052e8    0000000e                              : QueueP_nortos.oem4f (.text:QueueP_empty)
                  000052f6    0000000e                              : QueueP_nortos.oem4f (.text:QueueP_remove)
                  00005304    0000000e     rtsv7M4_T_le_v4SPD16_eabi.lib : copy_decompress_none.c.obj (.text:decompress:none:__TI_decompress_none)
                  00005312    0000000c     ti_drivers_config.obj (.text:Board_init)
                  0000531e    0000000c     msp432p4xx_driverlib.lib : cpu.o (.text:CPU_cpsid)
                  0000532a    0000000c                              : cpu.o (.text:CPU_cpsie)
                  00005336    00000002     --HOLE-- [fill = 0]
                  00005338    0000000c     nortos_msp432p401x.aem4f : ClockPTimer_nortos.oem4f (.text:ClockP_doTick)
                  00005344    0000000c     drivers_msp432p401x.aem4f : PowerMSP432.oem4f (.text:Power_getConstraintMask)
                  00005350    0000000c                               : PowerMSP432.oem4f (.text:Power_getPerformanceLevel)
                  0000535c    0000000c     nortos_msp432p401x.aem4f : TimerPMSP432_nortos.oem4f (.text:TimerP_getFreq)
                  00005368    0000000c                              : TimerPMSP432_nortos.oem4f (.text:TimerP_getMaxTicks)
                  00005374    0000000c     rtsv7M4_T_le_v4SPD16_eabi.lib : copy_zero_init.c.obj (.text:decompress:ZI:__TI_zero_init)
                  00005380    0000000c     fatsd_nortos.obj (.text:mainThread)
                  0000538c    00000008     nortos_msp432p401x.aem4f : HwiPMSP432_nortos.oem4f (.text:HwiP_restore)
                  00005394    00000008     rtsv7M4_T_le_v4SPD16_eabi.lib : errno.c.obj (.text:__aeabi_errno_addr)
                  0000539c    00000008     drivers_msp432p401x.aem4f : I2CMSP432.oem4f (.text:blockingTransferCallback)
                  000053a4    00000008     rtsv7M4_T_le_v4SPD16_eabi.lib : memory.c.obj (.text:malloc)
                  000053ac    00000006     drivers_msp432p401x.aem4f : I2CMSP432.oem4f (.text:I2CMSP432_control)
                  000053b2    00000006     nortos_msp432p401x.aem4f : QueueP_nortos.oem4f (.text:QueueP_init)
                  000053b8    00000004                              : ClockPTimer_nortos.oem4f (.text:ClockP_isActive)
                  000053bc    00000004                              : HwiPMSP432_nortos.oem4f (.text:HwiP_enable)
                  000053c0    00000004                              : HwiPMSP432_nortos.oem4f (.text:HwiP_post)
                  000053c4    00000004                              : QueueP_nortos.oem4f (.text:QueueP_head)
                  000053c8    00000004                              : QueueP_nortos.oem4f (.text:QueueP_next)
                  000053cc    00000004                              : SemaphoreP_nortos.oem4f (.text:SemaphoreP_delete)
                  000053d0    00000004                              : TimerPMSP432_nortos.oem4f (.text:TimerP_setPeriod)
                  000053d4    00000004     rtsv7M4_T_le_v4SPD16_eabi.lib : printf.c.obj (.text:_outc)
                  000053d8    00000004                                   : printf.c.obj (.text:_outs)
                  000053dc    00000004                                   : pre_init.c.obj (.text:_system_pre_init)
                  000053e0    00000004                                   : exit.c.obj (.text:abort:abort)

.const     0    000053e4    0000024e     
                  000053e4    00000101     rtsv7M4_T_le_v4SPD16_eabi.lib : ctype.c.obj (.const:.string:_ctypes_)
                  000054e5    00000003     --HOLE-- [fill = 0]
                  000054e8    00000050     msp432p4xx_driverlib.lib : interrupt.o (.const:g_pulRegs)
                  00005538    00000038     ti_drivers_config.obj (.const:PowerMSP432_config)
                  00005570    00000028     ti_drivers_config.obj (.const:i2cMSP432HWAttrs)
                  00005598    00000018     drivers_msp432p401x.aem4f : I2CMSP432.oem4f (.const:I2CMSP432_fxnTable)
                  000055b0    00000018     ti_drivers_config.obj (.const:I2C_config)
                  000055c8    00000014     ti_drivers_config.obj (.const:GPIOMSP432_config)
                  000055dc    00000010     drivers_msp432p401x.aem4f : I2C.oem4f (.const:I2C_defaultParams)
                  000055ec    00000010     nortos_msp432p401x.aem4f : SwiP_nortos.oem4f (.const:SwiP_defaultParams)
                  000055fc    0000000c     drivers_msp432p401x.aem4f : I2CMSP432.oem4f (.const:bitRates)
                  00005608    00000008     msp432p4xx_driverlib.lib : interrupt.o (.const:g_pulDisRegs)
                  00005610    00000008                              : interrupt.o (.const:g_pulEnRegs)
                  00005618    00000008                              : interrupt.o (.const:g_pulPendRegs)
                  00005620    00000006     drivers_msp432p401x.aem4f : GPIOMSP432.oem4f (.const:.string:interruptType)
                  00005626    00000006                               : GPIOMSP432.oem4f (.const:.string:portInterruptIds)
                  0000562c    00000006     ti_drivers_config.obj (.const)

.cinit     0    00005638    00000118     
                  00005638    000000e1     (.cinit..data.load) [load image, compression = lzss]
                  00005719    00000003     --HOLE-- [fill = 0]
                  0000571c    0000000c     (__TI_handler_table)
                  00005728    00000008     (.cinit..bss.load) [load image, compression = zero_init]
                  00005730    00000008     (.cinit..vtable.load) [load image, compression = zero_init]
                  00005738    00000018     (__TI_cinit_table)

.init_array 
*          0    00000000    00000000     UNINITIALIZED

.intvecs   0    00000000    00000144     
                  00000000    00000144     nortos_msp432p401x.aem4f : startup_msp432_ccs.oem4f (.intvecs:retain)

.sysmem    0    20000000    00008000     UNINITIALIZED
                  20000000    00000010     rtsv7M4_T_le_v4SPD16_eabi.lib : memory.c.obj (.sysmem)
                  20000010    00007ff0     --HOLE--

.data      0    20008000    000004ec     UNINITIALIZED
                  20008000    00000140     nortos_msp432p401x.aem4f : HwiPMSP432_nortos.oem4f (.data:HwiP_dispatchTable)
                  20008140    00000140     drivers_msp432p401x.aem4f : PowerMSP432.oem4f (.data:PowerMSP432_perfLevels)
                  20008280    000000f0     rtsv7M4_T_le_v4SPD16_eabi.lib : defs.c.obj (.data:_ftable)
                  20008370    00000078                                   : host_device.c.obj (.data:_device)
                  200083e8    00000050                                   : host_device.c.obj (.data:_stream)
                  20008438    0000002c     drivers_msp432p401x.aem4f : PowerMSP432.oem4f (.data:PowerMSP432_module)
                  20008464    0000001c     lcd.obj (.data:lcd_i2cTranscation)
                  20008480    00000010     rtsv7M4_T_le_v4SPD16_eabi.lib : defs.c.obj (.data)
                  20008490    0000000c                                   : exit.c.obj (.data:$O1$$)
                  2000849c    0000000c     nortos_msp432p401x.aem4f : TimerPMSP432_nortos.oem4f (.data:TimerP_defaultParams)
                  200084a8    00000008     rtsv7M4_T_le_v4SPD16_eabi.lib : _lock.c.obj (.data:$O1$$)
                  200084b0    00000008                                   : memory.c.obj (.data:$O1$$)
                  200084b8    00000008     nortos_msp432p401x.aem4f : SemaphoreP_nortos.oem4f (.data:SemaphoreP_defaultParams)
                  200084c0    00000008     ti_drivers_config.obj (.data:gpioCallbackFunctions)
                  200084c8    00000008     ti_drivers_config.obj (.data:gpioPinConfigs)
                  200084d0    00000008     nortos_msp432p401x.aem4f : ClockPTimer_nortos.oem4f (.data)
                  200084d8    00000008                              : HwiPMSP432_nortos.oem4f (.data)
                  200084e0    00000004     rtsv7M4_T_le_v4SPD16_eabi.lib : errno.c.obj (.data)
                  200084e4    00000003     nortos_msp432p401x.aem4f : SemaphoreP_nortos.oem4f (.data)
                  200084e7    00000002     drivers_msp432p401x.aem4f : GPIOMSP432.oem4f (.data)
                  200084e9    00000001                               : I2C.oem4f (.data)
                  200084ea    00000001     nortos_msp432p401x.aem4f : SwiP_nortos.oem4f (.data)
                  200084eb    00000001                              : TimerPMSP432_nortos.oem4f (.data)

.bss       0    200084f0    000003d0     UNINITIALIZED
                  200084f0    00000120     rtsv7M4_T_le_v4SPD16_eabi.lib : trgmsg.c.obj (.bss:_CIOBUF_)
                  20008610    000000a0     nortos_msp432p401x.aem4f : ClockPTimer_nortos.oem4f (.bss:ClockP_module)
                  200086b0    000000a0     (.common:__TI_tmpnams)
                  20008750    000000a0     (.common:i2cMSP432Objects)
                  200087f0    00000030     drivers_msp432p401x.aem4f : GPIOMSP432.oem4f (.bss:gpioCallbackInfo)
                  20008820    00000020     nortos_msp432p401x.aem4f : SwiP_nortos.oem4f (.bss:SwiP_readyList)
                  20008840    0000001c                              : SwiP_nortos.oem4f (.bss:SwiP_hwiStruct)
                  2000885c    0000001c                              : TimerPMSP432_nortos.oem4f (.bss:TimerP_hwiStruct)
                  20008878    00000010     (.common:lcd_i2c_params)
                  20008888    0000000d                              : SwiP_nortos.oem4f (.bss)
                  20008895    00000001     (.common:data_val)
                  20008896    00000002     --HOLE--
                  20008898    00000008     msp432p4xx_driverlib.lib : cs.o (.bss)
                  200088a0    00000008     nortos_msp432p401x.aem4f : ClockPTimer_nortos.oem4f (.bss:timerFreq)
                  200088a8    00000008     (.common:parmbuf)
                  200088b0    00000004     drivers_msp432p401x.aem4f : GPIOMSP432.oem4f (.bss)
                  200088b4    00000004     nortos_msp432p401x.aem4f : ClockPTimer_nortos.oem4f (.bss)
                  200088b8    00000004                              : TimerPMSP432_nortos.oem4f (.bss)
                  200088bc    00000004     (.common:lcd_i2c_handle)

.vtable    0    20008c00    000000e8     UNINITIALIZED
                  20008c00    000000e8     msp432p4xx_driverlib.lib : interrupt.o (.vtable)

.stack     0    2000f000    00001000     UNINITIALIZED
                  2000f000    00000004     rtsv7M4_T_le_v4SPD16_eabi.lib : boot_cortex_m.c.obj (.stack)
                  2000f004    00000ffc     --HOLE--

__llvm_prf_cnts 
*          0    20000000    00000000     UNINITIALIZED

.binit     0    00000000    00000000     

MODULE SUMMARY

       Module                       code    ro data   rw data
       ------                       ----    -------   -------
    .\
       lcd.obj                      708     0         98     
       main_nortos.obj              18      0         0      
       fatsd_nortos.obj             12      0         0      
    +--+----------------------------+-------+---------+---------+
       Total:                       738     0         98     
                                                             
    .\syscfg\
       ti_drivers_config.obj        14      146       352    
    +--+----------------------------+-------+---------+---------+
       Total:                       14      146       352    
                                                             
    C:/ti/simplelink_msp432p4_sdk_3_40_01_02/kernel/nortos/lib/nortos_msp432p401x.aem4f
       ClockPTimer_nortos.oem4f     744     0         360    
       HwiPMSP432_nortos.oem4f      288     0         656    
       SwiP_nortos.oem4f            630     16        148    
       TimerPMSP432_nortos.oem4f    676     0         90     
       SemaphoreP_nortos.oem4f      378     0         22     
       startup_msp432_ccs.oem4f     32      324       0      
       QueueP_nortos.oem4f          100     0         0      
       PowerMSP432_nortos.oem4f     76      0         0      
    +--+----------------------------+-------+---------+---------+
       Total:                       2924    340       1276   
                                                             
    C:/ti/simplelink_msp432p4_sdk_3_40_01_02/source/ti/devices/msp432p4xx/driverlib/ccs/msp432p4xx_driverlib.lib
       interrupt.o                  598     104       464    
       cs.o                         704     0         16     
       i2c.o                        108     0         0      
       sysctl_a.o                   64      0         0      
       cpu.o                        24      0         0      
       sysctl.o                     16      0         0      
    +--+----------------------------+-------+---------+---------+
       Total:                       1514    104       480    
                                                             
    C:/ti/simplelink_msp432p4_sdk_3_40_01_02/source/ti/drivers/lib/drivers_msp432p401x.aem4f
       PowerMSP432.oem4f            2228    0         728    
       I2CMSP432.oem4f              2028    36        0      
       GPIOMSP432.oem4f             740     12        108    
       I2C.oem4f                    172     16        2      
       List.oem4f                   76      0         0      
    +--+----------------------------+-------+---------+---------+
       Total:                       5244    64        838    
                                                             
    C:\ti\ccs1040\ccs\tools\compiler\ti-cgt-arm_20.2.5.LTS\lib\rtsv7M4_T_le_v4SPD16_eabi.lib
       _printfi.c.obj               4851    0         0      
       defs.c.obj                   0       0         832    
       memory.c.obj                 672     0         16     
       trgmsg.c.obj                 108     0         576    
       fd_add_t2.asm.obj            438     0         0      
       host_device.c.obj            0       0         400    
       fd_div_t2.asm.obj            310     0         0      
       fputs.c.obj                  276     0         0      
       s_scalbn.c.obj               272     0         0      
       fd_cmp_t2.asm.obj            268     0         0      
       ctype.c.obj                  0       257       0      
       fd_mul_t2.asm.obj            252     0         0      
       setvbuf.c.obj                220     0         0      
       memcpy_t2.asm.obj            156     0         0      
       ull_div_t2.asm.obj           150     0         0      
       fputc.c.obj                  140     0         0      
       memset_t2.asm.obj            122     0         0      
       fclose.c.obj                 116     0         0      
       getdevice.c.obj              116     0         0      
       hostopen.c.obj               96      0         16     
       printf.c.obj                 112     0         0      
       hostrename.c.obj             108     0         0      
       copy_decompress_lzss.c.obj   104     0         0      
       hostlseek.c.obj              104     0         0      
       exit.c.obj                   76      0         24     
       fseek.c.obj                  100     0         0      
       s_frexp.c.obj                100     0         0      
       _io_perm.c.obj               98      0         0      
       close.c.obj                  92      0         0      
       hostread.c.obj               88      0         0      
       hostwrite.c.obj              88      0         0      
       _ltoa.c.obj                  84      0         0      
       atoi.c.obj                   76      0         0      
       fflush.c.obj                 76      0         0      
       fd_toi_t2.asm.obj            72      0         0      
       autoinit.c.obj               68      0         0      
       hostclose.c.obj              68      0         0      
       hostunlink.c.obj             68      0         0      
       strncpy.c.obj                54      0         0      
       boot_cortex_m.c.obj          52      0         0      
       fopen.c.obj                  52      0         0      
       i_tofd_t2.asm.obj            46      0         0      
       unlink.c.obj                 44      0         0      
       lseek.c.obj                  40      0         0      
       write.c.obj                  40      0         0      
       memchr.c.obj                 32      0         0      
       memccpy.c.obj                28      0         0      
       s_copysign.c.obj             26      0         0      
       strcmp.c.obj                 24      0         0      
       strchr.c.obj                 22      0         0      
       strcpy.c.obj                 20      0         0      
       strlen.c.obj                 20      0         0      
       _lock.c.obj                  2       0         16     
       wcslen.c.obj                 18      0         0      
       errno.c.obj                  8       0         8      
       copy_decompress_none.c.obj   14      0         0      
       copy_zero_init.c.obj         12      0         0      
       pre_init.c.obj               4       0         0      
       div0.asm.obj                 2       0         0      
    +--+----------------------------+-------+---------+---------+
       Total:                       10705   257       1888   
                                                             
       Heap:                        0       0         65536  
       Stack:                       0       0         8192   
       Linker Generated:            0       277       0      
    +--+----------------------------+-------+---------+---------+
       Grand Total:                 21139   1188      78660  


LINKER GENERATED COPY TABLES

__TI_cinit_table @ 00005738 records: 3, size/record: 8, table size: 24
	.data: load addr=00005638, load size=000000e1 bytes, run addr=20008000, run size=000004ec bytes, compression=lzss
	.bss: load addr=00005728, load size=00000008 bytes, run addr=200084f0, run size=000003d0 bytes, compression=zero_init
	.vtable: load addr=00005730, load size=00000008 bytes, run addr=20008c00, run size=000000e8 bytes, compression=zero_init


LINKER GENERATED HANDLER TABLE

__TI_handler_table @ 0000571c records: 3, size/record: 4, table size: 12
	index: 0, handler: __TI_decompress_lzss
	index: 1, handler: __TI_decompress_none
	index: 2, handler: __TI_zero_init


GLOBAL SYMBOLS: SORTED ALPHABETICALLY BY Name 

address   name                              
-------   ----                              
00005313  Board_init                        
00000b93  Board_initHook                    
000053e1  C$$EXIT                           
00004af7  C$$IO$$                           
0000531f  CPU_cpsid                         
0000532b  CPU_cpsie                         
00004f29  CS_setExternalClockSourceFrequency
000026d9  CS_startHFXTWithTimeout           
000028a1  CS_startLFXTWithTimeout           
00004f49  ClockP_add                        
00005087  ClockP_destruct                   
00005339  ClockP_doTick                     
00004ebd  ClockP_getTicks                   
000053b9  ClockP_isActive                   
00004ee1  ClockP_scheduleNextTick           
00003655  ClockP_start                      
00002dc1  ClockP_startup                    
200084d4  ClockP_tickPeriod                 
00003851  ClockP_walkQueueDynamic           
00002f29  ClockP_workFuncDynamic            
0000562c  Display_count                     
000055c8  GPIOMSP432_config                 
00003c49  GPIO_hwiIntFxn                    
00002fd5  GPIO_init                         
000040b5  GPIO_setCallback                  
00001a89  GPIO_setConfig                    
00004731  HOSTclose                         
00003cb1  HOSTlseek                         
00004115  HOSTopen                          
0000422d  HOSTread                          
00003b05  HOSTrename                        
00004775  HOSTunlink                        
00004285  HOSTwrite                         
000051f1  HwiP_Params_init                  
000039b5  HwiP_construct                    
00004d2d  HwiP_create                       
0000509f  HwiP_delete                       
00005227  HwiP_disable                      
00004f05  HwiP_dispatch                     
000053bd  HwiP_enable                       
000050b9  HwiP_inISR                        
200084d8  HwiP_key                          
000053c1  HwiP_post                         
0000538d  HwiP_restore                      
200084dc  HwiP_swiPIntNum                   
00003081  I2CMSP432_cancel                  
000038c9  I2CMSP432_close                   
000053ad  I2CMSP432_control                 
00005598  I2CMSP432_fxnTable                
00001903  I2CMSP432_hwiIntFxn               
00001a87  I2CMSP432_init                    
00001385  I2CMSP432_open                    
000025e9  I2CMSP432_transfer                
00005239  I2C_Params_init                   
000055b0  I2C_config                        
0000562d  I2C_count                         
000055dc  I2C_defaultParams                 
000047b9  I2C_init                          
00003b71  I2C_masterSendMultiByteFinish     
00004995  I2C_open                          
000050d1  I2C_transfer                      
000036d5  Interrupt_disableInterrupt        
00005249  Interrupt_disableMaster           
00003755  Interrupt_enableInterrupt         
00005259  Interrupt_enableMaster            
00003d19  Interrupt_pendInterrupt           
00004175  Interrupt_registerInterrupt       
000043e1  Interrupt_setPriority             
00004fc9  Interrupt_unregisterInterrupt     
00004e71  List_put                          
00004e97  List_remove                       
000053bd  NoRTOS_start                      
00005538  PowerMSP432_config                
00003d81  PowerMSP432_getFreqs              
00005269  PowerMSP432_getNumPerfLevels      
00002f27  PowerMSP432_initPolicy            
20008438  PowerMSP432_module                
20008140  PowerMSP432_perfLevels            
00004611  PowerMSP432_sleepPolicy           
00003437  PowerMSP432_updateFreqs           
00005279  Power_disablePolicy               
00005289  Power_enablePolicy                
00005345  Power_getConstraintMask           
00005351  Power_getPerformanceLevel         
0000518d  Power_idleFunc                    
000031cd  Power_init                        
00004d59  Power_registerNotify              
00004659  Power_releaseConstraint           
00004a91  Power_setConstraint               
00000b95  Power_sleep                       
00004f69  Power_unregisterNotify            
000052e9  QueueP_empty                      
00005039  QueueP_get                        
000053c5  QueueP_head                       
000053b3  QueueP_init                       
000053c9  QueueP_next                       
00004f89  QueueP_put                        
000052f7  QueueP_remove                     
0000562e  SDFatFS_count                     
0000562f  SD_count                          
00005630  SPI_count                         
00005299  SemaphoreP_Params_init            
000044dd  SemaphoreP_construct              
00005149  SemaphoreP_create                 
00005053  SemaphoreP_createBinary           
200084b8  SemaphoreP_defaultParams          
000053cd  SemaphoreP_delete                 
0000312d  SemaphoreP_pend                   
000047fd  SemaphoreP_post                   
000052a9  SwiP_Params_init                  
00002c19  SwiP_construct                    
00004fe5  SwiP_disable                      
00003269  SwiP_dispatch                     
00003de9  SwiP_post                         
00004841  SwiP_restore                      
000050e9  SysCtl_A_disableNMISource         
00005101  SysCtl_A_enableNMISource          
000052b9  SysCtl_A_getNMISourceStatus       
000052c9  SysCtl_getNMISourceStatus         
000052d9  TimerP_Params_init                
00002981  TimerP_construct                  
000042dd  TimerP_dynamicStub                
00003bdd  TimerP_getCurrentTick             
0000535d  TimerP_getFreq                    
00005369  TimerP_getMaxTicks                
00004a55  TimerP_initDevice                 
000049d5  TimerP_setNextTick                
000053d1  TimerP_setPeriod                  
00004885  TimerP_start                      
00005631  UART_count                        
4000480c  WDTCTL_SYM                        
200084f0  __CIOBUF_                         
20010000  __STACK_END                       
00001000  __STACK_SIZE                      
00008000  __SYSMEM_SIZE                     
00005738  __TI_CINIT_Base                   
00005750  __TI_CINIT_Limit                  
0000571c  __TI_Handler_Table_Base           
00005728  __TI_Handler_Table_Limit          
000048c9  __TI_auto_init_nobinit_nopinit    
00004b71  __TI_cleanup                      
20008490  __TI_cleanup_ptr                  
00003941  __TI_closefile                    
00003e51  __TI_decompress_lzss              
00005305  __TI_decompress_none              
0000452d  __TI_doflush                      
20008494  __TI_dtors_ptr                    
20008498  __TI_enable_exit_profile_output   
20008480  __TI_ft_end                       
00004435  __TI_ltoa                         
ffffffff  __TI_pprof_out_hndl               
00000145  __TI_printfi                      
ffffffff  __TI_prof_data_size               
ffffffff  __TI_prof_data_start              
00004ba5  __TI_readmsg                      
00005638  __TI_static_base__                
200086b0  __TI_tmpnams                      
00004ac9  __TI_writemsg                     
00004051  __TI_wrt_ok                       
00005375  __TI_zero_init                    
000034c5  __aeabi_cdcmpeq                   
000034c5  __aeabi_cdcmple                   
0000354b  __aeabi_cdrcmple                  
000046e9  __aeabi_d2iz                      
00001757  __aeabi_dadd                      
00001d35  __aeabi_ddiv                      
000024ed  __aeabi_dmul                      
0000174d  __aeabi_dsub                      
00005395  __aeabi_errno_addr                
00004cd1  __aeabi_i2d                       
00004b6f  __aeabi_idiv0                     
00004b6f  __aeabi_ldiv0                     
000037d5  __aeabi_memclr                    
000037d5  __aeabi_memclr4                   
000037d5  __aeabi_memclr8                   
00003305  __aeabi_memcpy                    
00003305  __aeabi_memcpy4                   
00003305  __aeabi_memcpy8                   
000037d7  __aeabi_memset                    
000037d7  __aeabi_memset4                   
000037d7  __aeabi_memset8                   
2000848c  __aeabi_stderr                    
20008484  __aeabi_stdin                     
20008488  __aeabi_stdout                    
000033a1  __aeabi_uldivmod                  
ffffffff  __binit__                         
ffffffff  __c_args__                        
UNDEFED   __mpu_init                        
2000f000  __stack                           
20000000  __start___llvm_prf_cnts           
20000000  __stop___llvm_prf_cnts            
00004bd9  _c_int00_noargs                   
000053e4  _ctypes_                          
20008370  _device                           
20008280  _ftable                           
200084a8  _lock                             
0000384f  _nop                              
200083e8  _stream                           
20000000  _sys_memory                       
UNDEFED   _system_post_cinit                
000053dd  _system_pre_init                  
200084ac  _unlock                           
000053e1  abort                             
000023ed  aligned_alloc                     
00004579  atoi                              
ffffffff  binit                             
00003b03  clkFxn                            
000041d1  close                             
0000506d  copysign                          
0000506d  copysignl                         
20008895  data_val                          
200084e0  errno                             
000046a1  exit                              
00004c71  finddevice                        
00003439  fputc                             
000021c9  fputs                             
000027bd  free                              
00003f89  frexp                             
00003f89  frexpl                            
00003fed  fseek                             
20008c00  g_pfnRAMVectors                   
0000490d  getdevice                         
200084c0  gpioCallbackFunctions             
200084c8  gpioPinConfigs                    
00005570  i2cMSP432HWAttrs                  
20008750  i2cMSP432Objects                  
00000000  interruptVectors                  
20008464  lcd_i2cTranscation                
200088bc  lcd_i2c_handle                    
000045c5  lcd_i2c_init                      
20008878  lcd_i2c_params                    
000022dd  ldexp                             
000022dd  ldexpl                            
00004e21  lseek                             
00005203  main                              
00005381  mainThread                        
000053a5  malloc                            
000023ed  memalign                          
0000501d  memccpy                           
00004fa9  memchr                            
00003305  memcpy                            
000037dd  memset                            
200088a8  parmbuf                           
00003f21  printf                            
00003439  putc                              
00004d01  remove                            
00005119  resetISR                          
000022dd  scalbn                            
000022dd  scalbnl                           
00002b3d  setvbuf                           
00005175  strchr                            
00005131  strcmp                            
000051c9  strcpy                            
000051dd  strlen                            
00004b39  strncpy                           
00004d01  unlink                            
00005215  wcslen                            
00004e49  write                             


GLOBAL SYMBOLS: SORTED BY Symbol Address 

address   name                              
-------   ----                              
00000000  interruptVectors                  
00000145  __TI_printfi                      
00000b93  Board_initHook                    
00000b95  Power_sleep                       
00001000  __STACK_SIZE                      
00001385  I2CMSP432_open                    
0000174d  __aeabi_dsub                      
00001757  __aeabi_dadd                      
00001903  I2CMSP432_hwiIntFxn               
00001a87  I2CMSP432_init                    
00001a89  GPIO_setConfig                    
00001d35  __aeabi_ddiv                      
000021c9  fputs                             
000022dd  ldexp                             
000022dd  ldexpl                            
000022dd  scalbn                            
000022dd  scalbnl                           
000023ed  aligned_alloc                     
000023ed  memalign                          
000024ed  __aeabi_dmul                      
000025e9  I2CMSP432_transfer                
000026d9  CS_startHFXTWithTimeout           
000027bd  free                              
000028a1  CS_startLFXTWithTimeout           
00002981  TimerP_construct                  
00002b3d  setvbuf                           
00002c19  SwiP_construct                    
00002dc1  ClockP_startup                    
00002f27  PowerMSP432_initPolicy            
00002f29  ClockP_workFuncDynamic            
00002fd5  GPIO_init                         
00003081  I2CMSP432_cancel                  
0000312d  SemaphoreP_pend                   
000031cd  Power_init                        
00003269  SwiP_dispatch                     
00003305  __aeabi_memcpy                    
00003305  __aeabi_memcpy4                   
00003305  __aeabi_memcpy8                   
00003305  memcpy                            
000033a1  __aeabi_uldivmod                  
00003437  PowerMSP432_updateFreqs           
00003439  fputc                             
00003439  putc                              
000034c5  __aeabi_cdcmpeq                   
000034c5  __aeabi_cdcmple                   
0000354b  __aeabi_cdrcmple                  
00003655  ClockP_start                      
000036d5  Interrupt_disableInterrupt        
00003755  Interrupt_enableInterrupt         
000037d5  __aeabi_memclr                    
000037d5  __aeabi_memclr4                   
000037d5  __aeabi_memclr8                   
000037d7  __aeabi_memset                    
000037d7  __aeabi_memset4                   
000037d7  __aeabi_memset8                   
000037dd  memset                            
0000384f  _nop                              
00003851  ClockP_walkQueueDynamic           
000038c9  I2CMSP432_close                   
00003941  __TI_closefile                    
000039b5  HwiP_construct                    
00003b03  clkFxn                            
00003b05  HOSTrename                        
00003b71  I2C_masterSendMultiByteFinish     
00003bdd  TimerP_getCurrentTick             
00003c49  GPIO_hwiIntFxn                    
00003cb1  HOSTlseek                         
00003d19  Interrupt_pendInterrupt           
00003d81  PowerMSP432_getFreqs              
00003de9  SwiP_post                         
00003e51  __TI_decompress_lzss              
00003f21  printf                            
00003f89  frexp                             
00003f89  frexpl                            
00003fed  fseek                             
00004051  __TI_wrt_ok                       
000040b5  GPIO_setCallback                  
00004115  HOSTopen                          
00004175  Interrupt_registerInterrupt       
000041d1  close                             
0000422d  HOSTread                          
00004285  HOSTwrite                         
000042dd  TimerP_dynamicStub                
000043e1  Interrupt_setPriority             
00004435  __TI_ltoa                         
000044dd  SemaphoreP_construct              
0000452d  __TI_doflush                      
00004579  atoi                              
000045c5  lcd_i2c_init                      
00004611  PowerMSP432_sleepPolicy           
00004659  Power_releaseConstraint           
000046a1  exit                              
000046e9  __aeabi_d2iz                      
00004731  HOSTclose                         
00004775  HOSTunlink                        
000047b9  I2C_init                          
000047fd  SemaphoreP_post                   
00004841  SwiP_restore                      
00004885  TimerP_start                      
000048c9  __TI_auto_init_nobinit_nopinit    
0000490d  getdevice                         
00004995  I2C_open                          
000049d5  TimerP_setNextTick                
00004a55  TimerP_initDevice                 
00004a91  Power_setConstraint               
00004ac9  __TI_writemsg                     
00004af7  C$$IO$$                           
00004b39  strncpy                           
00004b6f  __aeabi_idiv0                     
00004b6f  __aeabi_ldiv0                     
00004b71  __TI_cleanup                      
00004ba5  __TI_readmsg                      
00004bd9  _c_int00_noargs                   
00004c71  finddevice                        
00004cd1  __aeabi_i2d                       
00004d01  remove                            
00004d01  unlink                            
00004d2d  HwiP_create                       
00004d59  Power_registerNotify              
00004e21  lseek                             
00004e49  write                             
00004e71  List_put                          
00004e97  List_remove                       
00004ebd  ClockP_getTicks                   
00004ee1  ClockP_scheduleNextTick           
00004f05  HwiP_dispatch                     
00004f29  CS_setExternalClockSourceFrequency
00004f49  ClockP_add                        
00004f69  Power_unregisterNotify            
00004f89  QueueP_put                        
00004fa9  memchr                            
00004fc9  Interrupt_unregisterInterrupt     
00004fe5  SwiP_disable                      
0000501d  memccpy                           
00005039  QueueP_get                        
00005053  SemaphoreP_createBinary           
0000506d  copysign                          
0000506d  copysignl                         
00005087  ClockP_destruct                   
0000509f  HwiP_delete                       
000050b9  HwiP_inISR                        
000050d1  I2C_transfer                      
000050e9  SysCtl_A_disableNMISource         
00005101  SysCtl_A_enableNMISource          
00005119  resetISR                          
00005131  strcmp                            
00005149  SemaphoreP_create                 
00005175  strchr                            
0000518d  Power_idleFunc                    
000051c9  strcpy                            
000051dd  strlen                            
000051f1  HwiP_Params_init                  
00005203  main                              
00005215  wcslen                            
00005227  HwiP_disable                      
00005239  I2C_Params_init                   
00005249  Interrupt_disableMaster           
00005259  Interrupt_enableMaster            
00005269  PowerMSP432_getNumPerfLevels      
00005279  Power_disablePolicy               
00005289  Power_enablePolicy                
00005299  SemaphoreP_Params_init            
000052a9  SwiP_Params_init                  
000052b9  SysCtl_A_getNMISourceStatus       
000052c9  SysCtl_getNMISourceStatus         
000052d9  TimerP_Params_init                
000052e9  QueueP_empty                      
000052f7  QueueP_remove                     
00005305  __TI_decompress_none              
00005313  Board_init                        
0000531f  CPU_cpsid                         
0000532b  CPU_cpsie                         
00005339  ClockP_doTick                     
00005345  Power_getConstraintMask           
00005351  Power_getPerformanceLevel         
0000535d  TimerP_getFreq                    
00005369  TimerP_getMaxTicks                
00005375  __TI_zero_init                    
00005381  mainThread                        
0000538d  HwiP_restore                      
00005395  __aeabi_errno_addr                
000053a5  malloc                            
000053ad  I2CMSP432_control                 
000053b3  QueueP_init                       
000053b9  ClockP_isActive                   
000053bd  HwiP_enable                       
000053bd  NoRTOS_start                      
000053c1  HwiP_post                         
000053c5  QueueP_head                       
000053c9  QueueP_next                       
000053cd  SemaphoreP_delete                 
000053d1  TimerP_setPeriod                  
000053dd  _system_pre_init                  
000053e1  C$$EXIT                           
000053e1  abort                             
000053e4  _ctypes_                          
00005538  PowerMSP432_config                
00005570  i2cMSP432HWAttrs                  
00005598  I2CMSP432_fxnTable                
000055b0  I2C_config                        
000055c8  GPIOMSP432_config                 
000055dc  I2C_defaultParams                 
0000562c  Display_count                     
0000562d  I2C_count                         
0000562e  SDFatFS_count                     
0000562f  SD_count                          
00005630  SPI_count                         
00005631  UART_count                        
00005638  __TI_static_base__                
0000571c  __TI_Handler_Table_Base           
00005728  __TI_Handler_Table_Limit          
00005738  __TI_CINIT_Base                   
00005750  __TI_CINIT_Limit                  
00008000  __SYSMEM_SIZE                     
20000000  __start___llvm_prf_cnts           
20000000  __stop___llvm_prf_cnts            
20000000  _sys_memory                       
20008140  PowerMSP432_perfLevels            
20008280  _ftable                           
20008370  _device                           
200083e8  _stream                           
20008438  PowerMSP432_module                
20008464  lcd_i2cTranscation                
20008480  __TI_ft_end                       
20008484  __aeabi_stdin                     
20008488  __aeabi_stdout                    
2000848c  __aeabi_stderr                    
20008490  __TI_cleanup_ptr                  
20008494  __TI_dtors_ptr                    
20008498  __TI_enable_exit_profile_output   
200084a8  _lock                             
200084ac  _unlock                           
200084b8  SemaphoreP_defaultParams          
200084c0  gpioCallbackFunctions             
200084c8  gpioPinConfigs                    
200084d4  ClockP_tickPeriod                 
200084d8  HwiP_key                          
200084dc  HwiP_swiPIntNum                   
200084e0  errno                             
200084f0  __CIOBUF_                         
200086b0  __TI_tmpnams                      
20008750  i2cMSP432Objects                  
20008878  lcd_i2c_params                    
20008895  data_val                          
200088a8  parmbuf                           
200088bc  lcd_i2c_handle                    
20008c00  g_pfnRAMVectors                   
2000f000  __stack                           
20010000  __STACK_END                       
4000480c  WDTCTL_SYM                        
ffffffff  __TI_pprof_out_hndl               
ffffffff  __TI_prof_data_size               
ffffffff  __TI_prof_data_start              
ffffffff  __binit__                         
ffffffff  __c_args__                        
ffffffff  binit                             
UNDEFED   __mpu_init                        
UNDEFED   _system_post_cinit                

[258 symbols]
