<?xml version="1.0" encoding="ISO-8859-1" ?>
<link_info>
   <banner>TI ARM Linker PC v20.2.5.LTS</banner>
   <copyright>Copyright (c) 1996-2018 Texas Instruments Incorporated</copyright>
   <link_time>0x61a706f2</link_time>
   <link_errors>0x0</link_errors>
   <output_file>fatsd_MSP_EXP432P401R_nortos_ccs.out</output_file>
   <entry_point>
      <name>resetISR</name>
      <address>0x50f9</address>
   </entry_point>
   <input_file_list>
      <input_file id="fl-2">
         <path>.\syscfg\</path>
         <kind>object</kind>
         <file>ti_drivers_config.obj</file>
         <name>ti_drivers_config.obj</name>
      </input_file>
      <input_file id="fl-3">
         <path>.\</path>
         <kind>object</kind>
         <file>fatsd_nortos.obj</file>
         <name>fatsd_nortos.obj</name>
      </input_file>
      <input_file id="fl-4">
         <path>.\</path>
         <kind>object</kind>
         <file>lcd.obj</file>
         <name>lcd.obj</name>
      </input_file>
      <input_file id="fl-5">
         <path>.\</path>
         <kind>object</kind>
         <file>main_nortos.obj</file>
         <name>main_nortos.obj</name>
      </input_file>
      <input_file id="fl-6">
         <path>.\</path>
         <kind>object</kind>
         <file>mpu.obj</file>
         <name>mpu.obj</name>
      </input_file>
      <input_file id="fl-11">
         <kind>object</kind>
         <file>&lt;internal&gt;</file>
         <name>&lt;internal&gt;</name>
      </input_file>
      <input_file id="fl-12">
         <path>C:\ti\simplelink_msp432p4_sdk_3_40_01_02\source\ti\display\lib\</path>
         <kind>archive</kind>
         <file>display.aem4f</file>
         <name>Display.oem4f</name>
      </input_file>
      <input_file id="fl-13">
         <path>C:\ti\simplelink_msp432p4_sdk_3_40_01_02\source\ti\display\lib\</path>
         <kind>archive</kind>
         <file>display.aem4f</file>
         <name>DisplayUart.oem4f</name>
      </input_file>
      <input_file id="fl-14">
         <path>C:\ti\simplelink_msp432p4_sdk_3_40_01_02\source\ti\drivers\lib\</path>
         <kind>archive</kind>
         <file>drivers_msp432p401x.aem4f</file>
         <name>SDSPI.oem4f</name>
      </input_file>
      <input_file id="fl-15">
         <path>C:\ti\simplelink_msp432p4_sdk_3_40_01_02\source\ti\drivers\lib\</path>
         <kind>archive</kind>
         <file>drivers_msp432p401x.aem4f</file>
         <name>GPIOMSP432.oem4f</name>
      </input_file>
      <input_file id="fl-16">
         <path>C:\ti\simplelink_msp432p4_sdk_3_40_01_02\source\ti\drivers\lib\</path>
         <kind>archive</kind>
         <file>drivers_msp432p401x.aem4f</file>
         <name>I2C.oem4f</name>
      </input_file>
      <input_file id="fl-17">
         <path>C:\ti\simplelink_msp432p4_sdk_3_40_01_02\source\ti\drivers\lib\</path>
         <kind>archive</kind>
         <file>drivers_msp432p401x.aem4f</file>
         <name>I2CMSP432.oem4f</name>
      </input_file>
      <input_file id="fl-18">
         <path>C:\ti\simplelink_msp432p4_sdk_3_40_01_02\source\ti\drivers\lib\</path>
         <kind>archive</kind>
         <file>drivers_msp432p401x.aem4f</file>
         <name>PowerMSP432.oem4f</name>
      </input_file>
      <input_file id="fl-19">
         <path>C:\ti\simplelink_msp432p4_sdk_3_40_01_02\source\ti\drivers\lib\</path>
         <kind>archive</kind>
         <file>drivers_msp432p401x.aem4f</file>
         <name>SPI.oem4f</name>
      </input_file>
      <input_file id="fl-1a">
         <path>C:\ti\simplelink_msp432p4_sdk_3_40_01_02\source\ti\drivers\lib\</path>
         <kind>archive</kind>
         <file>drivers_msp432p401x.aem4f</file>
         <name>SPIMSP432DMA.oem4f</name>
      </input_file>
      <input_file id="fl-1b">
         <path>C:\ti\simplelink_msp432p4_sdk_3_40_01_02\source\ti\drivers\lib\</path>
         <kind>archive</kind>
         <file>drivers_msp432p401x.aem4f</file>
         <name>UART.oem4f</name>
      </input_file>
      <input_file id="fl-1c">
         <path>C:\ti\simplelink_msp432p4_sdk_3_40_01_02\source\ti\drivers\lib\</path>
         <kind>archive</kind>
         <file>drivers_msp432p401x.aem4f</file>
         <name>UARTMSP432.oem4f</name>
      </input_file>
      <input_file id="fl-1d">
         <path>C:\ti\simplelink_msp432p4_sdk_3_40_01_02\source\ti\drivers\lib\</path>
         <kind>archive</kind>
         <file>drivers_msp432p401x.aem4f</file>
         <name>List.oem4f</name>
      </input_file>
      <input_file id="fl-1e">
         <path>C:\ti\simplelink_msp432p4_sdk_3_40_01_02\source\ti\drivers\lib\</path>
         <kind>archive</kind>
         <file>drivers_msp432p401x.aem4f</file>
         <name>RingBuf.oem4f</name>
      </input_file>
      <input_file id="fl-1f">
         <path>C:\ti\simplelink_msp432p4_sdk_3_40_01_02\source\ti\drivers\lib\</path>
         <kind>archive</kind>
         <file>drivers_msp432p401x.aem4f</file>
         <name>UDMAMSP432.oem4f</name>
      </input_file>
      <input_file id="fl-20">
         <path>C:\ti\simplelink_msp432p4_sdk_3_40_01_02\kernel\nortos\lib\</path>
         <kind>archive</kind>
         <file>nortos_msp432p401x.aem4f</file>
         <name>posix_sleep.oem4f</name>
      </input_file>
      <input_file id="fl-21">
         <path>C:\ti\simplelink_msp432p4_sdk_3_40_01_02\kernel\nortos\lib\</path>
         <kind>archive</kind>
         <file>nortos_msp432p401x.aem4f</file>
         <name>NoRTOS.oem4f</name>
      </input_file>
      <input_file id="fl-22">
         <path>C:\ti\simplelink_msp432p4_sdk_3_40_01_02\kernel\nortos\lib\</path>
         <kind>archive</kind>
         <file>nortos_msp432p401x.aem4f</file>
         <name>SemaphoreP_nortos.oem4f</name>
      </input_file>
      <input_file id="fl-23">
         <path>C:\ti\simplelink_msp432p4_sdk_3_40_01_02\kernel\nortos\lib\</path>
         <kind>archive</kind>
         <file>nortos_msp432p401x.aem4f</file>
         <name>SystemP_nortos.oem4f</name>
      </input_file>
      <input_file id="fl-24">
         <path>C:\ti\simplelink_msp432p4_sdk_3_40_01_02\kernel\nortos\lib\</path>
         <kind>archive</kind>
         <file>nortos_msp432p401x.aem4f</file>
         <name>PowerMSP432_nortos.oem4f</name>
      </input_file>
      <input_file id="fl-25">
         <path>C:\ti\simplelink_msp432p4_sdk_3_40_01_02\kernel\nortos\lib\</path>
         <kind>archive</kind>
         <file>nortos_msp432p401x.aem4f</file>
         <name>ClockPTimer_nortos.oem4f</name>
      </input_file>
      <input_file id="fl-26">
         <path>C:\ti\simplelink_msp432p4_sdk_3_40_01_02\kernel\nortos\lib\</path>
         <kind>archive</kind>
         <file>nortos_msp432p401x.aem4f</file>
         <name>TimerPMSP432_nortos.oem4f</name>
      </input_file>
      <input_file id="fl-27">
         <path>C:\ti\simplelink_msp432p4_sdk_3_40_01_02\kernel\nortos\lib\</path>
         <kind>archive</kind>
         <file>nortos_msp432p401x.aem4f</file>
         <name>HwiPMSP432_nortos.oem4f</name>
      </input_file>
      <input_file id="fl-28">
         <path>C:\ti\simplelink_msp432p4_sdk_3_40_01_02\kernel\nortos\lib\</path>
         <kind>archive</kind>
         <file>nortos_msp432p401x.aem4f</file>
         <name>startup_msp432_ccs.oem4f</name>
      </input_file>
      <input_file id="fl-29">
         <path>C:\ti\simplelink_msp432p4_sdk_3_40_01_02\kernel\nortos\lib\</path>
         <kind>archive</kind>
         <file>nortos_msp432p401x.aem4f</file>
         <name>QueueP_nortos.oem4f</name>
      </input_file>
      <input_file id="fl-2a">
         <path>C:\ti\simplelink_msp432p4_sdk_3_40_01_02\kernel\nortos\lib\</path>
         <kind>archive</kind>
         <file>nortos_msp432p401x.aem4f</file>
         <name>SwiP_nortos.oem4f</name>
      </input_file>
      <input_file id="fl-2b">
         <path>C:\ti\simplelink_msp432p4_sdk_3_40_01_02\source\ti\devices\msp432p4xx\driverlib\ccs\</path>
         <kind>archive</kind>
         <file>msp432p4xx_driverlib.lib</file>
         <name>cs.o</name>
      </input_file>
      <input_file id="fl-2c">
         <path>C:\ti\simplelink_msp432p4_sdk_3_40_01_02\source\ti\devices\msp432p4xx\driverlib\ccs\</path>
         <kind>archive</kind>
         <file>msp432p4xx_driverlib.lib</file>
         <name>dma.o</name>
      </input_file>
      <input_file id="fl-2d">
         <path>C:\ti\simplelink_msp432p4_sdk_3_40_01_02\source\ti\devices\msp432p4xx\driverlib\ccs\</path>
         <kind>archive</kind>
         <file>msp432p4xx_driverlib.lib</file>
         <name>i2c.o</name>
      </input_file>
      <input_file id="fl-2e">
         <path>C:\ti\simplelink_msp432p4_sdk_3_40_01_02\source\ti\devices\msp432p4xx\driverlib\ccs\</path>
         <kind>archive</kind>
         <file>msp432p4xx_driverlib.lib</file>
         <name>interrupt.o</name>
      </input_file>
      <input_file id="fl-2f">
         <path>C:\ti\simplelink_msp432p4_sdk_3_40_01_02\source\ti\devices\msp432p4xx\driverlib\ccs\</path>
         <kind>archive</kind>
         <file>msp432p4xx_driverlib.lib</file>
         <name>spi.o</name>
      </input_file>
      <input_file id="fl-30">
         <path>C:\ti\simplelink_msp432p4_sdk_3_40_01_02\source\ti\devices\msp432p4xx\driverlib\ccs\</path>
         <kind>archive</kind>
         <file>msp432p4xx_driverlib.lib</file>
         <name>sysctl.o</name>
      </input_file>
      <input_file id="fl-31">
         <path>C:\ti\simplelink_msp432p4_sdk_3_40_01_02\source\ti\devices\msp432p4xx\driverlib\ccs\</path>
         <kind>archive</kind>
         <file>msp432p4xx_driverlib.lib</file>
         <name>sysctl_a.o</name>
      </input_file>
      <input_file id="fl-32">
         <path>C:\ti\simplelink_msp432p4_sdk_3_40_01_02\source\ti\devices\msp432p4xx\driverlib\ccs\</path>
         <kind>archive</kind>
         <file>msp432p4xx_driverlib.lib</file>
         <name>uart.o</name>
      </input_file>
      <input_file id="fl-33">
         <path>C:\ti\simplelink_msp432p4_sdk_3_40_01_02\source\ti\devices\msp432p4xx\driverlib\ccs\</path>
         <kind>archive</kind>
         <file>msp432p4xx_driverlib.lib</file>
         <name>cpu.o</name>
      </input_file>
      <input_file id="fl-e9">
         <path>C:\ti\ccs1040\ccs\tools\compiler\ti-cgt-arm_20.2.5.LTS\lib\</path>
         <kind>archive</kind>
         <file>rtsv7M4_T_le_v4SPD16_eabi.lib</file>
         <name>printf.c.obj</name>
      </input_file>
      <input_file id="fl-ea">
         <path>C:\ti\ccs1040\ccs\tools\compiler\ti-cgt-arm_20.2.5.LTS\lib\</path>
         <kind>archive</kind>
         <file>rtsv7M4_T_le_v4SPD16_eabi.lib</file>
         <name>_printfi.c.obj</name>
      </input_file>
      <input_file id="fl-eb">
         <path>C:\ti\ccs1040\ccs\tools\compiler\ti-cgt-arm_20.2.5.LTS\lib\</path>
         <kind>archive</kind>
         <file>rtsv7M4_T_le_v4SPD16_eabi.lib</file>
         <name>fputc.c.obj</name>
      </input_file>
      <input_file id="fl-ec">
         <path>C:\ti\ccs1040\ccs\tools\compiler\ti-cgt-arm_20.2.5.LTS\lib\</path>
         <kind>archive</kind>
         <file>rtsv7M4_T_le_v4SPD16_eabi.lib</file>
         <name>fputs.c.obj</name>
      </input_file>
      <input_file id="fl-ed">
         <path>C:\ti\ccs1040\ccs\tools\compiler\ti-cgt-arm_20.2.5.LTS\lib\</path>
         <kind>archive</kind>
         <file>rtsv7M4_T_le_v4SPD16_eabi.lib</file>
         <name>_io_perm.c.obj</name>
      </input_file>
      <input_file id="fl-ee">
         <path>C:\ti\ccs1040\ccs\tools\compiler\ti-cgt-arm_20.2.5.LTS\lib\</path>
         <kind>archive</kind>
         <file>rtsv7M4_T_le_v4SPD16_eabi.lib</file>
         <name>setvbuf.c.obj</name>
      </input_file>
      <input_file id="fl-ef">
         <path>C:\ti\ccs1040\ccs\tools\compiler\ti-cgt-arm_20.2.5.LTS\lib\</path>
         <kind>archive</kind>
         <file>rtsv7M4_T_le_v4SPD16_eabi.lib</file>
         <name>e_asin.c.obj</name>
      </input_file>
      <input_file id="fl-f0">
         <path>C:\ti\ccs1040\ccs\tools\compiler\ti-cgt-arm_20.2.5.LTS\lib\</path>
         <kind>archive</kind>
         <file>rtsv7M4_T_le_v4SPD16_eabi.lib</file>
         <name>e_sqrt.c.obj</name>
      </input_file>
      <input_file id="fl-f1">
         <path>C:\ti\ccs1040\ccs\tools\compiler\ti-cgt-arm_20.2.5.LTS\lib\</path>
         <kind>archive</kind>
         <file>rtsv7M4_T_le_v4SPD16_eabi.lib</file>
         <name>s_frexp.c.obj</name>
      </input_file>
      <input_file id="fl-f2">
         <path>C:\ti\ccs1040\ccs\tools\compiler\ti-cgt-arm_20.2.5.LTS\lib\</path>
         <kind>archive</kind>
         <file>rtsv7M4_T_le_v4SPD16_eabi.lib</file>
         <name>s_scalbn.c.obj</name>
      </input_file>
      <input_file id="fl-f3">
         <path>C:\ti\ccs1040\ccs\tools\compiler\ti-cgt-arm_20.2.5.LTS\lib\</path>
         <kind>archive</kind>
         <file>rtsv7M4_T_le_v4SPD16_eabi.lib</file>
         <name>s_sin.c.obj</name>
      </input_file>
      <input_file id="fl-f4">
         <path>C:\ti\ccs1040\ccs\tools\compiler\ti-cgt-arm_20.2.5.LTS\lib\</path>
         <kind>archive</kind>
         <file>rtsv7M4_T_le_v4SPD16_eabi.lib</file>
         <name>wcslen.c.obj</name>
      </input_file>
      <input_file id="fl-f5">
         <path>C:\ti\ccs1040\ccs\tools\compiler\ti-cgt-arm_20.2.5.LTS\lib\</path>
         <kind>archive</kind>
         <file>rtsv7M4_T_le_v4SPD16_eabi.lib</file>
         <name>fd_add_t2.asm.obj</name>
      </input_file>
      <input_file id="fl-f6">
         <path>C:\ti\ccs1040\ccs\tools\compiler\ti-cgt-arm_20.2.5.LTS\lib\</path>
         <kind>archive</kind>
         <file>rtsv7M4_T_le_v4SPD16_eabi.lib</file>
         <name>fd_cmp_t2.asm.obj</name>
      </input_file>
      <input_file id="fl-f7">
         <path>C:\ti\ccs1040\ccs\tools\compiler\ti-cgt-arm_20.2.5.LTS\lib\</path>
         <kind>archive</kind>
         <file>rtsv7M4_T_le_v4SPD16_eabi.lib</file>
         <name>fd_div_t2.asm.obj</name>
      </input_file>
      <input_file id="fl-f8">
         <path>C:\ti\ccs1040\ccs\tools\compiler\ti-cgt-arm_20.2.5.LTS\lib\</path>
         <kind>archive</kind>
         <file>rtsv7M4_T_le_v4SPD16_eabi.lib</file>
         <name>fd_mul_t2.asm.obj</name>
      </input_file>
      <input_file id="fl-f9">
         <path>C:\ti\ccs1040\ccs\tools\compiler\ti-cgt-arm_20.2.5.LTS\lib\</path>
         <kind>archive</kind>
         <file>rtsv7M4_T_le_v4SPD16_eabi.lib</file>
         <name>fd_toi_t2.asm.obj</name>
      </input_file>
      <input_file id="fl-fa">
         <path>C:\ti\ccs1040\ccs\tools\compiler\ti-cgt-arm_20.2.5.LTS\lib\</path>
         <kind>archive</kind>
         <file>rtsv7M4_T_le_v4SPD16_eabi.lib</file>
         <name>fd_tos_t2.asm.obj</name>
      </input_file>
      <input_file id="fl-fb">
         <path>C:\ti\ccs1040\ccs\tools\compiler\ti-cgt-arm_20.2.5.LTS\lib\</path>
         <kind>archive</kind>
         <file>rtsv7M4_T_le_v4SPD16_eabi.lib</file>
         <name>fd_tou_t2.asm.obj</name>
      </input_file>
      <input_file id="fl-fc">
         <path>C:\ti\ccs1040\ccs\tools\compiler\ti-cgt-arm_20.2.5.LTS\lib\</path>
         <kind>archive</kind>
         <file>rtsv7M4_T_le_v4SPD16_eabi.lib</file>
         <name>fs_tod_t2.asm.obj</name>
      </input_file>
      <input_file id="fl-fd">
         <path>C:\ti\ccs1040\ccs\tools\compiler\ti-cgt-arm_20.2.5.LTS\lib\</path>
         <kind>archive</kind>
         <file>rtsv7M4_T_le_v4SPD16_eabi.lib</file>
         <name>i_tofd_t2.asm.obj</name>
      </input_file>
      <input_file id="fl-fe">
         <path>C:\ti\ccs1040\ccs\tools\compiler\ti-cgt-arm_20.2.5.LTS\lib\</path>
         <kind>archive</kind>
         <file>rtsv7M4_T_le_v4SPD16_eabi.lib</file>
         <name>memcpy_t2.asm.obj</name>
      </input_file>
      <input_file id="fl-ff">
         <path>C:\ti\ccs1040\ccs\tools\compiler\ti-cgt-arm_20.2.5.LTS\lib\</path>
         <kind>archive</kind>
         <file>rtsv7M4_T_le_v4SPD16_eabi.lib</file>
         <name>u_divt2.asm.obj</name>
      </input_file>
      <input_file id="fl-100">
         <path>C:\ti\ccs1040\ccs\tools\compiler\ti-cgt-arm_20.2.5.LTS\lib\</path>
         <kind>archive</kind>
         <file>rtsv7M4_T_le_v4SPD16_eabi.lib</file>
         <name>ull_div_t2.asm.obj</name>
      </input_file>
      <input_file id="fl-101">
         <path>C:\ti\ccs1040\ccs\tools\compiler\ti-cgt-arm_20.2.5.LTS\lib\</path>
         <kind>archive</kind>
         <file>rtsv7M4_T_le_v4SPD16_eabi.lib</file>
         <name>memset_t2.asm.obj</name>
      </input_file>
      <input_file id="fl-102">
         <path>C:\ti\ccs1040\ccs\tools\compiler\ti-cgt-arm_20.2.5.LTS\lib\</path>
         <kind>archive</kind>
         <file>rtsv7M4_T_le_v4SPD16_eabi.lib</file>
         <name>copy_zero_init.c.obj</name>
      </input_file>
      <input_file id="fl-103">
         <path>C:\ti\ccs1040\ccs\tools\compiler\ti-cgt-arm_20.2.5.LTS\lib\</path>
         <kind>archive</kind>
         <file>rtsv7M4_T_le_v4SPD16_eabi.lib</file>
         <name>copy_decompress_none.c.obj</name>
      </input_file>
      <input_file id="fl-104">
         <path>C:\ti\ccs1040\ccs\tools\compiler\ti-cgt-arm_20.2.5.LTS\lib\</path>
         <kind>archive</kind>
         <file>rtsv7M4_T_le_v4SPD16_eabi.lib</file>
         <name>copy_decompress_lzss.c.obj</name>
      </input_file>
      <input_file id="fl-105">
         <path>C:\ti\ccs1040\ccs\tools\compiler\ti-cgt-arm_20.2.5.LTS\lib\</path>
         <kind>archive</kind>
         <file>rtsv7M4_T_le_v4SPD16_eabi.lib</file>
         <name>exit.c.obj</name>
      </input_file>
      <input_file id="fl-106">
         <path>C:\ti\ccs1040\ccs\tools\compiler\ti-cgt-arm_20.2.5.LTS\lib\</path>
         <kind>archive</kind>
         <file>rtsv7M4_T_le_v4SPD16_eabi.lib</file>
         <name>_lock.c.obj</name>
      </input_file>
      <input_file id="fl-107">
         <path>C:\ti\ccs1040\ccs\tools\compiler\ti-cgt-arm_20.2.5.LTS\lib\</path>
         <kind>archive</kind>
         <file>rtsv7M4_T_le_v4SPD16_eabi.lib</file>
         <name>_ltoa.c.obj</name>
      </input_file>
      <input_file id="fl-108">
         <path>C:\ti\ccs1040\ccs\tools\compiler\ti-cgt-arm_20.2.5.LTS\lib\</path>
         <kind>archive</kind>
         <file>rtsv7M4_T_le_v4SPD16_eabi.lib</file>
         <name>atoi.c.obj</name>
      </input_file>
      <input_file id="fl-109">
         <path>C:\ti\ccs1040\ccs\tools\compiler\ti-cgt-arm_20.2.5.LTS\lib\</path>
         <kind>archive</kind>
         <file>rtsv7M4_T_le_v4SPD16_eabi.lib</file>
         <name>ctype.c.obj</name>
      </input_file>
      <input_file id="fl-10a">
         <path>C:\ti\ccs1040\ccs\tools\compiler\ti-cgt-arm_20.2.5.LTS\lib\</path>
         <kind>archive</kind>
         <file>rtsv7M4_T_le_v4SPD16_eabi.lib</file>
         <name>defs.c.obj</name>
      </input_file>
      <input_file id="fl-10b">
         <path>C:\ti\ccs1040\ccs\tools\compiler\ti-cgt-arm_20.2.5.LTS\lib\</path>
         <kind>archive</kind>
         <file>rtsv7M4_T_le_v4SPD16_eabi.lib</file>
         <name>memccpy.c.obj</name>
      </input_file>
      <input_file id="fl-10c">
         <path>C:\ti\ccs1040\ccs\tools\compiler\ti-cgt-arm_20.2.5.LTS\lib\</path>
         <kind>archive</kind>
         <file>rtsv7M4_T_le_v4SPD16_eabi.lib</file>
         <name>memchr.c.obj</name>
      </input_file>
      <input_file id="fl-10d">
         <path>C:\ti\ccs1040\ccs\tools\compiler\ti-cgt-arm_20.2.5.LTS\lib\</path>
         <kind>archive</kind>
         <file>rtsv7M4_T_le_v4SPD16_eabi.lib</file>
         <name>memory.c.obj</name>
      </input_file>
      <input_file id="fl-10e">
         <path>C:\ti\ccs1040\ccs\tools\compiler\ti-cgt-arm_20.2.5.LTS\lib\</path>
         <kind>archive</kind>
         <file>rtsv7M4_T_le_v4SPD16_eabi.lib</file>
         <name>strchr.c.obj</name>
      </input_file>
      <input_file id="fl-10f">
         <path>C:\ti\ccs1040\ccs\tools\compiler\ti-cgt-arm_20.2.5.LTS\lib\</path>
         <kind>archive</kind>
         <file>rtsv7M4_T_le_v4SPD16_eabi.lib</file>
         <name>strlen.c.obj</name>
      </input_file>
      <input_file id="fl-110">
         <path>C:\ti\ccs1040\ccs\tools\compiler\ti-cgt-arm_20.2.5.LTS\lib\</path>
         <kind>archive</kind>
         <file>rtsv7M4_T_le_v4SPD16_eabi.lib</file>
         <name>k_rem_pio2.c.obj</name>
      </input_file>
      <input_file id="fl-111">
         <path>C:\ti\ccs1040\ccs\tools\compiler\ti-cgt-arm_20.2.5.LTS\lib\</path>
         <kind>archive</kind>
         <file>rtsv7M4_T_le_v4SPD16_eabi.lib</file>
         <name>errno.c.obj</name>
      </input_file>
      <input_file id="fl-112">
         <path>C:\ti\ccs1040\ccs\tools\compiler\ti-cgt-arm_20.2.5.LTS\lib\</path>
         <kind>archive</kind>
         <file>rtsv7M4_T_le_v4SPD16_eabi.lib</file>
         <name>boot_cortex_m.c.obj</name>
      </input_file>
      <input_file id="fl-113">
         <path>C:\ti\ccs1040\ccs\tools\compiler\ti-cgt-arm_20.2.5.LTS\lib\</path>
         <kind>archive</kind>
         <file>rtsv7M4_T_le_v4SPD16_eabi.lib</file>
         <name>write.c.obj</name>
      </input_file>
      <input_file id="fl-114">
         <path>C:\ti\ccs1040\ccs\tools\compiler\ti-cgt-arm_20.2.5.LTS\lib\</path>
         <kind>archive</kind>
         <file>rtsv7M4_T_le_v4SPD16_eabi.lib</file>
         <name>host_device.c.obj</name>
      </input_file>
      <input_file id="fl-115">
         <path>C:\ti\ccs1040\ccs\tools\compiler\ti-cgt-arm_20.2.5.LTS\lib\</path>
         <kind>archive</kind>
         <file>rtsv7M4_T_le_v4SPD16_eabi.lib</file>
         <name>fflush.c.obj</name>
      </input_file>
      <input_file id="fl-116">
         <path>C:\ti\ccs1040\ccs\tools\compiler\ti-cgt-arm_20.2.5.LTS\lib\</path>
         <kind>archive</kind>
         <file>rtsv7M4_T_le_v4SPD16_eabi.lib</file>
         <name>fopen.c.obj</name>
      </input_file>
      <input_file id="fl-117">
         <path>C:\ti\ccs1040\ccs\tools\compiler\ti-cgt-arm_20.2.5.LTS\lib\</path>
         <kind>archive</kind>
         <file>rtsv7M4_T_le_v4SPD16_eabi.lib</file>
         <name>fseek.c.obj</name>
      </input_file>
      <input_file id="fl-118">
         <path>C:\ti\ccs1040\ccs\tools\compiler\ti-cgt-arm_20.2.5.LTS\lib\</path>
         <kind>archive</kind>
         <file>rtsv7M4_T_le_v4SPD16_eabi.lib</file>
         <name>s_copysign.c.obj</name>
      </input_file>
      <input_file id="fl-119">
         <path>C:\ti\ccs1040\ccs\tools\compiler\ti-cgt-arm_20.2.5.LTS\lib\</path>
         <kind>archive</kind>
         <file>rtsv7M4_T_le_v4SPD16_eabi.lib</file>
         <name>k_cos.c.obj</name>
      </input_file>
      <input_file id="fl-11a">
         <path>C:\ti\ccs1040\ccs\tools\compiler\ti-cgt-arm_20.2.5.LTS\lib\</path>
         <kind>archive</kind>
         <file>rtsv7M4_T_le_v4SPD16_eabi.lib</file>
         <name>k_sin.c.obj</name>
      </input_file>
      <input_file id="fl-11b">
         <path>C:\ti\ccs1040\ccs\tools\compiler\ti-cgt-arm_20.2.5.LTS\lib\</path>
         <kind>archive</kind>
         <file>rtsv7M4_T_le_v4SPD16_eabi.lib</file>
         <name>s_floor.c.obj</name>
      </input_file>
      <input_file id="fl-11c">
         <path>C:\ti\ccs1040\ccs\tools\compiler\ti-cgt-arm_20.2.5.LTS\lib\</path>
         <kind>archive</kind>
         <file>rtsv7M4_T_le_v4SPD16_eabi.lib</file>
         <name>div0.asm.obj</name>
      </input_file>
      <input_file id="fl-11d">
         <path>C:\ti\ccs1040\ccs\tools\compiler\ti-cgt-arm_20.2.5.LTS\lib\</path>
         <kind>archive</kind>
         <file>rtsv7M4_T_le_v4SPD16_eabi.lib</file>
         <name>autoinit.c.obj</name>
      </input_file>
      <input_file id="fl-11e">
         <path>C:\ti\ccs1040\ccs\tools\compiler\ti-cgt-arm_20.2.5.LTS\lib\</path>
         <kind>archive</kind>
         <file>rtsv7M4_T_le_v4SPD16_eabi.lib</file>
         <name>pre_init.c.obj</name>
      </input_file>
      <input_file id="fl-11f">
         <path>C:\ti\ccs1040\ccs\tools\compiler\ti-cgt-arm_20.2.5.LTS\lib\</path>
         <kind>archive</kind>
         <file>rtsv7M4_T_le_v4SPD16_eabi.lib</file>
         <name>cpy_tbl.c.obj</name>
      </input_file>
      <input_file id="fl-120">
         <path>C:\ti\ccs1040\ccs\tools\compiler\ti-cgt-arm_20.2.5.LTS\lib\</path>
         <kind>archive</kind>
         <file>rtsv7M4_T_le_v4SPD16_eabi.lib</file>
         <name>args_main.c.obj</name>
      </input_file>
      <input_file id="fl-121">
         <path>C:\ti\ccs1040\ccs\tools\compiler\ti-cgt-arm_20.2.5.LTS\lib\</path>
         <kind>archive</kind>
         <file>rtsv7M4_T_le_v4SPD16_eabi.lib</file>
         <name>hostclose.c.obj</name>
      </input_file>
      <input_file id="fl-122">
         <path>C:\ti\ccs1040\ccs\tools\compiler\ti-cgt-arm_20.2.5.LTS\lib\</path>
         <kind>archive</kind>
         <file>rtsv7M4_T_le_v4SPD16_eabi.lib</file>
         <name>hostlseek.c.obj</name>
      </input_file>
      <input_file id="fl-123">
         <path>C:\ti\ccs1040\ccs\tools\compiler\ti-cgt-arm_20.2.5.LTS\lib\</path>
         <kind>archive</kind>
         <file>rtsv7M4_T_le_v4SPD16_eabi.lib</file>
         <name>hostopen.c.obj</name>
      </input_file>
      <input_file id="fl-124">
         <path>C:\ti\ccs1040\ccs\tools\compiler\ti-cgt-arm_20.2.5.LTS\lib\</path>
         <kind>archive</kind>
         <file>rtsv7M4_T_le_v4SPD16_eabi.lib</file>
         <name>hostread.c.obj</name>
      </input_file>
      <input_file id="fl-125">
         <path>C:\ti\ccs1040\ccs\tools\compiler\ti-cgt-arm_20.2.5.LTS\lib\</path>
         <kind>archive</kind>
         <file>rtsv7M4_T_le_v4SPD16_eabi.lib</file>
         <name>hostrename.c.obj</name>
      </input_file>
      <input_file id="fl-126">
         <path>C:\ti\ccs1040\ccs\tools\compiler\ti-cgt-arm_20.2.5.LTS\lib\</path>
         <kind>archive</kind>
         <file>rtsv7M4_T_le_v4SPD16_eabi.lib</file>
         <name>hostunlink.c.obj</name>
      </input_file>
      <input_file id="fl-127">
         <path>C:\ti\ccs1040\ccs\tools\compiler\ti-cgt-arm_20.2.5.LTS\lib\</path>
         <kind>archive</kind>
         <file>rtsv7M4_T_le_v4SPD16_eabi.lib</file>
         <name>hostwrite.c.obj</name>
      </input_file>
      <input_file id="fl-128">
         <path>C:\ti\ccs1040\ccs\tools\compiler\ti-cgt-arm_20.2.5.LTS\lib\</path>
         <kind>archive</kind>
         <file>rtsv7M4_T_le_v4SPD16_eabi.lib</file>
         <name>trgmsg.c.obj</name>
      </input_file>
      <input_file id="fl-129">
         <path>C:\ti\ccs1040\ccs\tools\compiler\ti-cgt-arm_20.2.5.LTS\lib\</path>
         <kind>archive</kind>
         <file>rtsv7M4_T_le_v4SPD16_eabi.lib</file>
         <name>open.c.obj</name>
      </input_file>
      <input_file id="fl-12a">
         <path>C:\ti\ccs1040\ccs\tools\compiler\ti-cgt-arm_20.2.5.LTS\lib\</path>
         <kind>archive</kind>
         <file>rtsv7M4_T_le_v4SPD16_eabi.lib</file>
         <name>lseek.c.obj</name>
      </input_file>
      <input_file id="fl-12b">
         <path>C:\ti\ccs1040\ccs\tools\compiler\ti-cgt-arm_20.2.5.LTS\lib\</path>
         <kind>archive</kind>
         <file>rtsv7M4_T_le_v4SPD16_eabi.lib</file>
         <name>fclose.c.obj</name>
      </input_file>
      <input_file id="fl-12c">
         <path>C:\ti\ccs1040\ccs\tools\compiler\ti-cgt-arm_20.2.5.LTS\lib\</path>
         <kind>archive</kind>
         <file>rtsv7M4_T_le_v4SPD16_eabi.lib</file>
         <name>getdevice.c.obj</name>
      </input_file>
      <input_file id="fl-12d">
         <path>C:\ti\ccs1040\ccs\tools\compiler\ti-cgt-arm_20.2.5.LTS\lib\</path>
         <kind>archive</kind>
         <file>rtsv7M4_T_le_v4SPD16_eabi.lib</file>
         <name>strcmp.c.obj</name>
      </input_file>
      <input_file id="fl-12e">
         <path>C:\ti\ccs1040\ccs\tools\compiler\ti-cgt-arm_20.2.5.LTS\lib\</path>
         <kind>archive</kind>
         <file>rtsv7M4_T_le_v4SPD16_eabi.lib</file>
         <name>strcpy.c.obj</name>
      </input_file>
      <input_file id="fl-12f">
         <path>C:\ti\ccs1040\ccs\tools\compiler\ti-cgt-arm_20.2.5.LTS\lib\</path>
         <kind>archive</kind>
         <file>rtsv7M4_T_le_v4SPD16_eabi.lib</file>
         <name>strncpy.c.obj</name>
      </input_file>
      <input_file id="fl-130">
         <path>C:\ti\ccs1040\ccs\tools\compiler\ti-cgt-arm_20.2.5.LTS\lib\</path>
         <kind>archive</kind>
         <file>rtsv7M4_T_le_v4SPD16_eabi.lib</file>
         <name>remove.c.obj</name>
      </input_file>
      <input_file id="fl-131">
         <path>C:\ti\ccs1040\ccs\tools\compiler\ti-cgt-arm_20.2.5.LTS\lib\</path>
         <kind>archive</kind>
         <file>rtsv7M4_T_le_v4SPD16_eabi.lib</file>
         <name>close.c.obj</name>
      </input_file>
      <input_file id="fl-132">
         <path>C:\ti\ccs1040\ccs\tools\compiler\ti-cgt-arm_20.2.5.LTS\lib\</path>
         <kind>archive</kind>
         <file>rtsv7M4_T_le_v4SPD16_eabi.lib</file>
         <name>unlink.c.obj</name>
      </input_file>
   </input_file_list>
   <object_component_list>
      <object_component id="oc-342">
         <name>.text:__TI_printfi</name>
         <load_address>0x144</load_address>
         <run_address>0x144</run_address>
         <size>0xa4e</size>
         <input_file_ref idref="fl-ea"/>
      </object_component>
      <object_component id="oc-193">
         <name>.text:Board_initHook</name>
         <load_address>0xb92</load_address>
         <run_address>0xb92</run_address>
         <size>0x2</size>
         <input_file_ref idref="fl-2"/>
      </object_component>
      <object_component id="oc-454">
         <name>.text:Power_sleep</name>
         <load_address>0xb94</load_address>
         <run_address>0xb94</run_address>
         <size>0x2f8</size>
         <input_file_ref idref="fl-18"/>
      </object_component>
      <object_component id="oc-1cc">
         <name>.text:initPerfControl</name>
         <load_address>0xe8c</load_address>
         <run_address>0xe8c</run_address>
         <size>0x288</size>
         <input_file_ref idref="fl-18"/>
      </object_component>
      <object_component id="oc-53f">
         <name>.text:_pconv_a</name>
         <load_address>0x1114</load_address>
         <run_address>0x1114</run_address>
         <size>0x270</size>
         <input_file_ref idref="fl-ea"/>
      </object_component>
      <object_component id="oc-663">
         <name>.text:I2CMSP432_open</name>
         <load_address>0x1384</load_address>
         <run_address>0x1384</run_address>
         <size>0x1f8</size>
         <input_file_ref idref="fl-17"/>
      </object_component>
      <object_component id="oc-52d">
         <name>.text:_pconv_g</name>
         <load_address>0x157c</load_address>
         <run_address>0x157c</run_address>
         <size>0x1d0</size>
         <input_file_ref idref="fl-ea"/>
      </object_component>
      <object_component id="oc-6a0">
         <name>.text</name>
         <load_address>0x174c</load_address>
         <run_address>0x174c</run_address>
         <size>0x1b6</size>
         <input_file_ref idref="fl-f5"/>
      </object_component>
      <object_component id="oc-7bb">
         <name>.text:I2CMSP432_hwiIntFxn</name>
         <load_address>0x1902</load_address>
         <run_address>0x1902</run_address>
         <size>0x184</size>
         <input_file_ref idref="fl-17"/>
      </object_component>
      <object_component id="oc-65d">
         <name>.text:I2CMSP432_init</name>
         <load_address>0x1a86</load_address>
         <run_address>0x1a86</run_address>
         <size>0x2</size>
         <input_file_ref idref="fl-17"/>
      </object_component>
      <object_component id="oc-31b">
         <name>.text:GPIO_setConfig</name>
         <load_address>0x1a88</load_address>
         <run_address>0x1a88</run_address>
         <size>0x170</size>
         <input_file_ref idref="fl-15"/>
      </object_component>
      <object_component id="oc-539">
         <name>.text:_pconv_e</name>
         <load_address>0x1bf8</load_address>
         <run_address>0x1bf8</run_address>
         <size>0x13c</size>
         <input_file_ref idref="fl-ea"/>
      </object_component>
      <object_component id="oc-686">
         <name>.text</name>
         <load_address>0x1d34</load_address>
         <run_address>0x1d34</run_address>
         <size>0x136</size>
         <input_file_ref idref="fl-f7"/>
      </object_component>
      <object_component id="oc-951">
         <name>.text:IntDefaultHandler</name>
         <load_address>0x1e6a</load_address>
         <run_address>0x1e6a</run_address>
         <size>0x2</size>
         <input_file_ref idref="fl-2e"/>
      </object_component>
      <object_component id="oc-6b2">
         <name>.text:fcvt</name>
         <load_address>0x1e6c</load_address>
         <run_address>0x1e6c</run_address>
         <size>0x124</size>
         <input_file_ref idref="fl-ea"/>
      </object_component>
      <object_component id="oc-7cc">
         <name>.text:primeTransfer</name>
         <load_address>0x1f90</load_address>
         <run_address>0x1f90</run_address>
         <size>0x11c</size>
         <input_file_ref idref="fl-17"/>
      </object_component>
      <object_component id="oc-567">
         <name>.text:fputs</name>
         <load_address>0x20ac</load_address>
         <run_address>0x20ac</run_address>
         <size>0x114</size>
         <input_file_ref idref="fl-ec"/>
      </object_component>
      <object_component id="oc-6c6">
         <name>.text:scalbn</name>
         <load_address>0x21c0</load_address>
         <run_address>0x21c0</run_address>
         <size>0x110</size>
         <input_file_ref idref="fl-f2"/>
      </object_component>
      <object_component id="oc-414">
         <name>.text:aligned_alloc</name>
         <load_address>0x22d0</load_address>
         <run_address>0x22d0</run_address>
         <size>0x100</size>
         <input_file_ref idref="fl-10d"/>
      </object_component>
      <object_component id="oc-681">
         <name>.text</name>
         <load_address>0x23d0</load_address>
         <run_address>0x23d0</run_address>
         <size>0xfc</size>
         <input_file_ref idref="fl-f8"/>
      </object_component>
      <object_component id="oc-669">
         <name>.text:I2CMSP432_transfer</name>
         <load_address>0x24cc</load_address>
         <run_address>0x24cc</run_address>
         <size>0xf0</size>
         <input_file_ref idref="fl-17"/>
      </object_component>
      <object_component id="oc-2b9">
         <name>.text:CS_startHFXTWithTimeout</name>
         <load_address>0x25bc</load_address>
         <run_address>0x25bc</run_address>
         <size>0xe4</size>
         <input_file_ref idref="fl-2b"/>
      </object_component>
      <object_component id="oc-2e3">
         <name>.text:free</name>
         <load_address>0x26a0</load_address>
         <run_address>0x26a0</run_address>
         <size>0xe4</size>
         <input_file_ref idref="fl-10d"/>
      </object_component>
      <object_component id="oc-2bf">
         <name>.text:CS_startLFXTWithTimeout</name>
         <load_address>0x2784</load_address>
         <run_address>0x2784</run_address>
         <size>0xe0</size>
         <input_file_ref idref="fl-2b"/>
      </object_component>
      <object_component id="oc-849">
         <name>.text:TimerP_construct</name>
         <load_address>0x2864</load_address>
         <run_address>0x2864</run_address>
         <size>0xe0</size>
         <input_file_ref idref="fl-26"/>
      </object_component>
      <object_component id="oc-3e3">
         <name>.text:_CSGetHFXTFrequency</name>
         <load_address>0x2944</load_address>
         <run_address>0x2944</run_address>
         <size>0xdc</size>
         <input_file_ref idref="fl-2b"/>
      </object_component>
      <object_component id="oc-815">
         <name>.text:setvbuf</name>
         <load_address>0x2a20</load_address>
         <run_address>0x2a20</run_address>
         <size>0xdc</size>
         <input_file_ref idref="fl-ee"/>
      </object_component>
      <object_component id="oc-83d">
         <name>.text:SwiP_construct</name>
         <load_address>0x2afc</load_address>
         <run_address>0x2afc</run_address>
         <size>0xd8</size>
         <input_file_ref idref="fl-2a"/>
      </object_component>
      <object_component id="oc-74a">
         <name>.text:ClockP_startup</name>
         <load_address>0x2bd4</load_address>
         <run_address>0x2bd4</run_address>
         <size>0xb4</size>
         <input_file_ref idref="fl-25"/>
      </object_component>
      <object_component id="oc-522">
         <name>.text:_ltostr</name>
         <load_address>0x2c88</load_address>
         <run_address>0x2c88</run_address>
         <size>0xb1</size>
         <input_file_ref idref="fl-ea"/>
      </object_component>
      <object_component id="oc-2ec">
         <name>.text:PowerMSP432_initPolicy</name>
         <load_address>0x2d3a</load_address>
         <run_address>0x2d3a</run_address>
         <size>0x2</size>
         <input_file_ref idref="fl-24"/>
      </object_component>
      <object_component id="oc-85e">
         <name>.text:ClockP_workFuncDynamic</name>
         <load_address>0x2d3c</load_address>
         <run_address>0x2d3c</run_address>
         <size>0xac</size>
         <input_file_ref idref="fl-25"/>
      </object_component>
      <object_component id="oc-1ed">
         <name>.text:GPIO_init</name>
         <load_address>0x2de8</load_address>
         <run_address>0x2de8</run_address>
         <size>0xac</size>
         <input_file_ref idref="fl-15"/>
      </object_component>
      <object_component id="oc-64b">
         <name>.text:I2CMSP432_cancel</name>
         <load_address>0x2e94</load_address>
         <run_address>0x2e94</run_address>
         <size>0xac</size>
         <input_file_ref idref="fl-17"/>
      </object_component>
      <object_component id="oc-20b">
         <name>.text:lcd_init</name>
         <load_address>0x2f40</load_address>
         <run_address>0x2f40</run_address>
         <size>0xa4</size>
         <input_file_ref idref="fl-4"/>
      </object_component>
      <object_component id="oc-315">
         <name>.text:SemaphoreP_pend</name>
         <load_address>0x2fe4</load_address>
         <run_address>0x2fe4</run_address>
         <size>0xa0</size>
         <input_file_ref idref="fl-22"/>
      </object_component>
      <object_component id="oc-18d">
         <name>.text:Power_init</name>
         <load_address>0x3084</load_address>
         <run_address>0x3084</run_address>
         <size>0x9c</size>
         <input_file_ref idref="fl-18"/>
      </object_component>
      <object_component id="oc-9a3">
         <name>.text:SwiP_dispatch</name>
         <load_address>0x3120</load_address>
         <run_address>0x3120</run_address>
         <size>0x9c</size>
         <input_file_ref idref="fl-2a"/>
      </object_component>
      <object_component id="oc-3a">
         <name>.text</name>
         <load_address>0x31bc</load_address>
         <run_address>0x31bc</run_address>
         <size>0x9c</size>
         <input_file_ref idref="fl-fe"/>
      </object_component>
      <object_component id="oc-67a">
         <name>.text</name>
         <load_address>0x3258</load_address>
         <run_address>0x3258</run_address>
         <size>0x96</size>
         <input_file_ref idref="fl-100"/>
      </object_component>
      <object_component id="oc-2c5">
         <name>.text:PowerMSP432_updateFreqs</name>
         <load_address>0x32ee</load_address>
         <run_address>0x32ee</run_address>
         <size>0x2</size>
         <input_file_ref idref="fl-24"/>
      </object_component>
      <object_component id="oc-56e">
         <name>.text:fputc</name>
         <load_address>0x32f0</load_address>
         <run_address>0x32f0</run_address>
         <size>0x8c</size>
         <input_file_ref idref="fl-eb"/>
      </object_component>
      <object_component id="oc-528">
         <name>.text:__aeabi_cdcmple</name>
         <load_address>0x337c</load_address>
         <run_address>0x337c</run_address>
         <size>0x86</size>
         <input_file_ref idref="fl-f6"/>
      </object_component>
      <object_component id="oc-68b">
         <name>.text:__aeabi_cdrcmple</name>
         <load_address>0x3402</load_address>
         <run_address>0x3402</run_address>
         <size>0x86</size>
         <input_file_ref idref="fl-f6"/>
      </object_component>
      <object_component id="oc-1a1">
         <name>.text:lcd_i2c_init</name>
         <load_address>0x3488</load_address>
         <run_address>0x3488</run_address>
         <size>0x84</size>
         <input_file_ref idref="fl-4"/>
      </object_component>
      <object_component id="oc-5e6">
         <name>.text:restartHFXT</name>
         <load_address>0x350c</load_address>
         <run_address>0x350c</run_address>
         <size>0x84</size>
         <input_file_ref idref="fl-18"/>
      </object_component>
      <object_component id="oc-4bb">
         <name>.text:ClockP_start</name>
         <load_address>0x3590</load_address>
         <run_address>0x3590</run_address>
         <size>0x80</size>
         <input_file_ref idref="fl-25"/>
      </object_component>
      <object_component id="oc-885">
         <name>.text:Interrupt_disableInterrupt</name>
         <load_address>0x3610</load_address>
         <run_address>0x3610</run_address>
         <size>0x80</size>
         <input_file_ref idref="fl-2e"/>
      </object_component>
      <object_component id="oc-427">
         <name>.text:Interrupt_enableInterrupt</name>
         <load_address>0x3690</load_address>
         <run_address>0x3690</run_address>
         <size>0x80</size>
         <input_file_ref idref="fl-2e"/>
      </object_component>
      <object_component id="oc-90">
         <name>.text</name>
         <load_address>0x3710</load_address>
         <run_address>0x3710</run_address>
         <size>0x7a</size>
         <input_file_ref idref="fl-101"/>
      </object_component>
      <object_component id="oc-26c">
         <name>.text:_nop</name>
         <load_address>0x378a</load_address>
         <run_address>0x378a</run_address>
         <size>0x2</size>
         <input_file_ref idref="fl-106"/>
      </object_component>
      <object_component id="oc-93b">
         <name>.text:ClockP_walkQueueDynamic</name>
         <load_address>0x378c</load_address>
         <run_address>0x378c</run_address>
         <size>0x78</size>
         <input_file_ref idref="fl-25"/>
      </object_component>
      <object_component id="oc-651">
         <name>.text:I2CMSP432_close</name>
         <load_address>0x3804</load_address>
         <run_address>0x3804</run_address>
         <size>0x76</size>
         <input_file_ref idref="fl-17"/>
      </object_component>
      <object_component id="oc-6c">
         <name>.text:busFaultISR</name>
         <load_address>0x387a</load_address>
         <run_address>0x387a</run_address>
         <size>0x2</size>
         <input_file_ref idref="fl-28"/>
      </object_component>
      <object_component id="oc-961">
         <name>.text:__TI_closefile</name>
         <load_address>0x387c</load_address>
         <run_address>0x387c</run_address>
         <size>0x74</size>
         <input_file_ref idref="fl-12b"/>
      </object_component>
      <object_component id="oc-2dd">
         <name>.text:HwiP_construct</name>
         <load_address>0x38f0</load_address>
         <run_address>0x38f0</run_address>
         <size>0x70</size>
         <input_file_ref idref="fl-27"/>
      </object_component>
      <object_component id="oc-5b2">
         <name>.text:split</name>
         <load_address>0x3960</load_address>
         <run_address>0x3960</run_address>
         <size>0x70</size>
         <input_file_ref idref="fl-10d"/>
      </object_component>
      <object_component id="oc-6ab">
         <name>.text:_mcpy</name>
         <load_address>0x39d0</load_address>
         <run_address>0x39d0</run_address>
         <size>0x6e</size>
         <input_file_ref idref="fl-ea"/>
      </object_component>
      <object_component id="oc-4d3">
         <name>.text:clkFxn</name>
         <load_address>0x3a3e</load_address>
         <run_address>0x3a3e</run_address>
         <size>0x2</size>
         <input_file_ref idref="fl-22"/>
      </object_component>
      <object_component id="oc-991">
         <name>.text:HOSTrename</name>
         <load_address>0x3a40</load_address>
         <run_address>0x3a40</run_address>
         <size>0x6c</size>
         <input_file_ref idref="fl-125"/>
      </object_component>
      <object_component id="oc-8ac">
         <name>.text:I2C_masterSendMultiByteFinish</name>
         <load_address>0x3aac</load_address>
         <run_address>0x3aac</run_address>
         <size>0x6c</size>
         <input_file_ref idref="fl-2d"/>
      </object_component>
      <object_component id="oc-621">
         <name>.text:TimerP_getCurrentTick</name>
         <load_address>0x3b18</load_address>
         <run_address>0x3b18</run_address>
         <size>0x6c</size>
         <input_file_ref idref="fl-26"/>
      </object_component>
      <object_component id="oc-4e5">
         <name>.text:GPIO_hwiIntFxn</name>
         <load_address>0x3b84</load_address>
         <run_address>0x3b84</run_address>
         <size>0x68</size>
         <input_file_ref idref="fl-15"/>
      </object_component>
      <object_component id="oc-985">
         <name>.text:HOSTlseek</name>
         <load_address>0x3bec</load_address>
         <run_address>0x3bec</run_address>
         <size>0x68</size>
         <input_file_ref idref="fl-122"/>
      </object_component>
      <object_component id="oc-739">
         <name>.text:Interrupt_pendInterrupt</name>
         <load_address>0x3c54</load_address>
         <run_address>0x3c54</run_address>
         <size>0x68</size>
         <input_file_ref idref="fl-2e"/>
      </object_component>
      <object_component id="oc-77e">
         <name>.text:PowerMSP432_getFreqs</name>
         <load_address>0x3cbc</load_address>
         <run_address>0x3cbc</run_address>
         <size>0x68</size>
         <input_file_ref idref="fl-18"/>
      </object_component>
      <object_component id="oc-942">
         <name>.text:SwiP_post</name>
         <load_address>0x3d24</load_address>
         <run_address>0x3d24</run_address>
         <size>0x68</size>
         <input_file_ref idref="fl-2a"/>
      </object_component>
      <object_component id="oc-12">
         <name>.text:decompress:lzss:__TI_decompress_lzss</name>
         <load_address>0x3d8c</load_address>
         <run_address>0x3d8c</run_address>
         <size>0x68</size>
         <input_file_ref idref="fl-104"/>
      </object_component>
      <object_component id="oc-784">
         <name>.text:initHw</name>
         <load_address>0x3df4</load_address>
         <run_address>0x3df4</run_address>
         <size>0x68</size>
         <input_file_ref idref="fl-17"/>
      </object_component>
      <object_component id="oc-1f9">
         <name>.text:printf</name>
         <load_address>0x3e5c</load_address>
         <run_address>0x3e5c</run_address>
         <size>0x68</size>
         <input_file_ref idref="fl-e9"/>
      </object_component>
      <object_component id="oc-6c0">
         <name>.text:frexp</name>
         <load_address>0x3ec4</load_address>
         <run_address>0x3ec4</run_address>
         <size>0x64</size>
         <input_file_ref idref="fl-f1"/>
      </object_component>
      <object_component id="oc-80f">
         <name>.text:fseek</name>
         <load_address>0x3f28</load_address>
         <run_address>0x3f28</run_address>
         <size>0x64</size>
         <input_file_ref idref="fl-117"/>
      </object_component>
      <object_component id="oc-6f4">
         <name>.text:__TI_wrt_ok</name>
         <load_address>0x3f8c</load_address>
         <run_address>0x3f8c</run_address>
         <size>0x62</size>
         <input_file_ref idref="fl-ed"/>
      </object_component>
      <object_component id="oc-66">
         <name>.text:defaultISR</name>
         <load_address>0x3fee</load_address>
         <run_address>0x3fee</run_address>
         <size>0x2</size>
         <input_file_ref idref="fl-28"/>
      </object_component>
      <object_component id="oc-321">
         <name>.text:GPIO_setCallback</name>
         <load_address>0x3ff0</load_address>
         <run_address>0x3ff0</run_address>
         <size>0x60</size>
         <input_file_ref idref="fl-15"/>
      </object_component>
      <object_component id="oc-96d">
         <name>.text:HOSTopen</name>
         <load_address>0x4050</load_address>
         <run_address>0x4050</run_address>
         <size>0x60</size>
         <input_file_ref idref="fl-123"/>
      </object_component>
      <object_component id="oc-41b">
         <name>.text:Interrupt_registerInterrupt</name>
         <load_address>0x40b0</load_address>
         <run_address>0x40b0</run_address>
         <size>0x5c</size>
         <input_file_ref idref="fl-2e"/>
      </object_component>
      <object_component id="oc-9cb">
         <name>.text:close</name>
         <load_address>0x410c</load_address>
         <run_address>0x410c</run_address>
         <size>0x5c</size>
         <input_file_ref idref="fl-131"/>
      </object_component>
      <object_component id="oc-979">
         <name>.text:HOSTread</name>
         <load_address>0x4168</load_address>
         <run_address>0x4168</run_address>
         <size>0x58</size>
         <input_file_ref idref="fl-124"/>
      </object_component>
      <object_component id="oc-97f">
         <name>.text:HOSTwrite</name>
         <load_address>0x41c0</load_address>
         <run_address>0x41c0</run_address>
         <size>0x58</size>
         <input_file_ref idref="fl-127"/>
      </object_component>
      <object_component id="oc-92d">
         <name>.text:TimerP_dynamicStub</name>
         <load_address>0x4218</load_address>
         <run_address>0x4218</run_address>
         <size>0x58</size>
         <input_file_ref idref="fl-26"/>
      </object_component>
      <object_component id="oc-533">
         <name>.text:_pconv_f</name>
         <load_address>0x4270</load_address>
         <run_address>0x4270</run_address>
         <size>0x56</size>
         <input_file_ref idref="fl-ea"/>
      </object_component>
      <object_component id="oc-8a6">
         <name>.text:completeTransfer</name>
         <load_address>0x42c6</load_address>
         <run_address>0x42c6</run_address>
         <size>0x56</size>
         <input_file_ref idref="fl-17"/>
      </object_component>
      <object_component id="oc-421">
         <name>.text:Interrupt_setPriority</name>
         <load_address>0x431c</load_address>
         <run_address>0x431c</run_address>
         <size>0x54</size>
         <input_file_ref idref="fl-2e"/>
      </object_component>
      <object_component id="oc-695">
         <name>.text:__TI_ltoa</name>
         <load_address>0x4370</load_address>
         <run_address>0x4370</run_address>
         <size>0x54</size>
         <input_file_ref idref="fl-107"/>
      </object_component>
      <object_component id="oc-6a5">
         <name>.text:_ecpy</name>
         <load_address>0x43c4</load_address>
         <run_address>0x43c4</run_address>
         <size>0x52</size>
         <input_file_ref idref="fl-ea"/>
      </object_component>
      <object_component id="oc-60">
         <name>.text:faultISR</name>
         <load_address>0x4416</load_address>
         <run_address>0x4416</run_address>
         <size>0x2</size>
         <input_file_ref idref="fl-28"/>
      </object_component>
      <object_component id="oc-608">
         <name>.text:SemaphoreP_construct</name>
         <load_address>0x4418</load_address>
         <run_address>0x4418</run_address>
         <size>0x50</size>
         <input_file_ref idref="fl-22"/>
      </object_component>
      <object_component id="oc-700">
         <name>.text:__TI_doflush</name>
         <load_address>0x4468</load_address>
         <run_address>0x4468</run_address>
         <size>0x4c</size>
         <input_file_ref idref="fl-115"/>
      </object_component>
      <object_component id="oc-51c">
         <name>.text:atoi</name>
         <load_address>0x44b4</load_address>
         <run_address>0x44b4</run_address>
         <size>0x4c</size>
         <input_file_ref idref="fl-108"/>
      </object_component>
      <object_component id="oc-2f2">
         <name>.text:PowerMSP432_sleepPolicy</name>
         <load_address>0x4500</load_address>
         <run_address>0x4500</run_address>
         <size>0x48</size>
         <input_file_ref idref="fl-24"/>
      </object_component>
      <object_component id="oc-772">
         <name>.text:Power_releaseConstraint</name>
         <load_address>0x4548</load_address>
         <run_address>0x4548</run_address>
         <size>0x48</size>
         <input_file_ref idref="fl-18"/>
      </object_component>
      <object_component id="oc-129">
         <name>.text:exit</name>
         <load_address>0x4590</load_address>
         <run_address>0x4590</run_address>
         <size>0x48</size>
         <input_file_ref idref="fl-105"/>
      </object_component>
      <object_component id="oc-36a">
         <name>.text:i2c_write</name>
         <load_address>0x45d8</load_address>
         <run_address>0x45d8</run_address>
         <size>0x48</size>
         <input_file_ref idref="fl-4"/>
      </object_component>
      <object_component id="oc-690">
         <name>.text</name>
         <load_address>0x4620</load_address>
         <run_address>0x4620</run_address>
         <size>0x48</size>
         <input_file_ref idref="fl-f9"/>
      </object_component>
      <object_component id="oc-973">
         <name>.text:HOSTclose</name>
         <load_address>0x4668</load_address>
         <run_address>0x4668</run_address>
         <size>0x44</size>
         <input_file_ref idref="fl-121"/>
      </object_component>
      <object_component id="oc-98b">
         <name>.text:HOSTunlink</name>
         <load_address>0x46ac</load_address>
         <run_address>0x46ac</run_address>
         <size>0x44</size>
         <input_file_ref idref="fl-126"/>
      </object_component>
      <object_component id="oc-1f3">
         <name>.text:I2C_init</name>
         <load_address>0x46f0</load_address>
         <run_address>0x46f0</run_address>
         <size>0x44</size>
         <input_file_ref idref="fl-16"/>
      </object_component>
      <object_component id="oc-327">
         <name>.text:SemaphoreP_post</name>
         <load_address>0x4734</load_address>
         <run_address>0x4734</run_address>
         <size>0x44</size>
         <input_file_ref idref="fl-22"/>
      </object_component>
      <object_component id="oc-45a">
         <name>.text:SwiP_restore</name>
         <load_address>0x4778</load_address>
         <run_address>0x4778</run_address>
         <size>0x44</size>
         <input_file_ref idref="fl-2a"/>
      </object_component>
      <object_component id="oc-921">
         <name>.text:TimerP_start</name>
         <load_address>0x47bc</load_address>
         <run_address>0x47bc</run_address>
         <size>0x44</size>
         <input_file_ref idref="fl-26"/>
      </object_component>
      <object_component id="oc-12f">
         <name>.text:__TI_auto_init_nobinit_nopinit:__TI_auto_init_nobinit_nopinit</name>
         <load_address>0x4800</load_address>
         <run_address>0x4800</run_address>
         <size>0x44</size>
         <input_file_ref idref="fl-11d"/>
      </object_component>
      <object_component id="oc-a15">
         <name>.text:getdevice</name>
         <load_address>0x4844</load_address>
         <run_address>0x4844</run_address>
         <size>0x44</size>
         <input_file_ref idref="fl-12c"/>
      </object_component>
      <object_component id="oc-7b5">
         <name>.text:perfChangeNotifyFxn</name>
         <load_address>0x4888</load_address>
         <run_address>0x4888</run_address>
         <size>0x44</size>
         <input_file_ref idref="fl-17"/>
      </object_component>
      <object_component id="oc-397">
         <name>.text:lcd_send</name>
         <load_address>0x48cc</load_address>
         <run_address>0x48cc</run_address>
         <size>0x42</size>
         <input_file_ref idref="fl-4"/>
      </object_component>
      <object_component id="oc-5a">
         <name>.text:nmiISR</name>
         <load_address>0x490e</load_address>
         <run_address>0x490e</run_address>
         <size>0x2</size>
         <input_file_ref idref="fl-28"/>
      </object_component>
      <object_component id="oc-205">
         <name>.text:I2C_open</name>
         <load_address>0x4910</load_address>
         <run_address>0x4910</run_address>
         <size>0x40</size>
         <input_file_ref idref="fl-16"/>
      </object_component>
      <object_component id="oc-769">
         <name>.text:TimerP_setNextTick</name>
         <load_address>0x4950</load_address>
         <run_address>0x4950</run_address>
         <size>0x40</size>
         <input_file_ref idref="fl-26"/>
      </object_component>
      <object_component id="oc-6b8">
         <name>.text:_fcpy</name>
         <load_address>0x4990</load_address>
         <run_address>0x4990</run_address>
         <size>0x3e</size>
         <input_file_ref idref="fl-ea"/>
      </object_component>
      <object_component id="oc-7da">
         <name>.text</name>
         <load_address>0x49ce</load_address>
         <run_address>0x49ce</run_address>
         <size>0x2</size>
         <input_file_ref idref="fl-11c"/>
      </object_component>
      <object_component id="oc-915">
         <name>.text:TimerP_initDevice</name>
         <load_address>0x49d0</load_address>
         <run_address>0x49d0</run_address>
         <size>0x3c</size>
         <input_file_ref idref="fl-26"/>
      </object_component>
      <object_component id="oc-79a">
         <name>.text:Power_setConstraint</name>
         <load_address>0x4a0c</load_address>
         <run_address>0x4a0c</run_address>
         <size>0x38</size>
         <input_file_ref idref="fl-18"/>
      </object_component>
      <object_component id="oc-9dc">
         <name>.text:__TI_writemsg</name>
         <load_address>0x4a44</load_address>
         <run_address>0x4a44</run_address>
         <size>0x38</size>
         <input_file_ref idref="fl-128"/>
      </object_component>
      <object_component id="oc-211">
         <name>.text:lcd_set_cursor</name>
         <load_address>0x4a7c</load_address>
         <run_address>0x4a7c</run_address>
         <size>0x38</size>
         <input_file_ref idref="fl-4"/>
      </object_component>
      <object_component id="oc-5da">
         <name>.text:notify</name>
         <load_address>0x4ab4</load_address>
         <run_address>0x4ab4</run_address>
         <size>0x38</size>
         <input_file_ref idref="fl-18"/>
      </object_component>
      <object_component id="oc-a3a">
         <name>.text:strncpy</name>
         <load_address>0x4aec</load_address>
         <run_address>0x4aec</run_address>
         <size>0x36</size>
         <input_file_ref idref="fl-12f"/>
      </object_component>
      <object_component id="oc-8ce">
         <name>.text:__TI_cleanup</name>
         <load_address>0x4b24</load_address>
         <run_address>0x4b24</run_address>
         <size>0x34</size>
         <input_file_ref idref="fl-116"/>
      </object_component>
      <object_component id="oc-9e2">
         <name>.text:__TI_readmsg</name>
         <load_address>0x4b58</load_address>
         <run_address>0x4b58</run_address>
         <size>0x34</size>
         <input_file_ref idref="fl-128"/>
      </object_component>
      <object_component id="oc-a8">
         <name>.text:_c_int00_noargs:_c_int00_noargs</name>
         <load_address>0x4b8c</load_address>
         <run_address>0x4b8c</run_address>
         <size>0x34</size>
         <input_file_ref idref="fl-112"/>
      </object_component>
      <object_component id="oc-364">
         <name>.text:delay_ms</name>
         <load_address>0x4bc0</load_address>
         <run_address>0x4bc0</run_address>
         <size>0x30</size>
         <input_file_ref idref="fl-4"/>
      </object_component>
      <object_component id="oc-a40">
         <name>.text:finddevice</name>
         <load_address>0x4bf0</load_address>
         <run_address>0x4bf0</run_address>
         <size>0x30</size>
         <input_file_ref idref="fl-12c"/>
      </object_component>
      <object_component id="oc-7a0">
         <name>.text:mapPin</name>
         <load_address>0x4c20</load_address>
         <run_address>0x4c20</run_address>
         <size>0x30</size>
         <input_file_ref idref="fl-17"/>
      </object_component>
      <object_component id="oc-69b">
         <name>.text</name>
         <load_address>0x4c50</load_address>
         <run_address>0x4c50</run_address>
         <size>0x2e</size>
         <input_file_ref idref="fl-fd"/>
      </object_component>
      <object_component id="oc-58b">
         <name>.text:pulse_enable</name>
         <load_address>0x4c7e</load_address>
         <run_address>0x4c7e</run_address>
         <size>0x2c</size>
         <input_file_ref idref="fl-4"/>
      </object_component>
      <object_component id="oc-9d1">
         <name>.text:unlink</name>
         <load_address>0x4cac</load_address>
         <run_address>0x4cac</run_address>
         <size>0x2c</size>
         <input_file_ref idref="fl-132"/>
      </object_component>
      <object_component id="oc-1d8">
         <name>.text:HwiP_create</name>
         <load_address>0x4cd8</load_address>
         <run_address>0x4cd8</run_address>
         <size>0x2a</size>
         <input_file_ref idref="fl-27"/>
      </object_component>
      <object_component id="oc-7ac">
         <name>.text:Power_registerNotify</name>
         <load_address>0x4d04</load_address>
         <run_address>0x4d04</run_address>
         <size>0x28</size>
         <input_file_ref idref="fl-18"/>
      </object_component>
      <object_component id="oc-2b3">
         <name>.text:disableFaultCounter</name>
         <load_address>0x4d2c</load_address>
         <run_address>0x4d2c</run_address>
         <size>0x28</size>
         <input_file_ref idref="fl-18"/>
      </object_component>
      <object_component id="oc-5e0">
         <name>.text:disableHFXT</name>
         <load_address>0x4d54</load_address>
         <run_address>0x4d54</run_address>
         <size>0x28</size>
         <input_file_ref idref="fl-18"/>
      </object_component>
      <object_component id="oc-440">
         <name>.text:free_list_insert</name>
         <load_address>0x4d7c</load_address>
         <run_address>0x4d7c</run_address>
         <size>0x28</size>
         <input_file_ref idref="fl-10d"/>
      </object_component>
      <object_component id="oc-8c6">
         <name>.text:lseek</name>
         <load_address>0x4da4</load_address>
         <run_address>0x4da4</run_address>
         <size>0x28</size>
         <input_file_ref idref="fl-12a"/>
      </object_component>
      <object_component id="oc-706">
         <name>.text:write</name>
         <load_address>0x4dcc</load_address>
         <run_address>0x4dcc</run_address>
         <size>0x28</size>
         <input_file_ref idref="fl-113"/>
      </object_component>
      <object_component id="oc-89c">
         <name>.text:List_put</name>
         <load_address>0x4df4</load_address>
         <run_address>0x4df4</run_address>
         <size>0x26</size>
         <input_file_ref idref="fl-1d"/>
      </object_component>
      <object_component id="oc-892">
         <name>.text:List_remove</name>
         <load_address>0x4e1a</load_address>
         <run_address>0x4e1a</run_address>
         <size>0x26</size>
         <input_file_ref idref="fl-1d"/>
      </object_component>
      <object_component id="oc-62d">
         <name>.text:ClockP_getTicks</name>
         <load_address>0x4e40</load_address>
         <run_address>0x4e40</run_address>
         <size>0x24</size>
         <input_file_ref idref="fl-25"/>
      </object_component>
      <object_component id="oc-627">
         <name>.text:ClockP_scheduleNextTick</name>
         <load_address>0x4e64</load_address>
         <run_address>0x4e64</run_address>
         <size>0x24</size>
         <input_file_ref idref="fl-25"/>
      </object_component>
      <object_component id="oc-42d">
         <name>.text:HwiP_dispatch</name>
         <load_address>0x4e88</load_address>
         <run_address>0x4e88</run_address>
         <size>0x24</size>
         <input_file_ref idref="fl-27"/>
      </object_component>
      <object_component id="oc-217">
         <name>.text:lcd_print</name>
         <load_address>0x4eac</load_address>
         <run_address>0x4eac</run_address>
         <size>0x22</size>
         <input_file_ref idref="fl-4"/>
      </object_component>
      <object_component id="oc-2ad">
         <name>.text:CS_setExternalClockSourceFrequency</name>
         <load_address>0x4ed0</load_address>
         <run_address>0x4ed0</run_address>
         <size>0x20</size>
         <input_file_ref idref="fl-2b"/>
      </object_component>
      <object_component id="oc-4b5">
         <name>.text:ClockP_add</name>
         <load_address>0x4ef0</load_address>
         <run_address>0x4ef0</run_address>
         <size>0x20</size>
         <input_file_ref idref="fl-25"/>
      </object_component>
      <object_component id="oc-791">
         <name>.text:Power_unregisterNotify</name>
         <load_address>0x4f10</load_address>
         <run_address>0x4f10</run_address>
         <size>0x20</size>
         <input_file_ref idref="fl-18"/>
      </object_component>
      <object_component id="oc-616">
         <name>.text:QueueP_put</name>
         <load_address>0x4f30</load_address>
         <run_address>0x4f30</run_address>
         <size>0x20</size>
         <input_file_ref idref="fl-29"/>
      </object_component>
      <object_component id="oc-37c">
         <name>.text:lcd_display</name>
         <load_address>0x4f50</load_address>
         <run_address>0x4f50</run_address>
         <size>0x20</size>
         <input_file_ref idref="fl-4"/>
      </object_component>
      <object_component id="oc-6fa">
         <name>.text:memchr</name>
         <load_address>0x4f70</load_address>
         <run_address>0x4f70</run_address>
         <size>0x20</size>
         <input_file_ref idref="fl-10c"/>
      </object_component>
      <object_component id="oc-88b">
         <name>.text:Interrupt_unregisterInterrupt</name>
         <load_address>0x4f90</load_address>
         <run_address>0x4f90</run_address>
         <size>0x1c</size>
         <input_file_ref idref="fl-2e"/>
      </object_component>
      <object_component id="oc-448">
         <name>.text:SwiP_disable</name>
         <load_address>0x4fac</load_address>
         <run_address>0x4fac</run_address>
         <size>0x1c</size>
         <input_file_ref idref="fl-2a"/>
      </object_component>
      <object_component id="oc-43a">
         <name>.text:free_list_remove</name>
         <load_address>0x4fc8</load_address>
         <run_address>0x4fc8</run_address>
         <size>0x1c</size>
         <input_file_ref idref="fl-10d"/>
      </object_component>
      <object_component id="oc-545">
         <name>.text:memccpy</name>
         <load_address>0x4fe4</load_address>
         <run_address>0x4fe4</run_address>
         <size>0x1c</size>
         <input_file_ref idref="fl-10b"/>
      </object_component>
      <object_component id="oc-a04">
         <name>.text:QueueP_get</name>
         <load_address>0x5000</load_address>
         <run_address>0x5000</run_address>
         <size>0x1a</size>
         <input_file_ref idref="fl-29"/>
      </object_component>
      <object_component id="oc-2fd">
         <name>.text:SemaphoreP_createBinary</name>
         <load_address>0x501a</load_address>
         <run_address>0x501a</run_address>
         <size>0x1a</size>
         <input_file_ref idref="fl-22"/>
      </object_component>
      <object_component id="oc-7f3">
         <name>.text:copysign</name>
         <load_address>0x5034</load_address>
         <run_address>0x5034</run_address>
         <size>0x1a</size>
         <input_file_ref idref="fl-118"/>
      </object_component>
      <object_component id="oc-4cd">
         <name>.text:ClockP_destruct</name>
         <load_address>0x504e</load_address>
         <run_address>0x504e</run_address>
         <size>0x18</size>
         <input_file_ref idref="fl-25"/>
      </object_component>
      <object_component id="oc-78b">
         <name>.text:HwiP_delete</name>
         <load_address>0x5066</load_address>
         <run_address>0x5066</run_address>
         <size>0x18</size>
         <input_file_ref idref="fl-27"/>
      </object_component>
      <object_component id="oc-4f0">
         <name>.text:HwiP_inISR</name>
         <load_address>0x5080</load_address>
         <run_address>0x5080</run_address>
         <size>0x18</size>
         <input_file_ref idref="fl-27"/>
      </object_component>
      <object_component id="oc-581">
         <name>.text:I2C_transfer</name>
         <load_address>0x5098</load_address>
         <run_address>0x5098</run_address>
         <size>0x18</size>
         <input_file_ref idref="fl-16"/>
      </object_component>
      <object_component id="oc-3dd">
         <name>.text:SysCtl_A_disableNMISource</name>
         <load_address>0x50b0</load_address>
         <run_address>0x50b0</run_address>
         <size>0x18</size>
         <input_file_ref idref="fl-31"/>
      </object_component>
      <object_component id="oc-3e9">
         <name>.text:SysCtl_A_enableNMISource</name>
         <load_address>0x50c8</load_address>
         <run_address>0x50c8</run_address>
         <size>0x18</size>
         <input_file_ref idref="fl-31"/>
      </object_component>
      <object_component id="oc-370">
         <name>.text:lcd_4bit_write</name>
         <load_address>0x50e0</load_address>
         <run_address>0x50e0</run_address>
         <size>0x18</size>
         <input_file_ref idref="fl-4"/>
      </object_component>
      <object_component id="oc-1f">
         <name>.text:resetISR</name>
         <load_address>0x50f8</load_address>
         <run_address>0x50f8</run_address>
         <size>0x18</size>
         <input_file_ref idref="fl-28"/>
      </object_component>
      <object_component id="oc-a57">
         <name>.text:strcmp</name>
         <load_address>0x5110</load_address>
         <run_address>0x5110</run_address>
         <size>0x18</size>
         <input_file_ref idref="fl-12d"/>
      </object_component>
      <object_component id="oc-4aa">
         <name>.text:SemaphoreP_create</name>
         <load_address>0x5128</load_address>
         <run_address>0x5128</run_address>
         <size>0x16</size>
         <input_file_ref idref="fl-22"/>
      </object_component>
      <object_component id="oc-9fe">
         <name>.text:maxbit</name>
         <load_address>0x513e</load_address>
         <run_address>0x513e</run_address>
         <size>0x16</size>
         <input_file_ref idref="fl-2a"/>
      </object_component>
      <object_component id="oc-6cc">
         <name>.text:strchr</name>
         <load_address>0x5154</load_address>
         <run_address>0x5154</run_address>
         <size>0x16</size>
         <input_file_ref idref="fl-10e"/>
      </object_component>
      <object_component id="oc-742">
         <name>.text:Power_idleFunc</name>
         <load_address>0x516c</load_address>
         <run_address>0x516c</run_address>
         <size>0x14</size>
         <input_file_ref idref="fl-18"/>
      </object_component>
      <object_component id="oc-90a">
         <name>.text:SwiP_handleHwi</name>
         <load_address>0x5180</load_address>
         <run_address>0x5180</run_address>
         <size>0x14</size>
         <input_file_ref idref="fl-2a"/>
      </object_component>
      <object_component id="oc-761">
         <name>.text:TimerP_getCount</name>
         <load_address>0x5194</load_address>
         <run_address>0x5194</run_address>
         <size>0x14</size>
         <input_file_ref idref="fl-26"/>
      </object_component>
      <object_component id="oc-9f6">
         <name>.text:strcpy</name>
         <load_address>0x51a8</load_address>
         <run_address>0x51a8</run_address>
         <size>0x14</size>
         <input_file_ref idref="fl-12e"/>
      </object_component>
      <object_component id="oc-516">
         <name>.text:strlen</name>
         <load_address>0x51bc</load_address>
         <run_address>0x51bc</run_address>
         <size>0x14</size>
         <input_file_ref idref="fl-10f"/>
      </object_component>
      <object_component id="oc-1d2">
         <name>.text:HwiP_Params_init</name>
         <load_address>0x51d0</load_address>
         <run_address>0x51d0</run_address>
         <size>0x12</size>
         <input_file_ref idref="fl-27"/>
      </object_component>
      <object_component id="oc-376">
         <name>.text:lcd_cmd</name>
         <load_address>0x51e2</load_address>
         <run_address>0x51e2</run_address>
         <size>0x12</size>
         <input_file_ref idref="fl-4"/>
      </object_component>
      <object_component id="oc-f6">
         <name>.text:main</name>
         <load_address>0x51f4</load_address>
         <run_address>0x51f4</run_address>
         <size>0x12</size>
         <input_file_ref idref="fl-5"/>
      </object_component>
      <object_component id="oc-54b">
         <name>.text:wcslen</name>
         <load_address>0x5206</load_address>
         <run_address>0x5206</run_address>
         <size>0x12</size>
         <input_file_ref idref="fl-f4"/>
      </object_component>
      <object_component id="oc-303">
         <name>.text:HwiP_disable</name>
         <load_address>0x5218</load_address>
         <run_address>0x5218</run_address>
         <size>0x10</size>
         <input_file_ref idref="fl-27"/>
      </object_component>
      <object_component id="oc-1ff">
         <name>.text:I2C_Params_init</name>
         <load_address>0x5228</load_address>
         <run_address>0x5228</run_address>
         <size>0x10</size>
         <input_file_ref idref="fl-16"/>
      </object_component>
      <object_component id="oc-52">
         <name>.text:Interrupt_disableMaster</name>
         <load_address>0x5238</load_address>
         <run_address>0x5238</run_address>
         <size>0x10</size>
         <input_file_ref idref="fl-2e"/>
      </object_component>
      <object_component id="oc-19a">
         <name>.text:Interrupt_enableMaster</name>
         <load_address>0x5248</load_address>
         <run_address>0x5248</run_address>
         <size>0x10</size>
         <input_file_ref idref="fl-2e"/>
      </object_component>
      <object_component id="oc-7a6">
         <name>.text:PowerMSP432_getNumPerfLevels</name>
         <load_address>0x5258</load_address>
         <run_address>0x5258</run_address>
         <size>0x10</size>
         <input_file_ref idref="fl-18"/>
      </object_component>
      <object_component id="oc-4f6">
         <name>.text:Power_disablePolicy</name>
         <load_address>0x5268</load_address>
         <run_address>0x5268</run_address>
         <size>0x10</size>
         <input_file_ref idref="fl-18"/>
      </object_component>
      <object_component id="oc-4c1">
         <name>.text:Power_enablePolicy</name>
         <load_address>0x5278</load_address>
         <run_address>0x5278</run_address>
         <size>0x10</size>
         <input_file_ref idref="fl-18"/>
      </object_component>
      <object_component id="oc-4a4">
         <name>.text:SemaphoreP_Params_init</name>
         <load_address>0x5288</load_address>
         <run_address>0x5288</run_address>
         <size>0x10</size>
         <input_file_ref idref="fl-22"/>
      </object_component>
      <object_component id="oc-837">
         <name>.text:SwiP_Params_init</name>
         <load_address>0x5298</load_address>
         <run_address>0x5298</run_address>
         <size>0x10</size>
         <input_file_ref idref="fl-2a"/>
      </object_component>
      <object_component id="oc-3d7">
         <name>.text:SysCtl_A_getNMISourceStatus</name>
         <load_address>0x52a8</load_address>
         <run_address>0x52a8</run_address>
         <size>0x10</size>
         <input_file_ref idref="fl-31"/>
      </object_component>
      <object_component id="oc-732">
         <name>.text:SysCtl_getNMISourceStatus</name>
         <load_address>0x52b8</load_address>
         <run_address>0x52b8</run_address>
         <size>0x10</size>
         <input_file_ref idref="fl-30"/>
      </object_component>
      <object_component id="oc-843">
         <name>.text:TimerP_Params_init</name>
         <load_address>0x52c8</load_address>
         <run_address>0x52c8</run_address>
         <size>0x10</size>
         <input_file_ref idref="fl-26"/>
      </object_component>
      <object_component id="oc-382">
         <name>.text:lcd_clear</name>
         <load_address>0x52d8</load_address>
         <run_address>0x52d8</run_address>
         <size>0x10</size>
         <input_file_ref idref="fl-4"/>
      </object_component>
      <object_component id="oc-388">
         <name>.text:lcd_home</name>
         <load_address>0x52e8</load_address>
         <run_address>0x52e8</run_address>
         <size>0x10</size>
         <input_file_ref idref="fl-4"/>
      </object_component>
      <object_component id="oc-a0a">
         <name>.text:QueueP_empty</name>
         <load_address>0x52f8</load_address>
         <run_address>0x52f8</run_address>
         <size>0xe</size>
         <input_file_ref idref="fl-29"/>
      </object_component>
      <object_component id="oc-636">
         <name>.text:QueueP_remove</name>
         <load_address>0x5306</load_address>
         <run_address>0x5306</run_address>
         <size>0xe</size>
         <input_file_ref idref="fl-29"/>
      </object_component>
      <object_component id="oc-18">
         <name>.text:decompress:none:__TI_decompress_none</name>
         <load_address>0x5314</load_address>
         <run_address>0x5314</run_address>
         <size>0xe</size>
         <input_file_ref idref="fl-103"/>
      </object_component>
      <object_component id="oc-110">
         <name>.text:Board_init</name>
         <load_address>0x5322</load_address>
         <run_address>0x5322</run_address>
         <size>0xc</size>
         <input_file_ref idref="fl-2"/>
      </object_component>
      <object_component id="oc-96">
         <name>.text:CPU_cpsid</name>
         <load_address>0x532e</load_address>
         <run_address>0x532e</run_address>
         <size>0xc</size>
         <input_file_ref idref="fl-33"/>
      </object_component>
      <object_component id="oc-1e6">
         <name>.text:CPU_cpsie</name>
         <load_address>0x533a</load_address>
         <run_address>0x533a</run_address>
         <size>0xc</size>
         <input_file_ref idref="fl-33"/>
      </object_component>
      <object_component id="oc-864">
         <name>.text:ClockP_doTick</name>
         <load_address>0x5348</load_address>
         <run_address>0x5348</run_address>
         <size>0xc</size>
         <input_file_ref idref="fl-25"/>
      </object_component>
      <object_component id="oc-44e">
         <name>.text:Power_getConstraintMask</name>
         <load_address>0x5354</load_address>
         <run_address>0x5354</run_address>
         <size>0xc</size>
         <input_file_ref idref="fl-18"/>
      </object_component>
      <object_component id="oc-778">
         <name>.text:Power_getPerformanceLevel</name>
         <load_address>0x5360</load_address>
         <run_address>0x5360</run_address>
         <size>0xc</size>
         <input_file_ref idref="fl-18"/>
      </object_component>
      <object_component id="oc-855">
         <name>.text:TimerP_getFreq</name>
         <load_address>0x536c</load_address>
         <run_address>0x536c</run_address>
         <size>0xc</size>
         <input_file_ref idref="fl-26"/>
      </object_component>
      <object_component id="oc-84f">
[...]
         <object_component_ref idref="oc-837"/>
      </symbol>
      <symbol id="sm-91b">
         <name>SwiP_post</name>
         <value>0x3d25</value>
         <object_component_ref idref="oc-942"/>
      </symbol>
      <symbol id="sm-91c">
         <name>SwiP_dispatch</name>
         <value>0x3121</value>
         <object_component_ref idref="oc-9a3"/>
      </symbol>
      <symbol id="sm-995">
         <name>CS_setExternalClockSourceFrequency</name>
         <value>0x4ed1</value>
         <object_component_ref idref="oc-2ad"/>
      </symbol>
      <symbol id="sm-996">
         <name>CS_startHFXTWithTimeout</name>
         <value>0x25bd</value>
         <object_component_ref idref="oc-2b9"/>
      </symbol>
      <symbol id="sm-997">
         <name>CS_startLFXTWithTimeout</name>
         <value>0x2785</value>
         <object_component_ref idref="oc-2bf"/>
      </symbol>
      <symbol id="sm-9ad">
         <name>I2C_masterSendMultiByteFinish</name>
         <value>0x3aad</value>
         <object_component_ref idref="oc-8ac"/>
      </symbol>
      <symbol id="sm-a43">
         <name>Interrupt_disableMaster</name>
         <value>0x5239</value>
         <object_component_ref idref="oc-52"/>
      </symbol>
      <symbol id="sm-a44">
         <name>Interrupt_disableInterrupt</name>
         <value>0x3611</value>
         <object_component_ref idref="oc-885"/>
      </symbol>
      <symbol id="sm-a45">
         <name>Interrupt_unregisterInterrupt</name>
         <value>0x4f91</value>
         <object_component_ref idref="oc-88b"/>
      </symbol>
      <symbol id="sm-a46">
         <name>Interrupt_setPriority</name>
         <value>0x431d</value>
         <object_component_ref idref="oc-421"/>
      </symbol>
      <symbol id="sm-a47">
         <name>Interrupt_enableMaster</name>
         <value>0x5249</value>
         <object_component_ref idref="oc-19a"/>
      </symbol>
      <symbol id="sm-a48">
         <name>Interrupt_enableInterrupt</name>
         <value>0x3691</value>
         <object_component_ref idref="oc-427"/>
      </symbol>
      <symbol id="sm-a49">
         <name>Interrupt_registerInterrupt</name>
         <value>0x40b1</value>
         <object_component_ref idref="oc-41b"/>
      </symbol>
      <symbol id="sm-a4a">
         <name>g_pfnRAMVectors</name>
         <value>0x20008c00</value>
         <object_component_ref idref="oc-5bc"/>
      </symbol>
      <symbol id="sm-a4b">
         <name>Interrupt_pendInterrupt</name>
         <value>0x3c55</value>
         <object_component_ref idref="oc-739"/>
      </symbol>
      <symbol id="sm-a58">
         <name>SysCtl_getNMISourceStatus</name>
         <value>0x52b9</value>
         <object_component_ref idref="oc-732"/>
      </symbol>
      <symbol id="sm-a78">
         <name>SysCtl_A_enableNMISource</name>
         <value>0x50c9</value>
         <object_component_ref idref="oc-3e9"/>
      </symbol>
      <symbol id="sm-a79">
         <name>SysCtl_A_getNMISourceStatus</name>
         <value>0x52a9</value>
         <object_component_ref idref="oc-3d7"/>
      </symbol>
      <symbol id="sm-a7a">
         <name>SysCtl_A_disableNMISource</name>
         <value>0x50b1</value>
         <object_component_ref idref="oc-3dd"/>
      </symbol>
      <symbol id="sm-a8d">
         <name>CPU_cpsie</name>
         <value>0x533b</value>
         <object_component_ref idref="oc-1e6"/>
      </symbol>
      <symbol id="sm-a8e">
         <name>CPU_cpsid</name>
         <value>0x532f</value>
         <object_component_ref idref="oc-96"/>
      </symbol>
      <symbol id="sm-aba">
         <name>printf</name>
         <value>0x3e5d</value>
         <object_component_ref idref="oc-1f9"/>
      </symbol>
      <symbol id="sm-c24">
         <name>__TI_printfi</name>
         <value>0x145</value>
         <object_component_ref idref="oc-342"/>
      </symbol>
      <symbol id="sm-c39">
         <name>putc</name>
         <value>0x32f1</value>
         <object_component_ref idref="oc-56e"/>
      </symbol>
      <symbol id="sm-c3a">
         <name>fputc</name>
         <value>0x32f1</value>
         <object_component_ref idref="oc-56e"/>
      </symbol>
      <symbol id="sm-c5d">
         <name>fputs</name>
         <value>0x20ad</value>
         <object_component_ref idref="oc-567"/>
      </symbol>
      <symbol id="sm-c75">
         <name>__TI_wrt_ok</name>
         <value>0x3f8d</value>
         <object_component_ref idref="oc-6f4"/>
      </symbol>
      <symbol id="sm-c91">
         <name>setvbuf</name>
         <value>0x2a21</value>
         <object_component_ref idref="oc-815"/>
      </symbol>
      <symbol id="sm-cb3">
         <name>frexpl</name>
         <value>0x3ec5</value>
         <object_component_ref idref="oc-6c0"/>
      </symbol>
      <symbol id="sm-cb4">
         <name>frexp</name>
         <value>0x3ec5</value>
         <object_component_ref idref="oc-6c0"/>
      </symbol>
      <symbol id="sm-cd1">
         <name>scalbn</name>
         <value>0x21c1</value>
         <object_component_ref idref="oc-6c6"/>
      </symbol>
      <symbol id="sm-cd2">
         <name>scalbnl</name>
         <value>0x21c1</value>
         <object_component_ref idref="oc-6c6"/>
      </symbol>
      <symbol id="sm-cd3">
         <name>ldexpl</name>
         <value>0x21c1</value>
         <object_component_ref idref="oc-6c6"/>
      </symbol>
      <symbol id="sm-cd4">
         <name>ldexp</name>
         <value>0x21c1</value>
         <object_component_ref idref="oc-6c6"/>
      </symbol>
      <symbol id="sm-cee">
         <name>wcslen</name>
         <value>0x5207</value>
         <object_component_ref idref="oc-54b"/>
      </symbol>
      <symbol id="sm-d05">
         <name>__aeabi_dsub</name>
         <value>0x174d</value>
         <object_component_ref idref="oc-6a0"/>
      </symbol>
      <symbol id="sm-d06">
         <name>__aeabi_dadd</name>
         <value>0x1757</value>
         <object_component_ref idref="oc-6a0"/>
      </symbol>
      <symbol id="sm-d28">
         <name>__aeabi_cdcmpeq</name>
         <value>0x337d</value>
         <object_component_ref idref="oc-528"/>
      </symbol>
      <symbol id="sm-d29">
         <name>__aeabi_cdcmple</name>
         <value>0x337d</value>
         <object_component_ref idref="oc-528"/>
      </symbol>
      <symbol id="sm-d2a">
         <name>__aeabi_cdrcmple</name>
         <value>0x3403</value>
         <object_component_ref idref="oc-68b"/>
      </symbol>
      <symbol id="sm-d3e">
         <name>__aeabi_ddiv</name>
         <value>0x1d35</value>
         <object_component_ref idref="oc-686"/>
      </symbol>
      <symbol id="sm-d49">
         <name>__aeabi_dmul</name>
         <value>0x23d1</value>
         <object_component_ref idref="oc-681"/>
      </symbol>
      <symbol id="sm-d53">
         <name>__aeabi_d2iz</name>
         <value>0x4621</value>
         <object_component_ref idref="oc-690"/>
      </symbol>
      <symbol id="sm-d60">
         <name>__aeabi_i2d</name>
         <value>0x4c51</value>
         <object_component_ref idref="oc-69b"/>
      </symbol>
      <symbol id="sm-d7b">
         <name>memcpy</name>
         <value>0x31bd</value>
         <object_component_ref idref="oc-3a"/>
      </symbol>
      <symbol id="sm-d7c">
         <name>__aeabi_memcpy</name>
         <value>0x31bd</value>
         <object_component_ref idref="oc-3a"/>
      </symbol>
      <symbol id="sm-d7d">
         <name>__aeabi_memcpy8</name>
         <value>0x31bd</value>
         <object_component_ref idref="oc-3a"/>
      </symbol>
      <symbol id="sm-d7e">
         <name>__aeabi_memcpy4</name>
         <value>0x31bd</value>
         <object_component_ref idref="oc-3a"/>
      </symbol>
      <symbol id="sm-d8c">
         <name>__aeabi_uldivmod</name>
         <value>0x3259</value>
         <object_component_ref idref="oc-67a"/>
      </symbol>
      <symbol id="sm-d9b">
         <name>__aeabi_memset</name>
         <value>0x3713</value>
         <object_component_ref idref="oc-90"/>
      </symbol>
      <symbol id="sm-d9c">
         <name>memset</name>
         <value>0x3719</value>
         <object_component_ref idref="oc-90"/>
      </symbol>
      <symbol id="sm-d9d">
         <name>__aeabi_memset8</name>
         <value>0x3713</value>
         <object_component_ref idref="oc-90"/>
      </symbol>
      <symbol id="sm-d9e">
         <name>__aeabi_memset4</name>
         <value>0x3713</value>
         <object_component_ref idref="oc-90"/>
      </symbol>
      <symbol id="sm-d9f">
         <name>__aeabi_memclr8</name>
         <value>0x3711</value>
         <object_component_ref idref="oc-90"/>
      </symbol>
      <symbol id="sm-da0">
         <name>__aeabi_memclr4</name>
         <value>0x3711</value>
         <object_component_ref idref="oc-90"/>
      </symbol>
      <symbol id="sm-da1">
         <name>__aeabi_memclr</name>
         <value>0x3711</value>
         <object_component_ref idref="oc-90"/>
      </symbol>
      <symbol id="sm-db3">
         <name>__TI_zero_init</name>
         <value>0x5385</value>
         <object_component_ref idref="oc-4c"/>
      </symbol>
      <symbol id="sm-dca">
         <name>__TI_decompress_none</name>
         <value>0x5315</value>
         <object_component_ref idref="oc-18"/>
      </symbol>
      <symbol id="sm-ded">
         <name>__TI_decompress_lzss</name>
         <value>0x3d8d</value>
         <object_component_ref idref="oc-12"/>
      </symbol>
      <symbol id="sm-e13">
         <name>C$$EXIT</name>
         <value>0x53f1</value>
         <object_component_ref idref="oc-123"/>
      </symbol>
      <symbol id="sm-e14">
         <name>abort</name>
         <value>0x53f1</value>
         <object_component_ref idref="oc-123"/>
      </symbol>
      <symbol id="sm-e15">
         <name>__TI_dtors_ptr</name>
         <value>0x20008494</value>
         <object_component_ref idref="oc-1ab"/>
      </symbol>
      <symbol id="sm-e16">
         <name>__TI_cleanup_ptr</name>
         <value>0x20008490</value>
         <object_component_ref idref="oc-1ab"/>
      </symbol>
      <symbol id="sm-e17">
         <name>__TI_enable_exit_profile_output</name>
         <value>0x20008498</value>
         <object_component_ref idref="oc-1ab"/>
      </symbol>
      <symbol id="sm-e18">
         <name>exit</name>
         <value>0x4591</value>
         <object_component_ref idref="oc-129"/>
      </symbol>
      <symbol id="sm-e2d">
         <name>_nop</name>
         <value>0x378b</value>
         <object_component_ref idref="oc-26c"/>
      </symbol>
      <symbol id="sm-e2e">
         <name>_lock</name>
         <value>0x200084a8</value>
         <object_component_ref idref="oc-1ae"/>
      </symbol>
      <symbol id="sm-e2f">
         <name>_unlock</name>
         <value>0x200084ac</value>
         <object_component_ref idref="oc-1ae"/>
      </symbol>
      <symbol id="sm-e3e">
         <name>__TI_ltoa</name>
         <value>0x4371</value>
         <object_component_ref idref="oc-695"/>
      </symbol>
      <symbol id="sm-e54">
         <name>atoi</name>
         <value>0x44b5</value>
         <object_component_ref idref="oc-51c"/>
      </symbol>
      <symbol id="sm-e5f">
         <name>_ctypes_</name>
         <value>0x53f4</value>
         <object_component_ref idref="oc-675"/>
      </symbol>
      <symbol id="sm-e74">
         <name>__TI_tmpnams</name>
         <value>0x200086b0</value>
      </symbol>
      <symbol id="sm-e75">
         <name>__aeabi_stdout</name>
         <value>0x20008488</value>
         <object_component_ref idref="oc-967"/>
      </symbol>
      <symbol id="sm-e76">
         <name>__aeabi_stderr</name>
         <value>0x2000848c</value>
         <object_component_ref idref="oc-967"/>
      </symbol>
      <symbol id="sm-e77">
         <name>__aeabi_stdin</name>
         <value>0x20008484</value>
         <object_component_ref idref="oc-967"/>
      </symbol>
      <symbol id="sm-e78">
         <name>_ftable</name>
         <value>0x20008280</value>
         <object_component_ref idref="oc-348"/>
      </symbol>
      <symbol id="sm-e79">
         <name>__TI_ft_end</name>
         <value>0x20008480</value>
         <object_component_ref idref="oc-967"/>
      </symbol>
      <symbol id="sm-e89">
         <name>memccpy</name>
         <value>0x4fe5</value>
         <object_component_ref idref="oc-545"/>
      </symbol>
      <symbol id="sm-e99">
         <name>memchr</name>
         <value>0x4f71</value>
         <object_component_ref idref="oc-6fa"/>
      </symbol>
      <symbol id="sm-f22">
         <name>_sys_memory</name>
         <value>0x20000000</value>
         <object_component_ref idref="oc-29"/>
      </symbol>
      <symbol id="sm-f23">
         <name>free</name>
         <value>0x26a1</value>
         <object_component_ref idref="oc-2e3"/>
      </symbol>
      <symbol id="sm-f24">
         <name>memalign</name>
         <value>0x22d1</value>
         <object_component_ref idref="oc-414"/>
      </symbol>
      <symbol id="sm-f25">
         <name>malloc</name>
         <value>0x53b5</value>
         <object_component_ref idref="oc-2d7"/>
      </symbol>
      <symbol id="sm-f26">
         <name>aligned_alloc</name>
         <value>0x22d1</value>
         <object_component_ref idref="oc-414"/>
      </symbol>
      <symbol id="sm-f36">
         <name>strchr</name>
         <value>0x5155</value>
         <object_component_ref idref="oc-6cc"/>
      </symbol>
      <symbol id="sm-f44">
         <name>strlen</name>
         <value>0x51bd</value>
         <object_component_ref idref="oc-516"/>
      </symbol>
      <symbol id="sm-f5b">
         <name>__aeabi_errno_addr</name>
         <value>0x53a5</value>
         <object_component_ref idref="oc-551"/>
      </symbol>
      <symbol id="sm-f5c">
         <name>errno</name>
         <value>0x200084e0</value>
         <object_component_ref idref="oc-6dc"/>
      </symbol>
      <symbol id="sm-f6f">
         <name>__stack</name>
         <value>0x2000f000</value>
         <object_component_ref idref="oc-2c"/>
      </symbol>
      <symbol id="sm-f70">
         <name>_c_int00_noargs</name>
         <value>0x4b8d</value>
         <object_component_ref idref="oc-a8"/>
      </symbol>
      <symbol id="sm-f85">
         <name>write</name>
         <value>0x4dcd</value>
         <object_component_ref idref="oc-706"/>
      </symbol>
      <symbol id="sm-f96">
         <name>_stream</name>
         <value>0x200083e8</value>
         <object_component_ref idref="oc-821"/>
      </symbol>
      <symbol id="sm-f97">
         <name>_device</name>
         <value>0x20008370</value>
         <object_component_ref idref="oc-8e1"/>
      </symbol>
      <symbol id="sm-fa7">
         <name>__TI_doflush</name>
         <value>0x4469</value>
         <object_component_ref idref="oc-700"/>
      </symbol>
      <symbol id="sm-fb7">
         <name>__TI_cleanup</name>
         <value>0x4b25</value>
         <object_component_ref idref="oc-8ce"/>
      </symbol>
      <symbol id="sm-fc9">
         <name>fseek</name>
         <value>0x3f29</value>
         <object_component_ref idref="oc-80f"/>
      </symbol>
      <symbol id="sm-fd3">
         <name>copysign</name>
         <value>0x5035</value>
         <object_component_ref idref="oc-7f3"/>
      </symbol>
      <symbol id="sm-fd4">
         <name>copysignl</name>
         <value>0x5035</value>
         <object_component_ref idref="oc-7f3"/>
      </symbol>
      <symbol id="sm-fe1">
         <name>__aeabi_idiv0</name>
         <value>0x49cf</value>
         <object_component_ref idref="oc-7da"/>
      </symbol>
      <symbol id="sm-fe2">
         <name>__aeabi_ldiv0</name>
         <value>0x49cf</value>
         <object_component_ref idref="oc-7da"/>
      </symbol>
      <symbol id="sm-100a">
         <name>__TI_auto_init_nobinit_nopinit</name>
         <value>0x4801</value>
         <object_component_ref idref="oc-12f"/>
      </symbol>
      <symbol id="sm-1014">
         <name>_system_pre_init</name>
         <value>0x53ed</value>
         <object_component_ref idref="oc-f0"/>
      </symbol>
      <symbol id="sm-1027">
         <name>HOSTclose</name>
         <value>0x4669</value>
         <object_component_ref idref="oc-973"/>
      </symbol>
      <symbol id="sm-1038">
         <name>HOSTlseek</name>
         <value>0x3bed</value>
         <object_component_ref idref="oc-985"/>
      </symbol>
      <symbol id="sm-104a">
         <name>parmbuf</name>
         <value>0x200088a8</value>
      </symbol>
      <symbol id="sm-104b">
         <name>HOSTopen</name>
         <value>0x4051</value>
         <object_component_ref idref="oc-96d"/>
      </symbol>
      <symbol id="sm-105c">
         <name>HOSTread</name>
         <value>0x4169</value>
         <object_component_ref idref="oc-979"/>
      </symbol>
      <symbol id="sm-106d">
         <name>HOSTrename</name>
         <value>0x3a41</value>
         <object_component_ref idref="oc-991"/>
      </symbol>
      <symbol id="sm-107e">
         <name>HOSTunlink</name>
         <value>0x46ad</value>
         <object_component_ref idref="oc-98b"/>
      </symbol>
      <symbol id="sm-108f">
         <name>HOSTwrite</name>
         <value>0x41c1</value>
         <object_component_ref idref="oc-97f"/>
      </symbol>
      <symbol id="sm-10b3">
         <name>__TI_readmsg</name>
         <value>0x4b59</value>
         <object_component_ref idref="oc-9e2"/>
      </symbol>
      <symbol id="sm-10b4">
         <name>C$$IO$$</name>
         <value>0x4a73</value>
         <object_component_ref idref="oc-9dc"/>
      </symbol>
      <symbol id="sm-10b5">
         <name>__CIOBUF_</name>
         <value>0x200084f0</value>
         <object_component_ref idref="oc-a1f"/>
      </symbol>
      <symbol id="sm-10b6">
         <name>__TI_writemsg</name>
         <value>0x4a45</value>
         <object_component_ref idref="oc-9dc"/>
      </symbol>
      <symbol id="sm-10c7">
         <name>lseek</name>
         <value>0x4da5</value>
         <object_component_ref idref="oc-8c6"/>
      </symbol>
      <symbol id="sm-10dc">
         <name>__TI_closefile</name>
         <value>0x387d</value>
         <object_component_ref idref="oc-961"/>
      </symbol>
      <symbol id="sm-10ff">
         <name>finddevice</name>
         <value>0x4bf1</value>
         <object_component_ref idref="oc-a40"/>
      </symbol>
      <symbol id="sm-1100">
         <name>getdevice</name>
         <value>0x4845</value>
         <object_component_ref idref="oc-a15"/>
      </symbol>
      <symbol id="sm-110f">
         <name>strcmp</name>
         <value>0x5111</value>
         <object_component_ref idref="oc-a57"/>
      </symbol>
      <symbol id="sm-111d">
         <name>strcpy</name>
         <value>0x51a9</value>
         <object_component_ref idref="oc-9f6"/>
      </symbol>
      <symbol id="sm-112d">
         <name>strncpy</name>
         <value>0x4aed</value>
         <object_component_ref idref="oc-a3a"/>
      </symbol>
      <symbol id="sm-1142">
         <name>close</name>
         <value>0x410d</value>
         <object_component_ref idref="oc-9cb"/>
      </symbol>
      <symbol id="sm-1152">
         <name>unlink</name>
         <value>0x4cad</value>
         <object_component_ref idref="oc-9d1"/>
      </symbol>
      <symbol id="sm-1153">
         <name>__TI_static_base__</name>
         <value>0x5658</value>
      </symbol>
      <symbol id="sm-1156">
         <name>__mpu_init</name>
         <value>0x0</value>
      </symbol>
      <symbol id="sm-1157">
         <name>_system_post_cinit</name>
         <value>0x0</value>
      </symbol>
      <symbol id="sm-1158">
         <name>NoRTOS_start</name>
         <value>0x53cd</value>
      </symbol>
      <symbol id="sm-1159">
         <name>remove</name>
         <value>0x4cad</value>
      </symbol>
   </symbol_table>
   <title>Link successful</title>
</link_info>
