******************************************************************************
                  TI ARM Linker PC v20.2.5                     
******************************************************************************
>> Linked Thu Dec  2 16:14:53 2021

OUTPUT FILE NAME:   <i2c_master_rw_repeated_start_single_byte-master_code_MSP_EXP432P401R_nortos_ccs.out>
ENTRY POINT SYMBOL: "_c_int00_noargs"  address: 000003e9


MEMORY CONFIGURATION

         name            origin    length      used     unused   attr    fill
----------------------  --------  ---------  --------  --------  ----  --------
  MAIN                  00000000   00040000  0000058a  0003fa76  R  X
  INFO                  00200000   00004000  00000000  00004000  R  X
  SRAM_CODE             01000000   00010000  00000204  0000fdfc  RW X
  SRAM_DATA             20000000   00010000  00000204  0000fdfc  RW  


SEGMENT ALLOCATION MAP

run origin  load origin   length   init length attrs members
----------  ----------- ---------- ----------- ----- -------
00000000    00000000    0000058c   0000058c    r-x
  00000000    00000000    000000e4   000000e4    r-- .intvecs
  000000e4    000000e4    0000046e   0000046e    r-x .text
  00000554    00000554    00000024   00000024    r-- .const
  00000578    00000578    00000014   00000014    r-- .cinit
20000000    20000000    00000004   00000000    rw-
  20000000    20000000    00000004   00000000    rw- .bss
2000fe00    2000fe00    00000200   00000000    rw-
  2000fe00    2000fe00    00000200   00000000    rw- .stack


SECTION ALLOCATION MAP

 output                                  attributes/
section   page    origin      length       input sections
--------  ----  ----------  ----------   ----------------
.intvecs   0    00000000    000000e4     
                  00000000    000000e4     startup_msp432p401r_ccs.obj (.intvecs:retain)

.text      0    000000e4    0000046e     
                  000000e4    000000a4     i2c_master_repeated_start_singlebyte_master.obj (.text:i2c_lcd_init)
                  00000188    000000a4     lcd.obj (.text:lcd_init)
                  0000022c    00000078     system_msp432p401r.obj (.text:SystemInit)
                  000002a4    00000044     rtsv7M4_T_le_v4SPD16_eabi.lib : autoinit.c.obj (.text:__TI_auto_init_nobinit_nopinit:__TI_auto_init_nobinit_nopinit)
                  000002e8    00000044     lcd.obj (.text:i2c_write)
                  0000032c    00000042     lcd.obj (.text:lcd_send)
                  0000036e    00000002     startup_msp432p401r_ccs.obj (.text:Default_Handler)
                  00000370    0000003e     lcd.obj (.text:lcd_i2c_init)
                  000003ae    00000002     --HOLE-- [fill = 0]
                  000003b0    00000038     lcd.obj (.text:lcd_set_cursor)
                  000003e8    00000034     rtsv7M4_T_le_v4SPD16_eabi.lib : boot_cortex_m.c.obj (.text:_c_int00_noargs:_c_int00_noargs)
                  0000041c    00000030     lcd.obj (.text:delay_ms)
                  0000044c    0000002c     lcd.obj (.text:pulse_enable)
                  00000478    00000022     lcd.obj (.text:lcd_print)
                  0000049a    00000002     --HOLE-- [fill = 0]
                  0000049c    00000020     lcd.obj (.text:lcd_display)
                  000004bc    0000001c     rtsv7M4_T_le_v4SPD16_eabi.lib : copy_zero_init.c.obj (.text:decompress:ZI:__TI_zero_init_nomemset:__TI_zero_init_nomemset)
                  000004d8    0000001c     i2c_master_repeated_start_singlebyte_master.obj (.text:main)
                  000004f4    00000018     lcd.obj (.text:lcd_4bit_write)
                  0000050c    00000012     lcd.obj (.text:lcd_cmd)
                  0000051e    00000010     lcd.obj (.text:lcd_clear)
                  0000052e    00000010     lcd.obj (.text:lcd_home)
                  0000053e    0000000c     startup_msp432p401r_ccs.obj (.text:Reset_Handler)
                  0000054a    00000004     rtsv7M4_T_le_v4SPD16_eabi.lib : pre_init.c.obj (.text:_system_pre_init)
                  0000054e    00000004                                   : exit.c.obj (.text:abort:abort)

.const     0    00000554    00000024     
                  00000554    00000014     i2c_master_repeated_start_singlebyte_master.obj (.const:i2cConfig)
                  00000568    00000010     lcd.obj (.const:$P$T0$1)

.cinit     0    00000578    00000014     
                  00000578    00000008     (.cinit..bss.load) [load image, compression = zero_init]
                  00000580    00000004     (__TI_handler_table)
                  00000584    00000008     (__TI_cinit_table)

.init_array 
*          0    00000000    00000000     UNINITIALIZED

.binit     0    00000000    00000000     

.bss       0    20000000    00000004     UNINITIALIZED
                  20000000    00000001     (.common:backlight_val)
                  20000001    00000001     (.common:display_control)
                  20000002    00000001     (.common:display_func)
                  20000003    00000001     (.common:display_mode)

.stack     0    2000fe00    00000200     UNINITIALIZED
                  2000fe00    00000004     rtsv7M4_T_le_v4SPD16_eabi.lib : boot_cortex_m.c.obj (.stack)
                  2000fe04    000001fc     --HOLE--

__llvm_prf_cnts 
*          0    20000000    00000000     UNINITIALIZED

MODULE SUMMARY

       Module                                            code   ro data   rw data
       ------                                            ----   -------   -------
    .\
       lcd.obj                                           648    16        8      
       i2c_master_repeated_start_singlebyte_master.obj   192    20        0      
       system_msp432p401r.obj                            120    0         0      
    +--+-------------------------------------------------+------+---------+---------+
       Total:                                            960    36        8      
                                                                                 
    .\ccs\
       startup_msp432p401r_ccs.obj                       14     228       0      
    +--+-------------------------------------------------+------+---------+---------+
       Total:                                            14     228       0      
                                                                                 
    C:\ti\ccs1040\ccs\tools\compiler\ti-cgt-arm_20.2.5.LTS\lib\rtsv7M4_T_le_v4SPD16_eabi.lib
       autoinit.c.obj                                    68     0         0      
       boot_cortex_m.c.obj                               52     0         0      
       copy_zero_init.c.obj                              28     0         0      
       exit.c.obj                                        4      0         0      
       pre_init.c.obj                                    4      0         0      
    +--+-------------------------------------------------+------+---------+---------+
       Total:                                            156    0         0      
                                                                                 
       Stack:                                            0      0         1024   
       Linker Generated:                                 0      20        0      
    +--+-------------------------------------------------+------+---------+---------+
       Grand Total:                                      1130   284       1032   


LINKER GENERATED COPY TABLES

__TI_cinit_table @ 00000584 records: 1, size/record: 8, table size: 8
	.bss: load addr=00000578, load size=00000008 bytes, run addr=20000000, run size=00000004 bytes, compression=zero_init


LINKER GENERATED HANDLER TABLE

__TI_handler_table @ 00000580 records: 1, size/record: 4, table size: 4
	index: 0, handler: __TI_zero_init


GLOBAL SYMBOLS: SORTED ALPHABETICALLY BY Name 

address   name                          
-------   ----                          
0000036f  ADC14_IRQHandler              
0000036f  AES256_IRQHandler             
0000036f  BusFault_Handler              
0000054f  C$$EXIT                       
0000036f  COMP_E0_IRQHandler            
0000036f  COMP_E1_IRQHandler            
0000036f  CS_IRQHandler                 
0000036f  DMA_ERR_IRQHandler            
0000036f  DMA_INT0_IRQHandler           
0000036f  DMA_INT1_IRQHandler           
0000036f  DMA_INT2_IRQHandler           
0000036f  DMA_INT3_IRQHandler           
0000036f  DebugMon_Handler              
0000036f  Default_Handler               
0000036f  EUSCIA0_IRQHandler            
0000036f  EUSCIA1_IRQHandler            
0000036f  EUSCIA2_IRQHandler            
0000036f  EUSCIA3_IRQHandler            
0000036f  EUSCIB0_IRQHandler            
0000036f  EUSCIB1_IRQHandler            
0000036f  EUSCIB2_IRQHandler            
0000036f  EUSCIB3_IRQHandler            
0000036f  FLCTL_IRQHandler              
0000036f  FPU_IRQHandler                
0000036f  HardFault_Handler             
0000036f  MemManage_Handler             
0000036f  NMI_Handler                   
0000036f  PCM_IRQHandler                
0000036f  PORT1_IRQHandler              
0000036f  PORT2_IRQHandler              
0000036f  PORT3_IRQHandler              
0000036f  PORT4_IRQHandler              
0000036f  PORT5_IRQHandler              
0000036f  PORT6_IRQHandler              
0000036f  PSS_IRQHandler                
0000036f  PendSV_Handler                
0000036f  RTC_C_IRQHandler              
0000053f  Reset_Handler                 
0000036f  SVC_Handler                   
0000036f  SysTick_Handler               
0000022d  SystemInit                    
0000036f  T32_INT1_IRQHandler           
0000036f  T32_INT2_IRQHandler           
0000036f  T32_INTC_IRQHandler           
0000036f  TA0_0_IRQHandler              
0000036f  TA0_N_IRQHandler              
0000036f  TA1_0_IRQHandler              
0000036f  TA1_N_IRQHandler              
0000036f  TA2_0_IRQHandler              
0000036f  TA2_N_IRQHandler              
0000036f  TA3_0_IRQHandler              
0000036f  TA3_N_IRQHandler              
0000036f  UsageFault_Handler            
4000480c  WDTCTL_SYM                    
0000036f  WDT_A_IRQHandler              
20010000  __STACK_END                   
00000200  __STACK_SIZE                  
00000584  __TI_CINIT_Base               
0000058c  __TI_CINIT_Limit              
00000580  __TI_Handler_Table_Base       
00000584  __TI_Handler_Table_Limit      
000002a5  __TI_auto_init_nobinit_nopinit
ffffffff  __TI_pprof_out_hndl           
ffffffff  __TI_prof_data_size           
ffffffff  __TI_prof_data_start          
00000000  __TI_static_base__            
000004bd  __TI_zero_init_nomemset       
ffffffff  __binit__                     
ffffffff  __c_args__                    
UNDEFED   __mpu_init                    
2000fe00  __stack                       
20000000  __start___llvm_prf_cnts       
20000000  __stop___llvm_prf_cnts        
000003e9  _c_int00_noargs               
UNDEFED   _system_post_cinit            
0000054b  _system_pre_init              
0000054f  abort                         
20000000  backlight_val                 
ffffffff  binit                         
0000041d  delay_ms                      
20000001  display_control               
20000002  display_func                  
20000003  display_mode                  
00000554  i2cConfig                     
000002e9  i2c_write                     
00000000  interruptVectors              
000004f5  lcd_4bit_write                
0000051f  lcd_clear                     
0000050d  lcd_cmd                       
0000049d  lcd_display                   
0000052f  lcd_home                      
00000371  lcd_i2c_init                  
00000189  lcd_init                      
00000479  lcd_print                     
0000032d  lcd_send                      
000003b1  lcd_set_cursor                
000004d9  main                          
0000044d  pulse_enable                  


GLOBAL SYMBOLS: SORTED BY Symbol Address 

address   name                          
-------   ----                          
00000000  __TI_static_base__            
00000000  interruptVectors              
00000189  lcd_init                      
00000200  __STACK_SIZE                  
0000022d  SystemInit                    
000002a5  __TI_auto_init_nobinit_nopinit
000002e9  i2c_write                     
0000032d  lcd_send                      
0000036f  ADC14_IRQHandler              
0000036f  AES256_IRQHandler             
0000036f  BusFault_Handler              
0000036f  COMP_E0_IRQHandler            
0000036f  COMP_E1_IRQHandler            
0000036f  CS_IRQHandler                 
0000036f  DMA_ERR_IRQHandler            
0000036f  DMA_INT0_IRQHandler           
0000036f  DMA_INT1_IRQHandler           
0000036f  DMA_INT2_IRQHandler           
0000036f  DMA_INT3_IRQHandler           
0000036f  DebugMon_Handler              
0000036f  Default_Handler               
0000036f  EUSCIA0_IRQHandler            
0000036f  EUSCIA1_IRQHandler            
0000036f  EUSCIA2_IRQHandler            
0000036f  EUSCIA3_IRQHandler            
0000036f  EUSCIB0_IRQHandler            
0000036f  EUSCIB1_IRQHandler            
0000036f  EUSCIB2_IRQHandler            
0000036f  EUSCIB3_IRQHandler            
0000036f  FLCTL_IRQHandler              
0000036f  FPU_IRQHandler                
0000036f  HardFault_Handler             
0000036f  MemManage_Handler             
0000036f  NMI_Handler                   
0000036f  PCM_IRQHandler                
0000036f  PORT1_IRQHandler              
0000036f  PORT2_IRQHandler              
0000036f  PORT3_IRQHandler              
0000036f  PORT4_IRQHandler              
0000036f  PORT5_IRQHandler              
0000036f  PORT6_IRQHandler              
0000036f  PSS_IRQHandler                
0000036f  PendSV_Handler                
0000036f  RTC_C_IRQHandler              
0000036f  SVC_Handler                   
0000036f  SysTick_Handler               
0000036f  T32_INT1_IRQHandler           
0000036f  T32_INT2_IRQHandler           
0000036f  T32_INTC_IRQHandler           
0000036f  TA0_0_IRQHandler              
0000036f  TA0_N_IRQHandler              
0000036f  TA1_0_IRQHandler              
0000036f  TA1_N_IRQHandler              
0000036f  TA2_0_IRQHandler              
0000036f  TA2_N_IRQHandler              
0000036f  TA3_0_IRQHandler              
0000036f  TA3_N_IRQHandler              
0000036f  UsageFault_Handler            
0000036f  WDT_A_IRQHandler              
00000371  lcd_i2c_init                  
000003b1  lcd_set_cursor                
000003e9  _c_int00_noargs               
0000041d  delay_ms                      
0000044d  pulse_enable                  
00000479  lcd_print                     
0000049d  lcd_display                   
000004bd  __TI_zero_init_nomemset       
000004d9  main                          
000004f5  lcd_4bit_write                
0000050d  lcd_cmd                       
0000051f  lcd_clear                     
0000052f  lcd_home                      
0000053f  Reset_Handler                 
0000054b  _system_pre_init              
0000054f  C$$EXIT                       
0000054f  abort                         
00000554  i2cConfig                     
00000580  __TI_Handler_Table_Base       
00000584  __TI_CINIT_Base               
00000584  __TI_Handler_Table_Limit      
0000058c  __TI_CINIT_Limit              
20000000  __start___llvm_prf_cnts       
20000000  __stop___llvm_prf_cnts        
20000000  backlight_val                 
20000001  display_control               
20000002  display_func                  
20000003  display_mode                  
2000fe00  __stack                       
20010000  __STACK_END                   
4000480c  WDTCTL_SYM                    
ffffffff  __TI_pprof_out_hndl           
ffffffff  __TI_prof_data_size           
ffffffff  __TI_prof_data_start          
ffffffff  __binit__                     
ffffffff  __c_args__                    
ffffffff  binit                         
UNDEFED   __mpu_init                    
UNDEFED   _system_post_cinit            

[98 symbols]
